<!doctype html public "-//w3c//dtd html 4.0 transitional//en">
<html><head>
<title>Static Call Graph - [..\OBJ\REMOTE.axf]</title></head>
<body><HR>
<H1>Static Call Graph for image ..\OBJ\REMOTE.axf</H1><HR>
<BR><P>#&#060CALLGRAPH&#062# ARM Linker, 5050106: Last Updated: Fri Feb 24 17:23:46 2017
<BR><P>
<H3>Maximum Stack Usage =        416 bytes + Unknown(Cycles, Untraceable Function Pointers)</H3><H3>
Call chain for Maximum Stack Depth:</H3>
main &rArr; RobotGetPos &rArr; mpu_dmp_get_data &rArr; atan2 &rArr; atan &rArr; __kernel_poly &rArr; __aeabi_dmul &rArr; _double_epilogue &rArr; _double_round
<P>
<H3>
Mutually Recursive functions
</H3> <LI><a href="#[1c]">ADC1_2_IRQHandler</a>&nbsp;&nbsp;&nbsp;&rArr;&nbsp;&nbsp;&nbsp;<a href="#[1c]">ADC1_2_IRQHandler</a><BR>
</UL>
<P>
<H3>
Function Pointers
</H3><UL>
 <LI><a href="#[1c]">ADC1_2_IRQHandler</a> from startup_stm32f10x_hd.o(.text) referenced from startup_stm32f10x_hd.o(RESET)
 <LI><a href="#[39]">ADC3_IRQHandler</a> from startup_stm32f10x_hd.o(.text) referenced from startup_stm32f10x_hd.o(RESET)
 <LI><a href="#[4]">BusFault_Handler</a> from stm32f10x_it.o(.text) referenced from startup_stm32f10x_hd.o(RESET)
 <LI><a href="#[1f]">CAN1_RX1_IRQHandler</a> from startup_stm32f10x_hd.o(.text) referenced from startup_stm32f10x_hd.o(RESET)
 <LI><a href="#[20]">CAN1_SCE_IRQHandler</a> from startup_stm32f10x_hd.o(.text) referenced from startup_stm32f10x_hd.o(RESET)
 <LI><a href="#[15]">DMA1_Channel1_IRQHandler</a> from startup_stm32f10x_hd.o(.text) referenced from startup_stm32f10x_hd.o(RESET)
 <LI><a href="#[16]">DMA1_Channel2_IRQHandler</a> from startup_stm32f10x_hd.o(.text) referenced from startup_stm32f10x_hd.o(RESET)
 <LI><a href="#[17]">DMA1_Channel3_IRQHandler</a> from startup_stm32f10x_hd.o(.text) referenced from startup_stm32f10x_hd.o(RESET)
 <LI><a href="#[18]">DMA1_Channel4_IRQHandler</a> from startup_stm32f10x_hd.o(.text) referenced from startup_stm32f10x_hd.o(RESET)
 <LI><a href="#[19]">DMA1_Channel5_IRQHandler</a> from startup_stm32f10x_hd.o(.text) referenced from startup_stm32f10x_hd.o(RESET)
 <LI><a href="#[1a]">DMA1_Channel6_IRQHandler</a> from startup_stm32f10x_hd.o(.text) referenced from startup_stm32f10x_hd.o(RESET)
 <LI><a href="#[1b]">DMA1_Channel7_IRQHandler</a> from startup_stm32f10x_hd.o(.text) referenced from startup_stm32f10x_hd.o(RESET)
 <LI><a href="#[42]">DMA2_Channel1_IRQHandler</a> from startup_stm32f10x_hd.o(.text) referenced from startup_stm32f10x_hd.o(RESET)
 <LI><a href="#[43]">DMA2_Channel2_IRQHandler</a> from startup_stm32f10x_hd.o(.text) referenced from startup_stm32f10x_hd.o(RESET)
 <LI><a href="#[44]">DMA2_Channel3_IRQHandler</a> from startup_stm32f10x_hd.o(.text) referenced from startup_stm32f10x_hd.o(RESET)
 <LI><a href="#[45]">DMA2_Channel4_5_IRQHandler</a> from startup_stm32f10x_hd.o(.text) referenced from startup_stm32f10x_hd.o(RESET)
 <LI><a href="#[7]">DebugMon_Handler</a> from stm32f10x_it.o(.text) referenced from startup_stm32f10x_hd.o(RESET)
 <LI><a href="#[10]">EXTI0_IRQHandler</a> from startup_stm32f10x_hd.o(.text) referenced from startup_stm32f10x_hd.o(RESET)
 <LI><a href="#[32]">EXTI15_10_IRQHandler</a> from startup_stm32f10x_hd.o(.text) referenced from startup_stm32f10x_hd.o(RESET)
 <LI><a href="#[11]">EXTI1_IRQHandler</a> from startup_stm32f10x_hd.o(.text) referenced from startup_stm32f10x_hd.o(RESET)
 <LI><a href="#[12]">EXTI2_IRQHandler</a> from startup_stm32f10x_hd.o(.text) referenced from startup_stm32f10x_hd.o(RESET)
 <LI><a href="#[13]">EXTI3_IRQHandler</a> from startup_stm32f10x_hd.o(.text) referenced from startup_stm32f10x_hd.o(RESET)
 <LI><a href="#[14]">EXTI4_IRQHandler</a> from startup_stm32f10x_hd.o(.text) referenced from startup_stm32f10x_hd.o(RESET)
 <LI><a href="#[21]">EXTI9_5_IRQHandler</a> from motor.o(.text) referenced from startup_stm32f10x_hd.o(RESET)
 <LI><a href="#[e]">FLASH_IRQHandler</a> from startup_stm32f10x_hd.o(.text) referenced from startup_stm32f10x_hd.o(RESET)
 <LI><a href="#[3a]">FSMC_IRQHandler</a> from startup_stm32f10x_hd.o(.text) referenced from startup_stm32f10x_hd.o(RESET)
 <LI><a href="#[2]">HardFault_Handler</a> from stm32f10x_it.o(.text) referenced from startup_stm32f10x_hd.o(RESET)
 <LI><a href="#[2a]">I2C1_ER_IRQHandler</a> from startup_stm32f10x_hd.o(.text) referenced from startup_stm32f10x_hd.o(RESET)
 <LI><a href="#[29]">I2C1_EV_IRQHandler</a> from startup_stm32f10x_hd.o(.text) referenced from startup_stm32f10x_hd.o(RESET)
 <LI><a href="#[2c]">I2C2_ER_IRQHandler</a> from startup_stm32f10x_hd.o(.text) referenced from startup_stm32f10x_hd.o(RESET)
 <LI><a href="#[2b]">I2C2_EV_IRQHandler</a> from startup_stm32f10x_hd.o(.text) referenced from startup_stm32f10x_hd.o(RESET)
 <LI><a href="#[3]">MemManage_Handler</a> from stm32f10x_it.o(.text) referenced from startup_stm32f10x_hd.o(RESET)
 <LI><a href="#[1]">NMI_Handler</a> from stm32f10x_it.o(.text) referenced from startup_stm32f10x_hd.o(RESET)
 <LI><a href="#[b]">PVD_IRQHandler</a> from startup_stm32f10x_hd.o(.text) referenced from startup_stm32f10x_hd.o(RESET)
 <LI><a href="#[8]">PendSV_Handler</a> from stm32f10x_it.o(.text) referenced from startup_stm32f10x_hd.o(RESET)
 <LI><a href="#[f]">RCC_IRQHandler</a> from startup_stm32f10x_hd.o(.text) referenced from startup_stm32f10x_hd.o(RESET)
 <LI><a href="#[33]">RTCAlarm_IRQHandler</a> from startup_stm32f10x_hd.o(.text) referenced from startup_stm32f10x_hd.o(RESET)
 <LI><a href="#[d]">RTC_IRQHandler</a> from startup_stm32f10x_hd.o(.text) referenced from startup_stm32f10x_hd.o(RESET)
 <LI><a href="#[0]">Reset_Handler</a> from startup_stm32f10x_hd.o(.text) referenced from startup_stm32f10x_hd.o(RESET)
 <LI><a href="#[3b]">SDIO_IRQHandler</a> from startup_stm32f10x_hd.o(.text) referenced from startup_stm32f10x_hd.o(RESET)
 <LI><a href="#[2d]">SPI1_IRQHandler</a> from startup_stm32f10x_hd.o(.text) referenced from startup_stm32f10x_hd.o(RESET)
 <LI><a href="#[2e]">SPI2_IRQHandler</a> from startup_stm32f10x_hd.o(.text) referenced from startup_stm32f10x_hd.o(RESET)
 <LI><a href="#[3d]">SPI3_IRQHandler</a> from startup_stm32f10x_hd.o(.text) referenced from startup_stm32f10x_hd.o(RESET)
 <LI><a href="#[6]">SVC_Handler</a> from stm32f10x_it.o(.text) referenced from startup_stm32f10x_hd.o(RESET)
 <LI><a href="#[9]">SysTick_Handler</a> from stm32f10x_it.o(.text) referenced from startup_stm32f10x_hd.o(RESET)
 <LI><a href="#[47]">SystemInit</a> from system_stm32f10x.o(.text) referenced from startup_stm32f10x_hd.o(.text)
 <LI><a href="#[c]">TAMPER_IRQHandler</a> from startup_stm32f10x_hd.o(.text) referenced from startup_stm32f10x_hd.o(RESET)
 <LI><a href="#[22]">TIM1_BRK_IRQHandler</a> from startup_stm32f10x_hd.o(.text) referenced from startup_stm32f10x_hd.o(RESET)
 <LI><a href="#[25]">TIM1_CC_IRQHandler</a> from startup_stm32f10x_hd.o(.text) referenced from startup_stm32f10x_hd.o(RESET)
 <LI><a href="#[24]">TIM1_TRG_COM_IRQHandler</a> from startup_stm32f10x_hd.o(.text) referenced from startup_stm32f10x_hd.o(RESET)
 <LI><a href="#[23]">TIM1_UP_IRQHandler</a> from startup_stm32f10x_hd.o(.text) referenced from startup_stm32f10x_hd.o(RESET)
 <LI><a href="#[26]">TIM2_IRQHandler</a> from pwm.o(.text) referenced from startup_stm32f10x_hd.o(RESET)
 <LI><a href="#[27]">TIM3_IRQHandler</a> from startup_stm32f10x_hd.o(.text) referenced from startup_stm32f10x_hd.o(RESET)
 <LI><a href="#[28]">TIM4_IRQHandler</a> from pwm.o(.text) referenced from startup_stm32f10x_hd.o(RESET)
 <LI><a href="#[3c]">TIM5_IRQHandler</a> from startup_stm32f10x_hd.o(.text) referenced from startup_stm32f10x_hd.o(RESET)
 <LI><a href="#[40]">TIM6_IRQHandler</a> from startup_stm32f10x_hd.o(.text) referenced from startup_stm32f10x_hd.o(RESET)
 <LI><a href="#[41]">TIM7_IRQHandler</a> from startup_stm32f10x_hd.o(.text) referenced from startup_stm32f10x_hd.o(RESET)
 <LI><a href="#[35]">TIM8_BRK_IRQHandler</a> from startup_stm32f10x_hd.o(.text) referenced from startup_stm32f10x_hd.o(RESET)
 <LI><a href="#[38]">TIM8_CC_IRQHandler</a> from startup_stm32f10x_hd.o(.text) referenced from startup_stm32f10x_hd.o(RESET)
 <LI><a href="#[37]">TIM8_TRG_COM_IRQHandler</a> from startup_stm32f10x_hd.o(.text) referenced from startup_stm32f10x_hd.o(RESET)
 <LI><a href="#[36]">TIM8_UP_IRQHandler</a> from startup_stm32f10x_hd.o(.text) referenced from startup_stm32f10x_hd.o(RESET)
 <LI><a href="#[3e]">UART4_IRQHandler</a> from usart.o(.text) referenced from startup_stm32f10x_hd.o(RESET)
 <LI><a href="#[3f]">UART5_IRQHandler</a> from usart.o(.text) referenced from startup_stm32f10x_hd.o(RESET)
 <LI><a href="#[2f]">USART1_IRQHandler</a> from usart.o(.text) referenced from startup_stm32f10x_hd.o(RESET)
 <LI><a href="#[30]">USART2_IRQHandler</a> from usart.o(.text) referenced from startup_stm32f10x_hd.o(RESET)
 <LI><a href="#[31]">USART3_IRQHandler</a> from usart.o(.text) referenced from startup_stm32f10x_hd.o(RESET)
 <LI><a href="#[34]">USBWakeUp_IRQHandler</a> from startup_stm32f10x_hd.o(.text) referenced from startup_stm32f10x_hd.o(RESET)
 <LI><a href="#[1d]">USB_HP_CAN1_TX_IRQHandler</a> from startup_stm32f10x_hd.o(.text) referenced from startup_stm32f10x_hd.o(RESET)
 <LI><a href="#[1e]">USB_LP_CAN1_RX0_IRQHandler</a> from startup_stm32f10x_hd.o(.text) referenced from startup_stm32f10x_hd.o(RESET)
 <LI><a href="#[5]">UsageFault_Handler</a> from stm32f10x_it.o(.text) referenced from startup_stm32f10x_hd.o(RESET)
 <LI><a href="#[a]">WWDG_IRQHandler</a> from startup_stm32f10x_hd.o(.text) referenced from startup_stm32f10x_hd.o(RESET)
 <LI><a href="#[48]">__main</a> from entry.o(.ARM.Collect$$$$00000000) referenced from startup_stm32f10x_hd.o(.text)
 <LI><a href="#[4a]">_snputc</a> from printfa.o(i._snputc) referenced from printfa.o(i.__0vsnprintf)
 <LI><a href="#[49]">fputc</a> from usart.o(.text) referenced from printf8.o(i.__0printf$8)
 <LI><a href="#[46]">main</a> from main.o(.text) referenced from entry9a.o(.ARM.Collect$$$$0000000B)
</UL>
<P>
<H3>
Global Symbols
</H3>
<P><STRONG><a name="[48]"></a>__main</STRONG> (Thumb, 0 bytes, Stack size unknown bytes, entry.o(.ARM.Collect$$$$00000000))
<BR>[Address Reference Count : 1]<UL><LI> startup_stm32f10x_hd.o(.text)
</UL>
<P><STRONG><a name="[1b1]"></a>_main_stk</STRONG> (Thumb, 0 bytes, Stack size unknown bytes, entry2.o(.ARM.Collect$$$$00000001))

<P><STRONG><a name="[4b]"></a>_main_scatterload</STRONG> (Thumb, 0 bytes, Stack size unknown bytes, entry5.o(.ARM.Collect$$$$00000004))
<BR><BR>[Calls]<UL><LI><a href="#[4c]">&gt;&gt;</a>&nbsp;&nbsp;&nbsp;__scatterload
</UL>

<P><STRONG><a name="[19a]"></a>__main_after_scatterload</STRONG> (Thumb, 0 bytes, Stack size unknown bytes, entry5.o(.ARM.Collect$$$$00000004))
<BR><BR>[Called By]<UL><LI><a href="#[4c]">&gt;&gt;</a>&nbsp;&nbsp;&nbsp;__scatterload
</UL>

<P><STRONG><a name="[1b2]"></a>_main_clock</STRONG> (Thumb, 0 bytes, Stack size unknown bytes, entry7b.o(.ARM.Collect$$$$00000008))

<P><STRONG><a name="[1b3]"></a>_main_cpp_init</STRONG> (Thumb, 0 bytes, Stack size unknown bytes, entry8b.o(.ARM.Collect$$$$0000000A))

<P><STRONG><a name="[1b4]"></a>_main_init</STRONG> (Thumb, 0 bytes, Stack size unknown bytes, entry9a.o(.ARM.Collect$$$$0000000B))

<P><STRONG><a name="[1b5]"></a>__rt_final_cpp</STRONG> (Thumb, 0 bytes, Stack size unknown bytes, entry10a.o(.ARM.Collect$$$$0000000D))

<P><STRONG><a name="[1b6]"></a>__rt_final_exit</STRONG> (Thumb, 0 bytes, Stack size unknown bytes, entry11a.o(.ARM.Collect$$$$0000000F))

<P><STRONG><a name="[4d]"></a>Wifi_init</STRONG> (Thumb, 36 bytes, Stack size 8 bytes, main.o(.text), UNUSED)
<BR><BR>[Calls]<UL><LI><a href="#[4f]">&gt;&gt;</a>&nbsp;&nbsp;&nbsp;atk_8266_send_cmd
<LI><a href="#[4e]">&gt;&gt;</a>&nbsp;&nbsp;&nbsp;USART_ReceiveData
</UL>

<P><STRONG><a name="[50]"></a>AGV_Sensor</STRONG> (Thumb, 314 bytes, Stack size 8 bytes, main.o(.text))
<BR><BR>[Stack]<UL><LI>Max Depth = 8<LI>Call Chain = AGV_Sensor
</UL>
<BR>[Calls]<UL><LI><a href="#[51]">&gt;&gt;</a>&nbsp;&nbsp;&nbsp;GPIO_ReadInputDataBit
</UL>
<BR>[Called By]<UL><LI><a href="#[86]">&gt;&gt;</a>&nbsp;&nbsp;&nbsp;GuideWalking
<LI><a href="#[5e]">&gt;&gt;</a>&nbsp;&nbsp;&nbsp;Diao_tou
<LI><a href="#[52]">&gt;&gt;</a>&nbsp;&nbsp;&nbsp;Keep_Walking
</UL>

<P><STRONG><a name="[52]"></a>Keep_Walking</STRONG> (Thumb, 20 bytes, Stack size 8 bytes, main.o(.text), UNUSED)
<BR><BR>[Calls]<UL><LI><a href="#[54]">&gt;&gt;</a>&nbsp;&nbsp;&nbsp;Tracking
<LI><a href="#[53]">&gt;&gt;</a>&nbsp;&nbsp;&nbsp;Forward
<LI><a href="#[50]">&gt;&gt;</a>&nbsp;&nbsp;&nbsp;AGV_Sensor
</UL>

<P><STRONG><a name="[56]"></a>ASC_To_Valu</STRONG> (Thumb, 106 bytes, Stack size 0 bytes, main.o(.text))
<BR><BR>[Called By]<UL><LI><a href="#[bf]">&gt;&gt;</a>&nbsp;&nbsp;&nbsp;ID_20
<LI><a href="#[be]">&gt;&gt;</a>&nbsp;&nbsp;&nbsp;ID_19
<LI><a href="#[bd]">&gt;&gt;</a>&nbsp;&nbsp;&nbsp;ID_18
<LI><a href="#[bc]">&gt;&gt;</a>&nbsp;&nbsp;&nbsp;ID_17
<LI><a href="#[bb]">&gt;&gt;</a>&nbsp;&nbsp;&nbsp;ID_16
<LI><a href="#[ba]">&gt;&gt;</a>&nbsp;&nbsp;&nbsp;ID_15
<LI><a href="#[b9]">&gt;&gt;</a>&nbsp;&nbsp;&nbsp;ID_14
<LI><a href="#[b8]">&gt;&gt;</a>&nbsp;&nbsp;&nbsp;ID_13
<LI><a href="#[b7]">&gt;&gt;</a>&nbsp;&nbsp;&nbsp;ID_12
<LI><a href="#[b6]">&gt;&gt;</a>&nbsp;&nbsp;&nbsp;ID_11
<LI><a href="#[b5]">&gt;&gt;</a>&nbsp;&nbsp;&nbsp;ID_10
<LI><a href="#[b4]">&gt;&gt;</a>&nbsp;&nbsp;&nbsp;ID_9
<LI><a href="#[b3]">&gt;&gt;</a>&nbsp;&nbsp;&nbsp;ID_8
<LI><a href="#[b2]">&gt;&gt;</a>&nbsp;&nbsp;&nbsp;ID_7
<LI><a href="#[b1]">&gt;&gt;</a>&nbsp;&nbsp;&nbsp;ID_6
<LI><a href="#[b0]">&gt;&gt;</a>&nbsp;&nbsp;&nbsp;ID_5
<LI><a href="#[af]">&gt;&gt;</a>&nbsp;&nbsp;&nbsp;ID_4
<LI><a href="#[ae]">&gt;&gt;</a>&nbsp;&nbsp;&nbsp;ID_3
<LI><a href="#[ad]">&gt;&gt;</a>&nbsp;&nbsp;&nbsp;ID_2
<LI><a href="#[ac]">&gt;&gt;</a>&nbsp;&nbsp;&nbsp;ID_1
<LI><a href="#[61]">&gt;&gt;</a>&nbsp;&nbsp;&nbsp;ID_0
<LI><a href="#[57]">&gt;&gt;</a>&nbsp;&nbsp;&nbsp;OneLine
<LI><a href="#[55]">&gt;&gt;</a>&nbsp;&nbsp;&nbsp;jixi_IDYdate
<LI><a href="#[3f]">&gt;&gt;</a>&nbsp;&nbsp;&nbsp;UART5_IRQHandler
</UL>

<P><STRONG><a name="[55]"></a>jixi_IDYdate</STRONG> (Thumb, 1286 bytes, Stack size 40 bytes, main.o(.text))
<BR><BR>[Stack]<UL><LI>Max Depth = 40<LI>Call Chain = jixi_IDYdate
</UL>
<BR>[Calls]<UL><LI><a href="#[56]">&gt;&gt;</a>&nbsp;&nbsp;&nbsp;ASC_To_Valu
</UL>
<BR>[Called By]<UL><LI><a href="#[57]">&gt;&gt;</a>&nbsp;&nbsp;&nbsp;OneLine
</UL>

<P><STRONG><a name="[57]"></a>OneLine</STRONG> (Thumb, 658 bytes, Stack size 36 bytes, main.o(.text))
<BR><BR>[Stack]<UL><LI>Max Depth = 76<LI>Call Chain = OneLine &rArr; jixi_IDYdate
</UL>
<BR>[Calls]<UL><LI><a href="#[55]">&gt;&gt;</a>&nbsp;&nbsp;&nbsp;jixi_IDYdate
<LI><a href="#[56]">&gt;&gt;</a>&nbsp;&nbsp;&nbsp;ASC_To_Valu
</UL>
<BR>[Called By]<UL><LI><a href="#[46]">&gt;&gt;</a>&nbsp;&nbsp;&nbsp;main
</UL>

<P><STRONG><a name="[1b7]"></a>keep_alive</STRONG> (Thumb, 2 bytes, Stack size 0 bytes, main.o(.text), UNUSED)

<P><STRONG><a name="[1b8]"></a>DealRec</STRONG> (Thumb, 2 bytes, Stack size 0 bytes, main.o(.text), UNUSED)

<P><STRONG><a name="[1b9]"></a>Wifi_Ok</STRONG> (Thumb, 36 bytes, Stack size 0 bytes, main.o(.text), UNUSED)

<P><STRONG><a name="[58]"></a>TouchValUpdateHead</STRONG> (Thumb, 122 bytes, Stack size 8 bytes, main.o(.text), UNUSED)
<BR><BR>[Calls]<UL><LI><a href="#[5a]">&gt;&gt;</a>&nbsp;&nbsp;&nbsp;usart4Printf
<LI><a href="#[59]">&gt;&gt;</a>&nbsp;&nbsp;&nbsp;WTC7514_ReadTwoByte_head
</UL>

<P><STRONG><a name="[5b]"></a>TouchValUpdate</STRONG> (Thumb, 144 bytes, Stack size 8 bytes, main.o(.text), UNUSED)
<BR><BR>[Calls]<UL><LI><a href="#[5a]">&gt;&gt;</a>&nbsp;&nbsp;&nbsp;usart4Printf
<LI><a href="#[5c]">&gt;&gt;</a>&nbsp;&nbsp;&nbsp;WTC7514_ReadTwoByte
</UL>

<P><STRONG><a name="[5d]"></a>sensor_update</STRONG> (Thumb, 142 bytes, Stack size 16 bytes, main.o(.text))
<BR><BR>[Stack]<UL><LI>Max Depth = 272<LI>Call Chain = sensor_update &rArr; usart4Printf &rArr; __c89vsnprintf
</UL>
<BR>[Calls]<UL><LI><a href="#[5a]">&gt;&gt;</a>&nbsp;&nbsp;&nbsp;usart4Printf
</UL>
<BR>[Called By]<UL><LI><a href="#[46]">&gt;&gt;</a>&nbsp;&nbsp;&nbsp;main
</UL>

<P><STRONG><a name="[5e]"></a>Diao_tou</STRONG> (Thumb, 152 bytes, Stack size 8 bytes, main.o(.text))
<BR><BR>[Stack]<UL><LI>Max Depth = 16<LI>Call Chain = Diao_tou &rArr; AGV_Sensor
</UL>
<BR>[Calls]<UL><LI><a href="#[50]">&gt;&gt;</a>&nbsp;&nbsp;&nbsp;AGV_Sensor
</UL>
<BR>[Called By]<UL><LI><a href="#[46]">&gt;&gt;</a>&nbsp;&nbsp;&nbsp;main
</UL>

<P><STRONG><a name="[5f]"></a>zidao</STRONG> (Thumb, 236 bytes, Stack size 16 bytes, main.o(.text), UNUSED)
<BR><BR>[Calls]<UL><LI><a href="#[54]">&gt;&gt;</a>&nbsp;&nbsp;&nbsp;Tracking
</UL>

<P><STRONG><a name="[60]"></a>jiexi_data</STRONG> (Thumb, 24 bytes, Stack size 8 bytes, main.o(.text))
<BR><BR>[Stack]<UL><LI>Max Depth = 328<LI>Call Chain = jiexi_data &rArr; ID_0 &rArr; Waist &rArr; usart3Printf &rArr; __c89vsnprintf
</UL>
<BR>[Calls]<UL><LI><a href="#[61]">&gt;&gt;</a>&nbsp;&nbsp;&nbsp;ID_0
</UL>
<BR>[Called By]<UL><LI><a href="#[46]">&gt;&gt;</a>&nbsp;&nbsp;&nbsp;main
</UL>

<P><STRONG><a name="[46]"></a>main</STRONG> (Thumb, 804 bytes, Stack size 56 bytes, main.o(.text))
<BR><BR>[Stack]<UL><LI>Max Depth = 416<LI>Call Chain = main &rArr; RobotGetPos &rArr; mpu_dmp_get_data &rArr; atan2 &rArr; atan &rArr; __kernel_poly &rArr; __aeabi_dmul &rArr; _double_epilogue &rArr; _double_round
</UL>
<BR>[Calls]<UL><LI><a href="#[5a]">&gt;&gt;</a>&nbsp;&nbsp;&nbsp;usart4Printf
<LI><a href="#[65]">&gt;&gt;</a>&nbsp;&nbsp;&nbsp;uart_init
<LI><a href="#[68]">&gt;&gt;</a>&nbsp;&nbsp;&nbsp;uart4_init
<LI><a href="#[67]">&gt;&gt;</a>&nbsp;&nbsp;&nbsp;uart3_init
<LI><a href="#[66]">&gt;&gt;</a>&nbsp;&nbsp;&nbsp;uart2_init
<LI><a href="#[70]">&gt;&gt;</a>&nbsp;&nbsp;&nbsp;set_walkingmotor_speed
<LI><a href="#[6c]">&gt;&gt;</a>&nbsp;&nbsp;&nbsp;mpu_dmp_init
<LI><a href="#[7c]">&gt;&gt;</a>&nbsp;&nbsp;&nbsp;jiexi_ID
<LI><a href="#[6f]">&gt;&gt;</a>&nbsp;&nbsp;&nbsp;init_walkingmotor_odometer
<LI><a href="#[6e]">&gt;&gt;</a>&nbsp;&nbsp;&nbsp;init_walkingmotor
<LI><a href="#[6b]">&gt;&gt;</a>&nbsp;&nbsp;&nbsp;delay_ms
<LI><a href="#[63]">&gt;&gt;</a>&nbsp;&nbsp;&nbsp;delay_init
<LI><a href="#[74]">&gt;&gt;</a>&nbsp;&nbsp;&nbsp;WTC7514_SetLevel
<LI><a href="#[73]">&gt;&gt;</a>&nbsp;&nbsp;&nbsp;WTC7514_Init
<LI><a href="#[78]">&gt;&gt;</a>&nbsp;&nbsp;&nbsp;USART3_SendStrings
<LI><a href="#[69]">&gt;&gt;</a>&nbsp;&nbsp;&nbsp;UART5_Configuration
<LI><a href="#[7a]">&gt;&gt;</a>&nbsp;&nbsp;&nbsp;TurnWithVoice
<LI><a href="#[72]">&gt;&gt;</a>&nbsp;&nbsp;&nbsp;TIM_Cmd
<LI><a href="#[6d]">&gt;&gt;</a>&nbsp;&nbsp;&nbsp;TIM2_Init
<LI><a href="#[6a]">&gt;&gt;</a>&nbsp;&nbsp;&nbsp;RobotGpioInit
<LI><a href="#[79]">&gt;&gt;</a>&nbsp;&nbsp;&nbsp;RobotGetPos
<LI><a href="#[77]">&gt;&gt;</a>&nbsp;&nbsp;&nbsp;RingBuffer_PopMult
<LI><a href="#[76]">&gt;&gt;</a>&nbsp;&nbsp;&nbsp;RingBuffer_GetCount
<LI><a href="#[7b]">&gt;&gt;</a>&nbsp;&nbsp;&nbsp;RingBuffer_Flush
<LI><a href="#[71]">&gt;&gt;</a>&nbsp;&nbsp;&nbsp;RCC_APB1PeriphClockCmd
<LI><a href="#[64]">&gt;&gt;</a>&nbsp;&nbsp;&nbsp;NVIC_PriorityGroupConfig
<LI><a href="#[60]">&gt;&gt;</a>&nbsp;&nbsp;&nbsp;jiexi_data
<LI><a href="#[5e]">&gt;&gt;</a>&nbsp;&nbsp;&nbsp;Diao_tou
<LI><a href="#[5d]">&gt;&gt;</a>&nbsp;&nbsp;&nbsp;sensor_update
<LI><a href="#[57]">&gt;&gt;</a>&nbsp;&nbsp;&nbsp;OneLine
<LI><a href="#[62]">&gt;&gt;</a>&nbsp;&nbsp;&nbsp;__aeabi_memclr4
<LI><a href="#[75]">&gt;&gt;</a>&nbsp;&nbsp;&nbsp;__aeabi_memclr
</UL>
<BR>[Address Reference Count : 1]<UL><LI> entry9a.o(.ARM.Collect$$$$0000000B)
</UL>
<P><STRONG><a name="[1]"></a>NMI_Handler</STRONG> (Thumb, 2 bytes, Stack size 0 bytes, stm32f10x_it.o(.text))
<BR>[Address Reference Count : 1]<UL><LI> startup_stm32f10x_hd.o(RESET)
</UL>
<P><STRONG><a name="[2]"></a>HardFault_Handler</STRONG> (Thumb, 4 bytes, Stack size 0 bytes, stm32f10x_it.o(.text))
<BR>[Address Reference Count : 1]<UL><LI> startup_stm32f10x_hd.o(RESET)
</UL>
<P><STRONG><a name="[3]"></a>MemManage_Handler</STRONG> (Thumb, 4 bytes, Stack size 0 bytes, stm32f10x_it.o(.text))
<BR>[Address Reference Count : 1]<UL><LI> startup_stm32f10x_hd.o(RESET)
</UL>
<P><STRONG><a name="[4]"></a>BusFault_Handler</STRONG> (Thumb, 4 bytes, Stack size 0 bytes, stm32f10x_it.o(.text))
<BR>[Address Reference Count : 1]<UL><LI> startup_stm32f10x_hd.o(RESET)
</UL>
<P><STRONG><a name="[5]"></a>UsageFault_Handler</STRONG> (Thumb, 4 bytes, Stack size 0 bytes, stm32f10x_it.o(.text))
<BR>[Address Reference Count : 1]<UL><LI> startup_stm32f10x_hd.o(RESET)
</UL>
<P><STRONG><a name="[6]"></a>SVC_Handler</STRONG> (Thumb, 2 bytes, Stack size 0 bytes, stm32f10x_it.o(.text))
<BR>[Address Reference Count : 1]<UL><LI> startup_stm32f10x_hd.o(RESET)
</UL>
<P><STRONG><a name="[7]"></a>DebugMon_Handler</STRONG> (Thumb, 2 bytes, Stack size 0 bytes, stm32f10x_it.o(.text))
<BR>[Address Reference Count : 1]<UL><LI> startup_stm32f10x_hd.o(RESET)
</UL>
<P><STRONG><a name="[8]"></a>PendSV_Handler</STRONG> (Thumb, 2 bytes, Stack size 0 bytes, stm32f10x_it.o(.text))
<BR>[Address Reference Count : 1]<UL><LI> startup_stm32f10x_hd.o(RESET)
</UL>
<P><STRONG><a name="[9]"></a>SysTick_Handler</STRONG> (Thumb, 2 bytes, Stack size 0 bytes, stm32f10x_it.o(.text))
<BR>[Address Reference Count : 1]<UL><LI> startup_stm32f10x_hd.o(RESET)
</UL>
<P><STRONG><a name="[47]"></a>SystemInit</STRONG> (Thumb, 78 bytes, Stack size 8 bytes, system_stm32f10x.o(.text))
<BR><BR>[Stack]<UL><LI>Max Depth = 28<LI>Call Chain = SystemInit &rArr; SetSysClock &rArr; SetSysClockTo72
</UL>
<BR>[Calls]<UL><LI><a href="#[7d]">&gt;&gt;</a>&nbsp;&nbsp;&nbsp;SetSysClock
</UL>
<BR>[Address Reference Count : 1]<UL><LI> startup_stm32f10x_hd.o(.text)
</UL>
<P><STRONG><a name="[1ba]"></a>SystemCoreClockUpdate</STRONG> (Thumb, 142 bytes, Stack size 8 bytes, system_stm32f10x.o(.text), UNUSED)

<P><STRONG><a name="[6d]"></a>TIM2_Init</STRONG> (Thumb, 96 bytes, Stack size 32 bytes, pwm.o(.text))
<BR><BR>[Stack]<UL><LI>Max Depth = 48<LI>Call Chain = TIM2_Init &rArr; NVIC_Init
</UL>
<BR>[Calls]<UL><LI><a href="#[7f]">&gt;&gt;</a>&nbsp;&nbsp;&nbsp;TIM_TimeBaseInit
<LI><a href="#[81]">&gt;&gt;</a>&nbsp;&nbsp;&nbsp;TIM_ITConfig
<LI><a href="#[80]">&gt;&gt;</a>&nbsp;&nbsp;&nbsp;NVIC_Init
<LI><a href="#[72]">&gt;&gt;</a>&nbsp;&nbsp;&nbsp;TIM_Cmd
<LI><a href="#[71]">&gt;&gt;</a>&nbsp;&nbsp;&nbsp;RCC_APB1PeriphClockCmd
</UL>
<BR>[Called By]<UL><LI><a href="#[46]">&gt;&gt;</a>&nbsp;&nbsp;&nbsp;main
</UL>

<P><STRONG><a name="[26]"></a>TIM2_IRQHandler</STRONG> (Thumb, 238 bytes, Stack size 8 bytes, pwm.o(.text))
<BR><BR>[Stack]<UL><LI>Max Depth = 160<LI>Call Chain = TIM2_IRQHandler &rArr; speedctl_heartbeat &rArr; _refresh_walkingmotor_odometer &rArr; __aeabi_dmul &rArr; _double_epilogue &rArr; _double_round
</UL>
<BR>[Calls]<UL><LI><a href="#[83]">&gt;&gt;</a>&nbsp;&nbsp;&nbsp;speedctl_heartbeat
<LI><a href="#[82]">&gt;&gt;</a>&nbsp;&nbsp;&nbsp;TIM_GetITStatus
<LI><a href="#[85]">&gt;&gt;</a>&nbsp;&nbsp;&nbsp;TIM_ClearITPendingBit
<LI><a href="#[84]">&gt;&gt;</a>&nbsp;&nbsp;&nbsp;TIM_ClearFlag
<LI><a href="#[86]">&gt;&gt;</a>&nbsp;&nbsp;&nbsp;GuideWalking
</UL>
<BR>[Address Reference Count : 1]<UL><LI> startup_stm32f10x_hd.o(RESET)
</UL>
<P><STRONG><a name="[87]"></a>TIM3_PWM_Init</STRONG> (Thumb, 192 bytes, Stack size 48 bytes, pwm.o(.text), UNUSED)
<BR><BR>[Calls]<UL><LI><a href="#[7f]">&gt;&gt;</a>&nbsp;&nbsp;&nbsp;TIM_TimeBaseInit
<LI><a href="#[8e]">&gt;&gt;</a>&nbsp;&nbsp;&nbsp;TIM_OC2PreloadConfig
<LI><a href="#[8c]">&gt;&gt;</a>&nbsp;&nbsp;&nbsp;TIM_OC2Init
<LI><a href="#[8d]">&gt;&gt;</a>&nbsp;&nbsp;&nbsp;TIM_OC1PreloadConfig
<LI><a href="#[8b]">&gt;&gt;</a>&nbsp;&nbsp;&nbsp;TIM_OC1Init
<LI><a href="#[88]">&gt;&gt;</a>&nbsp;&nbsp;&nbsp;TIM_DeInit
<LI><a href="#[8f]">&gt;&gt;</a>&nbsp;&nbsp;&nbsp;TIM_CtrlPWMOutputs
<LI><a href="#[89]">&gt;&gt;</a>&nbsp;&nbsp;&nbsp;RCC_APB2PeriphClockCmd
<LI><a href="#[8a]">&gt;&gt;</a>&nbsp;&nbsp;&nbsp;GPIO_Init
<LI><a href="#[72]">&gt;&gt;</a>&nbsp;&nbsp;&nbsp;TIM_Cmd
<LI><a href="#[71]">&gt;&gt;</a>&nbsp;&nbsp;&nbsp;RCC_APB1PeriphClockCmd
</UL>

<P><STRONG><a name="[90]"></a>TIM4_Cap_Init</STRONG> (Thumb, 178 bytes, Stack size 32 bytes, pwm.o(.text), UNUSED)
<BR><BR>[Calls]<UL><LI><a href="#[7f]">&gt;&gt;</a>&nbsp;&nbsp;&nbsp;TIM_TimeBaseInit
<LI><a href="#[81]">&gt;&gt;</a>&nbsp;&nbsp;&nbsp;TIM_ITConfig
<LI><a href="#[92]">&gt;&gt;</a>&nbsp;&nbsp;&nbsp;TIM_ICInit
<LI><a href="#[89]">&gt;&gt;</a>&nbsp;&nbsp;&nbsp;RCC_APB2PeriphClockCmd
<LI><a href="#[80]">&gt;&gt;</a>&nbsp;&nbsp;&nbsp;NVIC_Init
<LI><a href="#[91]">&gt;&gt;</a>&nbsp;&nbsp;&nbsp;GPIO_ResetBits
<LI><a href="#[8a]">&gt;&gt;</a>&nbsp;&nbsp;&nbsp;GPIO_Init
<LI><a href="#[72]">&gt;&gt;</a>&nbsp;&nbsp;&nbsp;TIM_Cmd
<LI><a href="#[71]">&gt;&gt;</a>&nbsp;&nbsp;&nbsp;RCC_APB1PeriphClockCmd
</UL>

<P><STRONG><a name="[28]"></a>TIM4_IRQHandler</STRONG> (Thumb, 60 bytes, Stack size 8 bytes, pwm.o(.text))
<BR><BR>[Stack]<UL><LI>Max Depth = 20<LI>Call Chain = TIM4_IRQHandler &rArr; TIM_GetITStatus
</UL>
<BR>[Calls]<UL><LI><a href="#[82]">&gt;&gt;</a>&nbsp;&nbsp;&nbsp;TIM_GetITStatus
<LI><a href="#[85]">&gt;&gt;</a>&nbsp;&nbsp;&nbsp;TIM_ClearITPendingBit
</UL>
<BR>[Address Reference Count : 1]<UL><LI> startup_stm32f10x_hd.o(RESET)
</UL>
<P><STRONG><a name="[1bb]"></a>SpeedLCover</STRONG> (Thumb, 70 bytes, Stack size 0 bytes, pwm.o(.text), UNUSED)

<P><STRONG><a name="[1bc]"></a>SpeedRCover</STRONG> (Thumb, 70 bytes, Stack size 0 bytes, pwm.o(.text), UNUSED)

<P><STRONG><a name="[93]"></a>Bizhang_Gpio_Init</STRONG> (Thumb, 34 bytes, Stack size 8 bytes, gpio.o(.text))
<BR><BR>[Stack]<UL><LI>Max Depth = 32<LI>Call Chain = Bizhang_Gpio_Init &rArr; GPIO_Init
</UL>
<BR>[Calls]<UL><LI><a href="#[89]">&gt;&gt;</a>&nbsp;&nbsp;&nbsp;RCC_APB2PeriphClockCmd
<LI><a href="#[8a]">&gt;&gt;</a>&nbsp;&nbsp;&nbsp;GPIO_Init
</UL>
<BR>[Called By]<UL><LI><a href="#[6a]">&gt;&gt;</a>&nbsp;&nbsp;&nbsp;RobotGpioInit
</UL>

<P><STRONG><a name="[94]"></a>LED_AND_DENGTIAO_Init</STRONG> (Thumb, 46 bytes, Stack size 8 bytes, gpio.o(.text))
<BR><BR>[Stack]<UL><LI>Max Depth = 32<LI>Call Chain = LED_AND_DENGTIAO_Init &rArr; GPIO_Init
</UL>
<BR>[Calls]<UL><LI><a href="#[95]">&gt;&gt;</a>&nbsp;&nbsp;&nbsp;GPIO_SetBits
<LI><a href="#[89]">&gt;&gt;</a>&nbsp;&nbsp;&nbsp;RCC_APB2PeriphClockCmd
<LI><a href="#[8a]">&gt;&gt;</a>&nbsp;&nbsp;&nbsp;GPIO_Init
</UL>
<BR>[Called By]<UL><LI><a href="#[6a]">&gt;&gt;</a>&nbsp;&nbsp;&nbsp;RobotGpioInit
</UL>

<P><STRONG><a name="[96]"></a>Foot_Motor_Gpio_Init</STRONG> (Thumb, 92 bytes, Stack size 8 bytes, gpio.o(.text))
<BR><BR>[Stack]<UL><LI>Max Depth = 32<LI>Call Chain = Foot_Motor_Gpio_Init &rArr; GPIO_Init
</UL>
<BR>[Calls]<UL><LI><a href="#[95]">&gt;&gt;</a>&nbsp;&nbsp;&nbsp;GPIO_SetBits
<LI><a href="#[97]">&gt;&gt;</a>&nbsp;&nbsp;&nbsp;GPIO_PinRemapConfig
<LI><a href="#[89]">&gt;&gt;</a>&nbsp;&nbsp;&nbsp;RCC_APB2PeriphClockCmd
<LI><a href="#[8a]">&gt;&gt;</a>&nbsp;&nbsp;&nbsp;GPIO_Init
</UL>
<BR>[Called By]<UL><LI><a href="#[6a]">&gt;&gt;</a>&nbsp;&nbsp;&nbsp;RobotGpioInit
</UL>

<P><STRONG><a name="[98]"></a>SENSOR_GPIO_Init</STRONG> (Thumb, 52 bytes, Stack size 8 bytes, gpio.o(.text))
<BR><BR>[Stack]<UL><LI>Max Depth = 32<LI>Call Chain = SENSOR_GPIO_Init &rArr; GPIO_Init
</UL>
<BR>[Calls]<UL><LI><a href="#[89]">&gt;&gt;</a>&nbsp;&nbsp;&nbsp;RCC_APB2PeriphClockCmd
<LI><a href="#[8a]">&gt;&gt;</a>&nbsp;&nbsp;&nbsp;GPIO_Init
</UL>
<BR>[Called By]<UL><LI><a href="#[6a]">&gt;&gt;</a>&nbsp;&nbsp;&nbsp;RobotGpioInit
</UL>

<P><STRONG><a name="[99]"></a>AGV_GPIO_Init</STRONG> (Thumb, 78 bytes, Stack size 8 bytes, gpio.o(.text))
<BR><BR>[Stack]<UL><LI>Max Depth = 32<LI>Call Chain = AGV_GPIO_Init &rArr; GPIO_Init
</UL>
<BR>[Calls]<UL><LI><a href="#[89]">&gt;&gt;</a>&nbsp;&nbsp;&nbsp;RCC_APB2PeriphClockCmd
<LI><a href="#[8a]">&gt;&gt;</a>&nbsp;&nbsp;&nbsp;GPIO_Init
</UL>
<BR>[Called By]<UL><LI><a href="#[6a]">&gt;&gt;</a>&nbsp;&nbsp;&nbsp;RobotGpioInit
</UL>

<P><STRONG><a name="[9a]"></a>BeepGPIOInit</STRONG> (Thumb, 46 bytes, Stack size 8 bytes, gpio.o(.text))
<BR><BR>[Stack]<UL><LI>Max Depth = 32<LI>Call Chain = BeepGPIOInit &rArr; GPIO_Init
</UL>
<BR>[Calls]<UL><LI><a href="#[89]">&gt;&gt;</a>&nbsp;&nbsp;&nbsp;RCC_APB2PeriphClockCmd
<LI><a href="#[91]">&gt;&gt;</a>&nbsp;&nbsp;&nbsp;GPIO_ResetBits
<LI><a href="#[8a]">&gt;&gt;</a>&nbsp;&nbsp;&nbsp;GPIO_Init
</UL>
<BR>[Called By]<UL><LI><a href="#[6a]">&gt;&gt;</a>&nbsp;&nbsp;&nbsp;RobotGpioInit
</UL>

<P><STRONG><a name="[6a]"></a>RobotGpioInit</STRONG> (Thumb, 28 bytes, Stack size 8 bytes, gpio.o(.text))
<BR><BR>[Stack]<UL><LI>Max Depth = 40<LI>Call Chain = RobotGpioInit &rArr; BeepGPIOInit &rArr; GPIO_Init
</UL>
<BR>[Calls]<UL><LI><a href="#[9a]">&gt;&gt;</a>&nbsp;&nbsp;&nbsp;BeepGPIOInit
<LI><a href="#[99]">&gt;&gt;</a>&nbsp;&nbsp;&nbsp;AGV_GPIO_Init
<LI><a href="#[98]">&gt;&gt;</a>&nbsp;&nbsp;&nbsp;SENSOR_GPIO_Init
<LI><a href="#[96]">&gt;&gt;</a>&nbsp;&nbsp;&nbsp;Foot_Motor_Gpio_Init
<LI><a href="#[94]">&gt;&gt;</a>&nbsp;&nbsp;&nbsp;LED_AND_DENGTIAO_Init
<LI><a href="#[93]">&gt;&gt;</a>&nbsp;&nbsp;&nbsp;Bizhang_Gpio_Init
</UL>
<BR>[Called By]<UL><LI><a href="#[46]">&gt;&gt;</a>&nbsp;&nbsp;&nbsp;main
</UL>

<P><STRONG><a name="[1bd]"></a>GetLimit</STRONG> (Thumb, 52 bytes, Stack size 0 bytes, jiexi.o(.text), UNUSED)

<P><STRONG><a name="[9b]"></a>Motor_Head</STRONG> (Thumb, 92 bytes, Stack size 16 bytes, jiexi.o(.text))
<BR><BR>[Stack]<UL><LI>Max Depth = 272<LI>Call Chain = Motor_Head &rArr; usart3Printf &rArr; __c89vsnprintf
</UL>
<BR>[Calls]<UL><LI><a href="#[9c]">&gt;&gt;</a>&nbsp;&nbsp;&nbsp;usart3Printf
<LI><a href="#[9d]">&gt;&gt;</a>&nbsp;&nbsp;&nbsp;SetARAct
</UL>
<BR>[Called By]<UL><LI><a href="#[bf]">&gt;&gt;</a>&nbsp;&nbsp;&nbsp;ID_20
<LI><a href="#[be]">&gt;&gt;</a>&nbsp;&nbsp;&nbsp;ID_19
<LI><a href="#[bd]">&gt;&gt;</a>&nbsp;&nbsp;&nbsp;ID_18
<LI><a href="#[bc]">&gt;&gt;</a>&nbsp;&nbsp;&nbsp;ID_17
<LI><a href="#[bb]">&gt;&gt;</a>&nbsp;&nbsp;&nbsp;ID_16
<LI><a href="#[ba]">&gt;&gt;</a>&nbsp;&nbsp;&nbsp;ID_15
<LI><a href="#[b9]">&gt;&gt;</a>&nbsp;&nbsp;&nbsp;ID_14
<LI><a href="#[b8]">&gt;&gt;</a>&nbsp;&nbsp;&nbsp;ID_13
<LI><a href="#[b7]">&gt;&gt;</a>&nbsp;&nbsp;&nbsp;ID_12
<LI><a href="#[b6]">&gt;&gt;</a>&nbsp;&nbsp;&nbsp;ID_11
<LI><a href="#[b5]">&gt;&gt;</a>&nbsp;&nbsp;&nbsp;ID_10
<LI><a href="#[b4]">&gt;&gt;</a>&nbsp;&nbsp;&nbsp;ID_9
<LI><a href="#[b3]">&gt;&gt;</a>&nbsp;&nbsp;&nbsp;ID_8
<LI><a href="#[b2]">&gt;&gt;</a>&nbsp;&nbsp;&nbsp;ID_7
<LI><a href="#[b1]">&gt;&gt;</a>&nbsp;&nbsp;&nbsp;ID_6
<LI><a href="#[b0]">&gt;&gt;</a>&nbsp;&nbsp;&nbsp;ID_5
<LI><a href="#[af]">&gt;&gt;</a>&nbsp;&nbsp;&nbsp;ID_4
<LI><a href="#[ae]">&gt;&gt;</a>&nbsp;&nbsp;&nbsp;ID_3
<LI><a href="#[ad]">&gt;&gt;</a>&nbsp;&nbsp;&nbsp;ID_2
<LI><a href="#[ac]">&gt;&gt;</a>&nbsp;&nbsp;&nbsp;ID_1
<LI><a href="#[61]">&gt;&gt;</a>&nbsp;&nbsp;&nbsp;ID_0
</UL>

<P><STRONG><a name="[9e]"></a>Motor_Arm_Left</STRONG> (Thumb, 58 bytes, Stack size 16 bytes, jiexi.o(.text))
<BR><BR>[Stack]<UL><LI>Max Depth = 272<LI>Call Chain = Motor_Arm_Left &rArr; usart3Printf &rArr; __c89vsnprintf
</UL>
<BR>[Calls]<UL><LI><a href="#[9c]">&gt;&gt;</a>&nbsp;&nbsp;&nbsp;usart3Printf
</UL>
<BR>[Called By]<UL><LI><a href="#[bf]">&gt;&gt;</a>&nbsp;&nbsp;&nbsp;ID_20
<LI><a href="#[be]">&gt;&gt;</a>&nbsp;&nbsp;&nbsp;ID_19
<LI><a href="#[bd]">&gt;&gt;</a>&nbsp;&nbsp;&nbsp;ID_18
<LI><a href="#[bc]">&gt;&gt;</a>&nbsp;&nbsp;&nbsp;ID_17
<LI><a href="#[bb]">&gt;&gt;</a>&nbsp;&nbsp;&nbsp;ID_16
<LI><a href="#[ba]">&gt;&gt;</a>&nbsp;&nbsp;&nbsp;ID_15
<LI><a href="#[b9]">&gt;&gt;</a>&nbsp;&nbsp;&nbsp;ID_14
<LI><a href="#[b8]">&gt;&gt;</a>&nbsp;&nbsp;&nbsp;ID_13
<LI><a href="#[b7]">&gt;&gt;</a>&nbsp;&nbsp;&nbsp;ID_12
<LI><a href="#[b6]">&gt;&gt;</a>&nbsp;&nbsp;&nbsp;ID_11
<LI><a href="#[b5]">&gt;&gt;</a>&nbsp;&nbsp;&nbsp;ID_10
<LI><a href="#[b4]">&gt;&gt;</a>&nbsp;&nbsp;&nbsp;ID_9
<LI><a href="#[b3]">&gt;&gt;</a>&nbsp;&nbsp;&nbsp;ID_8
<LI><a href="#[b2]">&gt;&gt;</a>&nbsp;&nbsp;&nbsp;ID_7
<LI><a href="#[b1]">&gt;&gt;</a>&nbsp;&nbsp;&nbsp;ID_6
<LI><a href="#[b0]">&gt;&gt;</a>&nbsp;&nbsp;&nbsp;ID_5
<LI><a href="#[af]">&gt;&gt;</a>&nbsp;&nbsp;&nbsp;ID_4
<LI><a href="#[ae]">&gt;&gt;</a>&nbsp;&nbsp;&nbsp;ID_3
<LI><a href="#[ad]">&gt;&gt;</a>&nbsp;&nbsp;&nbsp;ID_2
<LI><a href="#[ac]">&gt;&gt;</a>&nbsp;&nbsp;&nbsp;ID_1
<LI><a href="#[61]">&gt;&gt;</a>&nbsp;&nbsp;&nbsp;ID_0
</UL>

<P><STRONG><a name="[9f]"></a>Motor_Arm_Right</STRONG> (Thumb, 70 bytes, Stack size 16 bytes, jiexi.o(.text))
<BR><BR>[Stack]<UL><LI>Max Depth = 272<LI>Call Chain = Motor_Arm_Right &rArr; usart3Printf &rArr; __c89vsnprintf
</UL>
<BR>[Calls]<UL><LI><a href="#[9c]">&gt;&gt;</a>&nbsp;&nbsp;&nbsp;usart3Printf
</UL>
<BR>[Called By]<UL><LI><a href="#[bf]">&gt;&gt;</a>&nbsp;&nbsp;&nbsp;ID_20
<LI><a href="#[be]">&gt;&gt;</a>&nbsp;&nbsp;&nbsp;ID_19
<LI><a href="#[bd]">&gt;&gt;</a>&nbsp;&nbsp;&nbsp;ID_18
<LI><a href="#[bc]">&gt;&gt;</a>&nbsp;&nbsp;&nbsp;ID_17
<LI><a href="#[bb]">&gt;&gt;</a>&nbsp;&nbsp;&nbsp;ID_16
<LI><a href="#[ba]">&gt;&gt;</a>&nbsp;&nbsp;&nbsp;ID_15
<LI><a href="#[b9]">&gt;&gt;</a>&nbsp;&nbsp;&nbsp;ID_14
<LI><a href="#[b8]">&gt;&gt;</a>&nbsp;&nbsp;&nbsp;ID_13
<LI><a href="#[b7]">&gt;&gt;</a>&nbsp;&nbsp;&nbsp;ID_12
<LI><a href="#[b6]">&gt;&gt;</a>&nbsp;&nbsp;&nbsp;ID_11
<LI><a href="#[b5]">&gt;&gt;</a>&nbsp;&nbsp;&nbsp;ID_10
<LI><a href="#[b4]">&gt;&gt;</a>&nbsp;&nbsp;&nbsp;ID_9
<LI><a href="#[b3]">&gt;&gt;</a>&nbsp;&nbsp;&nbsp;ID_8
<LI><a href="#[b2]">&gt;&gt;</a>&nbsp;&nbsp;&nbsp;ID_7
<LI><a href="#[b1]">&gt;&gt;</a>&nbsp;&nbsp;&nbsp;ID_6
<LI><a href="#[b0]">&gt;&gt;</a>&nbsp;&nbsp;&nbsp;ID_5
<LI><a href="#[af]">&gt;&gt;</a>&nbsp;&nbsp;&nbsp;ID_4
<LI><a href="#[ae]">&gt;&gt;</a>&nbsp;&nbsp;&nbsp;ID_3
<LI><a href="#[ad]">&gt;&gt;</a>&nbsp;&nbsp;&nbsp;ID_2
<LI><a href="#[ac]">&gt;&gt;</a>&nbsp;&nbsp;&nbsp;ID_1
<LI><a href="#[61]">&gt;&gt;</a>&nbsp;&nbsp;&nbsp;ID_0
</UL>

<P><STRONG><a name="[a0]"></a>Chest</STRONG> (Thumb, 70 bytes, Stack size 16 bytes, jiexi.o(.text))
<BR><BR>[Stack]<UL><LI>Max Depth = 272<LI>Call Chain = Chest &rArr; usart3Printf &rArr; __c89vsnprintf
</UL>
<BR>[Calls]<UL><LI><a href="#[9c]">&gt;&gt;</a>&nbsp;&nbsp;&nbsp;usart3Printf
</UL>
<BR>[Called By]<UL><LI><a href="#[bf]">&gt;&gt;</a>&nbsp;&nbsp;&nbsp;ID_20
<LI><a href="#[be]">&gt;&gt;</a>&nbsp;&nbsp;&nbsp;ID_19
<LI><a href="#[bd]">&gt;&gt;</a>&nbsp;&nbsp;&nbsp;ID_18
<LI><a href="#[bc]">&gt;&gt;</a>&nbsp;&nbsp;&nbsp;ID_17
<LI><a href="#[bb]">&gt;&gt;</a>&nbsp;&nbsp;&nbsp;ID_16
<LI><a href="#[ba]">&gt;&gt;</a>&nbsp;&nbsp;&nbsp;ID_15
<LI><a href="#[b9]">&gt;&gt;</a>&nbsp;&nbsp;&nbsp;ID_14
<LI><a href="#[b8]">&gt;&gt;</a>&nbsp;&nbsp;&nbsp;ID_13
<LI><a href="#[b7]">&gt;&gt;</a>&nbsp;&nbsp;&nbsp;ID_12
<LI><a href="#[b6]">&gt;&gt;</a>&nbsp;&nbsp;&nbsp;ID_11
<LI><a href="#[b5]">&gt;&gt;</a>&nbsp;&nbsp;&nbsp;ID_10
<LI><a href="#[b4]">&gt;&gt;</a>&nbsp;&nbsp;&nbsp;ID_9
<LI><a href="#[b3]">&gt;&gt;</a>&nbsp;&nbsp;&nbsp;ID_8
<LI><a href="#[b2]">&gt;&gt;</a>&nbsp;&nbsp;&nbsp;ID_7
<LI><a href="#[b1]">&gt;&gt;</a>&nbsp;&nbsp;&nbsp;ID_6
<LI><a href="#[b0]">&gt;&gt;</a>&nbsp;&nbsp;&nbsp;ID_5
<LI><a href="#[af]">&gt;&gt;</a>&nbsp;&nbsp;&nbsp;ID_4
<LI><a href="#[ae]">&gt;&gt;</a>&nbsp;&nbsp;&nbsp;ID_3
<LI><a href="#[ad]">&gt;&gt;</a>&nbsp;&nbsp;&nbsp;ID_2
<LI><a href="#[ac]">&gt;&gt;</a>&nbsp;&nbsp;&nbsp;ID_1
<LI><a href="#[61]">&gt;&gt;</a>&nbsp;&nbsp;&nbsp;ID_0
</UL>

<P><STRONG><a name="[a1]"></a>Waist</STRONG> (Thumb, 70 bytes, Stack size 16 bytes, jiexi.o(.text))
<BR><BR>[Stack]<UL><LI>Max Depth = 272<LI>Call Chain = Waist &rArr; usart3Printf &rArr; __c89vsnprintf
</UL>
<BR>[Calls]<UL><LI><a href="#[9c]">&gt;&gt;</a>&nbsp;&nbsp;&nbsp;usart3Printf
</UL>
<BR>[Called By]<UL><LI><a href="#[bf]">&gt;&gt;</a>&nbsp;&nbsp;&nbsp;ID_20
<LI><a href="#[be]">&gt;&gt;</a>&nbsp;&nbsp;&nbsp;ID_19
<LI><a href="#[bd]">&gt;&gt;</a>&nbsp;&nbsp;&nbsp;ID_18
<LI><a href="#[bc]">&gt;&gt;</a>&nbsp;&nbsp;&nbsp;ID_17
<LI><a href="#[bb]">&gt;&gt;</a>&nbsp;&nbsp;&nbsp;ID_16
<LI><a href="#[ba]">&gt;&gt;</a>&nbsp;&nbsp;&nbsp;ID_15
<LI><a href="#[b9]">&gt;&gt;</a>&nbsp;&nbsp;&nbsp;ID_14
<LI><a href="#[b8]">&gt;&gt;</a>&nbsp;&nbsp;&nbsp;ID_13
<LI><a href="#[b7]">&gt;&gt;</a>&nbsp;&nbsp;&nbsp;ID_12
<LI><a href="#[b6]">&gt;&gt;</a>&nbsp;&nbsp;&nbsp;ID_11
<LI><a href="#[b5]">&gt;&gt;</a>&nbsp;&nbsp;&nbsp;ID_10
<LI><a href="#[b4]">&gt;&gt;</a>&nbsp;&nbsp;&nbsp;ID_9
<LI><a href="#[b3]">&gt;&gt;</a>&nbsp;&nbsp;&nbsp;ID_8
<LI><a href="#[b2]">&gt;&gt;</a>&nbsp;&nbsp;&nbsp;ID_7
<LI><a href="#[b1]">&gt;&gt;</a>&nbsp;&nbsp;&nbsp;ID_6
<LI><a href="#[b0]">&gt;&gt;</a>&nbsp;&nbsp;&nbsp;ID_5
<LI><a href="#[af]">&gt;&gt;</a>&nbsp;&nbsp;&nbsp;ID_4
<LI><a href="#[ae]">&gt;&gt;</a>&nbsp;&nbsp;&nbsp;ID_3
<LI><a href="#[ad]">&gt;&gt;</a>&nbsp;&nbsp;&nbsp;ID_2
<LI><a href="#[ac]">&gt;&gt;</a>&nbsp;&nbsp;&nbsp;ID_1
<LI><a href="#[61]">&gt;&gt;</a>&nbsp;&nbsp;&nbsp;ID_0
</UL>

<P><STRONG><a name="[1be]"></a>Motor_Chest</STRONG> (Thumb, 2 bytes, Stack size 0 bytes, jiexi.o(.text), UNUSED)

<P><STRONG><a name="[53]"></a>Forward</STRONG> (Thumb, 30 bytes, Stack size 0 bytes, jiexi.o(.text), UNUSED)
<BR><BR>[Called By]<UL><LI><a href="#[52]">&gt;&gt;</a>&nbsp;&nbsp;&nbsp;Keep_Walking
</UL>

<P><STRONG><a name="[1bf]"></a>Backward</STRONG> (Thumb, 24 bytes, Stack size 0 bytes, jiexi.o(.text), UNUSED)

<P><STRONG><a name="[1c0]"></a>Turn_Left</STRONG> (Thumb, 22 bytes, Stack size 0 bytes, jiexi.o(.text), UNUSED)

<P><STRONG><a name="[1c1]"></a>Turn_Right</STRONG> (Thumb, 22 bytes, Stack size 0 bytes, jiexi.o(.text), UNUSED)

<P><STRONG><a name="[1c2]"></a>Stop</STRONG> (Thumb, 24 bytes, Stack size 0 bytes, jiexi.o(.text), UNUSED)

<P><STRONG><a name="[a3]"></a>diaot</STRONG> (Thumb, 28 bytes, Stack size 0 bytes, jiexi.o(.text))
<BR><BR>[Called By]<UL><LI><a href="#[a2]">&gt;&gt;</a>&nbsp;&nbsp;&nbsp;walking_motor
</UL>

<P><STRONG><a name="[a2]"></a>walking_motor</STRONG> (Thumb, 398 bytes, Stack size 24 bytes, jiexi.o(.text))
<BR><BR>[Stack]<UL><LI>Max Depth = 32<LI>Call Chain = walking_motor &rArr; PIDinit
</UL>
<BR>[Calls]<UL><LI><a href="#[a4]">&gt;&gt;</a>&nbsp;&nbsp;&nbsp;PIDinit
<LI><a href="#[a5]">&gt;&gt;</a>&nbsp;&nbsp;&nbsp;PID_SetParameter
<LI><a href="#[a3]">&gt;&gt;</a>&nbsp;&nbsp;&nbsp;diaot
<LI><a href="#[70]">&gt;&gt;</a>&nbsp;&nbsp;&nbsp;set_walkingmotor_speed
</UL>
<BR>[Called By]<UL><LI><a href="#[bf]">&gt;&gt;</a>&nbsp;&nbsp;&nbsp;ID_20
<LI><a href="#[be]">&gt;&gt;</a>&nbsp;&nbsp;&nbsp;ID_19
<LI><a href="#[bd]">&gt;&gt;</a>&nbsp;&nbsp;&nbsp;ID_18
<LI><a href="#[bc]">&gt;&gt;</a>&nbsp;&nbsp;&nbsp;ID_17
<LI><a href="#[bb]">&gt;&gt;</a>&nbsp;&nbsp;&nbsp;ID_16
<LI><a href="#[ba]">&gt;&gt;</a>&nbsp;&nbsp;&nbsp;ID_15
<LI><a href="#[b9]">&gt;&gt;</a>&nbsp;&nbsp;&nbsp;ID_14
<LI><a href="#[b8]">&gt;&gt;</a>&nbsp;&nbsp;&nbsp;ID_13
<LI><a href="#[b7]">&gt;&gt;</a>&nbsp;&nbsp;&nbsp;ID_12
<LI><a href="#[b6]">&gt;&gt;</a>&nbsp;&nbsp;&nbsp;ID_11
<LI><a href="#[b5]">&gt;&gt;</a>&nbsp;&nbsp;&nbsp;ID_10
<LI><a href="#[b4]">&gt;&gt;</a>&nbsp;&nbsp;&nbsp;ID_9
<LI><a href="#[b3]">&gt;&gt;</a>&nbsp;&nbsp;&nbsp;ID_8
<LI><a href="#[b2]">&gt;&gt;</a>&nbsp;&nbsp;&nbsp;ID_7
<LI><a href="#[b1]">&gt;&gt;</a>&nbsp;&nbsp;&nbsp;ID_6
<LI><a href="#[b0]">&gt;&gt;</a>&nbsp;&nbsp;&nbsp;ID_5
<LI><a href="#[af]">&gt;&gt;</a>&nbsp;&nbsp;&nbsp;ID_4
<LI><a href="#[ae]">&gt;&gt;</a>&nbsp;&nbsp;&nbsp;ID_3
<LI><a href="#[ad]">&gt;&gt;</a>&nbsp;&nbsp;&nbsp;ID_2
<LI><a href="#[ac]">&gt;&gt;</a>&nbsp;&nbsp;&nbsp;ID_1
<LI><a href="#[61]">&gt;&gt;</a>&nbsp;&nbsp;&nbsp;ID_0
</UL>

<P><STRONG><a name="[a6]"></a>biaoqing</STRONG> (Thumb, 532 bytes, Stack size 8 bytes, jiexi.o(.text))
<BR><BR>[Stack]<UL><LI>Max Depth = 264<LI>Call Chain = biaoqing &rArr; usart1Printf &rArr; __c89vsnprintf
</UL>
<BR>[Calls]<UL><LI><a href="#[a7]">&gt;&gt;</a>&nbsp;&nbsp;&nbsp;usart1Printf
</UL>
<BR>[Called By]<UL><LI><a href="#[bf]">&gt;&gt;</a>&nbsp;&nbsp;&nbsp;ID_20
<LI><a href="#[be]">&gt;&gt;</a>&nbsp;&nbsp;&nbsp;ID_19
<LI><a href="#[bd]">&gt;&gt;</a>&nbsp;&nbsp;&nbsp;ID_18
<LI><a href="#[bc]">&gt;&gt;</a>&nbsp;&nbsp;&nbsp;ID_17
<LI><a href="#[bb]">&gt;&gt;</a>&nbsp;&nbsp;&nbsp;ID_16
<LI><a href="#[ba]">&gt;&gt;</a>&nbsp;&nbsp;&nbsp;ID_15
<LI><a href="#[b9]">&gt;&gt;</a>&nbsp;&nbsp;&nbsp;ID_14
<LI><a href="#[b8]">&gt;&gt;</a>&nbsp;&nbsp;&nbsp;ID_13
<LI><a href="#[b7]">&gt;&gt;</a>&nbsp;&nbsp;&nbsp;ID_12
<LI><a href="#[b6]">&gt;&gt;</a>&nbsp;&nbsp;&nbsp;ID_11
<LI><a href="#[b5]">&gt;&gt;</a>&nbsp;&nbsp;&nbsp;ID_10
<LI><a href="#[b4]">&gt;&gt;</a>&nbsp;&nbsp;&nbsp;ID_9
<LI><a href="#[b3]">&gt;&gt;</a>&nbsp;&nbsp;&nbsp;ID_8
<LI><a href="#[b2]">&gt;&gt;</a>&nbsp;&nbsp;&nbsp;ID_7
<LI><a href="#[b1]">&gt;&gt;</a>&nbsp;&nbsp;&nbsp;ID_6
<LI><a href="#[b0]">&gt;&gt;</a>&nbsp;&nbsp;&nbsp;ID_5
<LI><a href="#[af]">&gt;&gt;</a>&nbsp;&nbsp;&nbsp;ID_4
<LI><a href="#[ae]">&gt;&gt;</a>&nbsp;&nbsp;&nbsp;ID_3
<LI><a href="#[ad]">&gt;&gt;</a>&nbsp;&nbsp;&nbsp;ID_2
<LI><a href="#[ac]">&gt;&gt;</a>&nbsp;&nbsp;&nbsp;ID_1
<LI><a href="#[61]">&gt;&gt;</a>&nbsp;&nbsp;&nbsp;ID_0
</UL>

<P><STRONG><a name="[a8]"></a>dengtiao</STRONG> (Thumb, 58 bytes, Stack size 8 bytes, jiexi.o(.text))
<BR><BR>[Stack]<UL><LI>Max Depth = 264<LI>Call Chain = dengtiao &rArr; usart1Printf &rArr; __c89vsnprintf
</UL>
<BR>[Calls]<UL><LI><a href="#[a7]">&gt;&gt;</a>&nbsp;&nbsp;&nbsp;usart1Printf
</UL>
<BR>[Called By]<UL><LI><a href="#[bf]">&gt;&gt;</a>&nbsp;&nbsp;&nbsp;ID_20
<LI><a href="#[be]">&gt;&gt;</a>&nbsp;&nbsp;&nbsp;ID_19
<LI><a href="#[bd]">&gt;&gt;</a>&nbsp;&nbsp;&nbsp;ID_18
<LI><a href="#[bc]">&gt;&gt;</a>&nbsp;&nbsp;&nbsp;ID_17
<LI><a href="#[bb]">&gt;&gt;</a>&nbsp;&nbsp;&nbsp;ID_16
<LI><a href="#[ba]">&gt;&gt;</a>&nbsp;&nbsp;&nbsp;ID_15
<LI><a href="#[b9]">&gt;&gt;</a>&nbsp;&nbsp;&nbsp;ID_14
<LI><a href="#[b8]">&gt;&gt;</a>&nbsp;&nbsp;&nbsp;ID_13
<LI><a href="#[b7]">&gt;&gt;</a>&nbsp;&nbsp;&nbsp;ID_12
<LI><a href="#[b6]">&gt;&gt;</a>&nbsp;&nbsp;&nbsp;ID_11
<LI><a href="#[b5]">&gt;&gt;</a>&nbsp;&nbsp;&nbsp;ID_10
<LI><a href="#[b4]">&gt;&gt;</a>&nbsp;&nbsp;&nbsp;ID_9
<LI><a href="#[b3]">&gt;&gt;</a>&nbsp;&nbsp;&nbsp;ID_8
<LI><a href="#[b2]">&gt;&gt;</a>&nbsp;&nbsp;&nbsp;ID_7
<LI><a href="#[b1]">&gt;&gt;</a>&nbsp;&nbsp;&nbsp;ID_6
<LI><a href="#[b0]">&gt;&gt;</a>&nbsp;&nbsp;&nbsp;ID_5
<LI><a href="#[af]">&gt;&gt;</a>&nbsp;&nbsp;&nbsp;ID_4
<LI><a href="#[ae]">&gt;&gt;</a>&nbsp;&nbsp;&nbsp;ID_3
<LI><a href="#[ad]">&gt;&gt;</a>&nbsp;&nbsp;&nbsp;ID_2
<LI><a href="#[ac]">&gt;&gt;</a>&nbsp;&nbsp;&nbsp;ID_1
<LI><a href="#[61]">&gt;&gt;</a>&nbsp;&nbsp;&nbsp;ID_0
</UL>

<P><STRONG><a name="[61]"></a>ID_0</STRONG> (Thumb, 672 bytes, Stack size 48 bytes, jiexi.o(.text))
<BR><BR>[Stack]<UL><LI>Max Depth = 320<LI>Call Chain = ID_0 &rArr; Waist &rArr; usart3Printf &rArr; __c89vsnprintf
</UL>
<BR>[Calls]<UL><LI><a href="#[aa]">&gt;&gt;</a>&nbsp;&nbsp;&nbsp;SetObst
<LI><a href="#[ab]">&gt;&gt;</a>&nbsp;&nbsp;&nbsp;SetLimit
<LI><a href="#[a9]">&gt;&gt;</a>&nbsp;&nbsp;&nbsp;SetExpress
<LI><a href="#[a8]">&gt;&gt;</a>&nbsp;&nbsp;&nbsp;dengtiao
<LI><a href="#[a6]">&gt;&gt;</a>&nbsp;&nbsp;&nbsp;biaoqing
<LI><a href="#[a2]">&gt;&gt;</a>&nbsp;&nbsp;&nbsp;walking_motor
<LI><a href="#[a1]">&gt;&gt;</a>&nbsp;&nbsp;&nbsp;Waist
<LI><a href="#[a0]">&gt;&gt;</a>&nbsp;&nbsp;&nbsp;Chest
<LI><a href="#[9f]">&gt;&gt;</a>&nbsp;&nbsp;&nbsp;Motor_Arm_Right
<LI><a href="#[9e]">&gt;&gt;</a>&nbsp;&nbsp;&nbsp;Motor_Arm_Left
<LI><a href="#[9b]">&gt;&gt;</a>&nbsp;&nbsp;&nbsp;Motor_Head
<LI><a href="#[56]">&gt;&gt;</a>&nbsp;&nbsp;&nbsp;ASC_To_Valu
</UL>
<BR>[Called By]<UL><LI><a href="#[60]">&gt;&gt;</a>&nbsp;&nbsp;&nbsp;jiexi_data
</UL>

<P><STRONG><a name="[ac]"></a>ID_1</STRONG> (Thumb, 610 bytes, Stack size 48 bytes, jiexi.o(.text))
<BR><BR>[Stack]<UL><LI>Max Depth = 320<LI>Call Chain = ID_1 &rArr; Waist &rArr; usart3Printf &rArr; __c89vsnprintf
</UL>
<BR>[Calls]<UL><LI><a href="#[a8]">&gt;&gt;</a>&nbsp;&nbsp;&nbsp;dengtiao
<LI><a href="#[a6]">&gt;&gt;</a>&nbsp;&nbsp;&nbsp;biaoqing
<LI><a href="#[a2]">&gt;&gt;</a>&nbsp;&nbsp;&nbsp;walking_motor
<LI><a href="#[a1]">&gt;&gt;</a>&nbsp;&nbsp;&nbsp;Waist
<LI><a href="#[a0]">&gt;&gt;</a>&nbsp;&nbsp;&nbsp;Chest
<LI><a href="#[9f]">&gt;&gt;</a>&nbsp;&nbsp;&nbsp;Motor_Arm_Right
<LI><a href="#[9e]">&gt;&gt;</a>&nbsp;&nbsp;&nbsp;Motor_Arm_Left
<LI><a href="#[9b]">&gt;&gt;</a>&nbsp;&nbsp;&nbsp;Motor_Head
<LI><a href="#[56]">&gt;&gt;</a>&nbsp;&nbsp;&nbsp;ASC_To_Valu
</UL>
<BR>[Called By]<UL><LI><a href="#[7c]">&gt;&gt;</a>&nbsp;&nbsp;&nbsp;jiexi_ID
</UL>

<P><STRONG><a name="[ad]"></a>ID_2</STRONG> (Thumb, 574 bytes, Stack size 48 bytes, jiexi.o(.text))
<BR><BR>[Stack]<UL><LI>Max Depth = 320<LI>Call Chain = ID_2 &rArr; Waist &rArr; usart3Printf &rArr; __c89vsnprintf
</UL>
<BR>[Calls]<UL><LI><a href="#[a8]">&gt;&gt;</a>&nbsp;&nbsp;&nbsp;dengtiao
<LI><a href="#[a6]">&gt;&gt;</a>&nbsp;&nbsp;&nbsp;biaoqing
<LI><a href="#[a2]">&gt;&gt;</a>&nbsp;&nbsp;&nbsp;walking_motor
<LI><a href="#[a1]">&gt;&gt;</a>&nbsp;&nbsp;&nbsp;Waist
<LI><a href="#[a0]">&gt;&gt;</a>&nbsp;&nbsp;&nbsp;Chest
<LI><a href="#[9f]">&gt;&gt;</a>&nbsp;&nbsp;&nbsp;Motor_Arm_Right
<LI><a href="#[9e]">&gt;&gt;</a>&nbsp;&nbsp;&nbsp;Motor_Arm_Left
<LI><a href="#[9b]">&gt;&gt;</a>&nbsp;&nbsp;&nbsp;Motor_Head
<LI><a href="#[56]">&gt;&gt;</a>&nbsp;&nbsp;&nbsp;ASC_To_Valu
</UL>
<BR>[Called By]<UL><LI><a href="#[7c]">&gt;&gt;</a>&nbsp;&nbsp;&nbsp;jiexi_ID
</UL>

<P><STRONG><a name="[ae]"></a>ID_3</STRONG> (Thumb, 596 bytes, Stack size 48 bytes, jiexi.o(.text))
<BR><BR>[Stack]<UL><LI>Max Depth = 320<LI>Call Chain = ID_3 &rArr; Waist &rArr; usart3Printf &rArr; __c89vsnprintf
</UL>
<BR>[Calls]<UL><LI><a href="#[a8]">&gt;&gt;</a>&nbsp;&nbsp;&nbsp;dengtiao
<LI><a href="#[a6]">&gt;&gt;</a>&nbsp;&nbsp;&nbsp;biaoqing
<LI><a href="#[a2]">&gt;&gt;</a>&nbsp;&nbsp;&nbsp;walking_motor
<LI><a href="#[a1]">&gt;&gt;</a>&nbsp;&nbsp;&nbsp;Waist
<LI><a href="#[a0]">&gt;&gt;</a>&nbsp;&nbsp;&nbsp;Chest
<LI><a href="#[9f]">&gt;&gt;</a>&nbsp;&nbsp;&nbsp;Motor_Arm_Right
<LI><a href="#[9e]">&gt;&gt;</a>&nbsp;&nbsp;&nbsp;Motor_Arm_Left
<LI><a href="#[9b]">&gt;&gt;</a>&nbsp;&nbsp;&nbsp;Motor_Head
<LI><a href="#[56]">&gt;&gt;</a>&nbsp;&nbsp;&nbsp;ASC_To_Valu
</UL>
<BR>[Called By]<UL><LI><a href="#[7c]">&gt;&gt;</a>&nbsp;&nbsp;&nbsp;jiexi_ID
</UL>

<P><STRONG><a name="[af]"></a>ID_4</STRONG> (Thumb, 592 bytes, Stack size 48 bytes, jiexi.o(.text))
<BR><BR>[Stack]<UL><LI>Max Depth = 320<LI>Call Chain = ID_4 &rArr; Waist &rArr; usart3Printf &rArr; __c89vsnprintf
</UL>
<BR>[Calls]<UL><LI><a href="#[a8]">&gt;&gt;</a>&nbsp;&nbsp;&nbsp;dengtiao
<LI><a href="#[a6]">&gt;&gt;</a>&nbsp;&nbsp;&nbsp;biaoqing
<LI><a href="#[a2]">&gt;&gt;</a>&nbsp;&nbsp;&nbsp;walking_motor
<LI><a href="#[a1]">&gt;&gt;</a>&nbsp;&nbsp;&nbsp;Waist
<LI><a href="#[a0]">&gt;&gt;</a>&nbsp;&nbsp;&nbsp;Chest
<LI><a href="#[9f]">&gt;&gt;</a>&nbsp;&nbsp;&nbsp;Motor_Arm_Right
<LI><a href="#[9e]">&gt;&gt;</a>&nbsp;&nbsp;&nbsp;Motor_Arm_Left
<LI><a href="#[9b]">&gt;&gt;</a>&nbsp;&nbsp;&nbsp;Motor_Head
<LI><a href="#[56]">&gt;&gt;</a>&nbsp;&nbsp;&nbsp;ASC_To_Valu
</UL>
<BR>[Called By]<UL><LI><a href="#[7c]">&gt;&gt;</a>&nbsp;&nbsp;&nbsp;jiexi_ID
</UL>

<P><STRONG><a name="[b0]"></a>ID_5</STRONG> (Thumb, 574 bytes, Stack size 48 bytes, jiexi.o(.text))
<BR><BR>[Stack]<UL><LI>Max Depth = 320<LI>Call Chain = ID_5 &rArr; Waist &rArr; usart3Printf &rArr; __c89vsnprintf
</UL>
<BR>[Calls]<UL><LI><a href="#[a8]">&gt;&gt;</a>&nbsp;&nbsp;&nbsp;dengtiao
<LI><a href="#[a6]">&gt;&gt;</a>&nbsp;&nbsp;&nbsp;biaoqing
<LI><a href="#[a2]">&gt;&gt;</a>&nbsp;&nbsp;&nbsp;walking_motor
<LI><a href="#[a1]">&gt;&gt;</a>&nbsp;&nbsp;&nbsp;Waist
<LI><a href="#[a0]">&gt;&gt;</a>&nbsp;&nbsp;&nbsp;Chest
<LI><a href="#[9f]">&gt;&gt;</a>&nbsp;&nbsp;&nbsp;Motor_Arm_Right
<LI><a href="#[9e]">&gt;&gt;</a>&nbsp;&nbsp;&nbsp;Motor_Arm_Left
<LI><a href="#[9b]">&gt;&gt;</a>&nbsp;&nbsp;&nbsp;Motor_Head
<LI><a href="#[56]">&gt;&gt;</a>&nbsp;&nbsp;&nbsp;ASC_To_Valu
</UL>
<BR>[Called By]<UL><LI><a href="#[7c]">&gt;&gt;</a>&nbsp;&nbsp;&nbsp;jiexi_ID
</UL>

<P><STRONG><a name="[b1]"></a>ID_6</STRONG> (Thumb, 592 bytes, Stack size 48 bytes, jiexi.o(.text))
<BR><BR>[Stack]<UL><LI>Max Depth = 320<LI>Call Chain = ID_6 &rArr; Waist &rArr; usart3Printf &rArr; __c89vsnprintf
</UL>
<BR>[Calls]<UL><LI><a href="#[a8]">&gt;&gt;</a>&nbsp;&nbsp;&nbsp;dengtiao
<LI><a href="#[a6]">&gt;&gt;</a>&nbsp;&nbsp;&nbsp;biaoqing
<LI><a href="#[a2]">&gt;&gt;</a>&nbsp;&nbsp;&nbsp;walking_motor
<LI><a href="#[a1]">&gt;&gt;</a>&nbsp;&nbsp;&nbsp;Waist
<LI><a href="#[a0]">&gt;&gt;</a>&nbsp;&nbsp;&nbsp;Chest
<LI><a href="#[9f]">&gt;&gt;</a>&nbsp;&nbsp;&nbsp;Motor_Arm_Right
<LI><a href="#[9e]">&gt;&gt;</a>&nbsp;&nbsp;&nbsp;Motor_Arm_Left
<LI><a href="#[9b]">&gt;&gt;</a>&nbsp;&nbsp;&nbsp;Motor_Head
<LI><a href="#[56]">&gt;&gt;</a>&nbsp;&nbsp;&nbsp;ASC_To_Valu
</UL>
<BR>[Called By]<UL><LI><a href="#[7c]">&gt;&gt;</a>&nbsp;&nbsp;&nbsp;jiexi_ID
</UL>

<P><STRONG><a name="[b2]"></a>ID_7</STRONG> (Thumb, 574 bytes, Stack size 48 bytes, jiexi.o(.text))
<BR><BR>[Stack]<UL><LI>Max Depth = 320<LI>Call Chain = ID_7 &rArr; Waist &rArr; usart3Printf &rArr; __c89vsnprintf
</UL>
<BR>[Calls]<UL><LI><a href="#[a8]">&gt;&gt;</a>&nbsp;&nbsp;&nbsp;dengtiao
<LI><a href="#[a6]">&gt;&gt;</a>&nbsp;&nbsp;&nbsp;biaoqing
<LI><a href="#[a2]">&gt;&gt;</a>&nbsp;&nbsp;&nbsp;walking_motor
<LI><a href="#[a1]">&gt;&gt;</a>&nbsp;&nbsp;&nbsp;Waist
<LI><a href="#[a0]">&gt;&gt;</a>&nbsp;&nbsp;&nbsp;Chest
<LI><a href="#[9f]">&gt;&gt;</a>&nbsp;&nbsp;&nbsp;Motor_Arm_Right
<LI><a href="#[9e]">&gt;&gt;</a>&nbsp;&nbsp;&nbsp;Motor_Arm_Left
<LI><a href="#[9b]">&gt;&gt;</a>&nbsp;&nbsp;&nbsp;Motor_Head
<LI><a href="#[56]">&gt;&gt;</a>&nbsp;&nbsp;&nbsp;ASC_To_Valu
</UL>
<BR>[Called By]<UL><LI><a href="#[7c]">&gt;&gt;</a>&nbsp;&nbsp;&nbsp;jiexi_ID
</UL>

<P><STRONG><a name="[b3]"></a>ID_8</STRONG> (Thumb, 596 bytes, Stack size 48 bytes, jiexi.o(.text))
<BR><BR>[Stack]<UL><LI>Max Depth = 320<LI>Call Chain = ID_8 &rArr; Waist &rArr; usart3Printf &rArr; __c89vsnprintf
</UL>
<BR>[Calls]<UL><LI><a href="#[a8]">&gt;&gt;</a>&nbsp;&nbsp;&nbsp;dengtiao
<LI><a href="#[a6]">&gt;&gt;</a>&nbsp;&nbsp;&nbsp;biaoqing
<LI><a href="#[a2]">&gt;&gt;</a>&nbsp;&nbsp;&nbsp;walking_motor
<LI><a href="#[a1]">&gt;&gt;</a>&nbsp;&nbsp;&nbsp;Waist
<LI><a href="#[a0]">&gt;&gt;</a>&nbsp;&nbsp;&nbsp;Chest
<LI><a href="#[9f]">&gt;&gt;</a>&nbsp;&nbsp;&nbsp;Motor_Arm_Right
<LI><a href="#[9e]">&gt;&gt;</a>&nbsp;&nbsp;&nbsp;Motor_Arm_Left
<LI><a href="#[9b]">&gt;&gt;</a>&nbsp;&nbsp;&nbsp;Motor_Head
<LI><a href="#[56]">&gt;&gt;</a>&nbsp;&nbsp;&nbsp;ASC_To_Valu
</UL>
<BR>[Called By]<UL><LI><a href="#[7c]">&gt;&gt;</a>&nbsp;&nbsp;&nbsp;jiexi_ID
</UL>

<P><STRONG><a name="[b4]"></a>ID_9</STRONG> (Thumb, 574 bytes, Stack size 48 bytes, jiexi.o(.text))
<BR><BR>[Stack]<UL><LI>Max Depth = 320<LI>Call Chain = ID_9 &rArr; Waist &rArr; usart3Printf &rArr; __c89vsnprintf
</UL>
<BR>[Calls]<UL><LI><a href="#[a8]">&gt;&gt;</a>&nbsp;&nbsp;&nbsp;dengtiao
<LI><a href="#[a6]">&gt;&gt;</a>&nbsp;&nbsp;&nbsp;biaoqing
<LI><a href="#[a2]">&gt;&gt;</a>&nbsp;&nbsp;&nbsp;walking_motor
<LI><a href="#[a1]">&gt;&gt;</a>&nbsp;&nbsp;&nbsp;Waist
<LI><a href="#[a0]">&gt;&gt;</a>&nbsp;&nbsp;&nbsp;Chest
<LI><a href="#[9f]">&gt;&gt;</a>&nbsp;&nbsp;&nbsp;Motor_Arm_Right
<LI><a href="#[9e]">&gt;&gt;</a>&nbsp;&nbsp;&nbsp;Motor_Arm_Left
<LI><a href="#[9b]">&gt;&gt;</a>&nbsp;&nbsp;&nbsp;Motor_Head
<LI><a href="#[56]">&gt;&gt;</a>&nbsp;&nbsp;&nbsp;ASC_To_Valu
</UL>
<BR>[Called By]<UL><LI><a href="#[7c]">&gt;&gt;</a>&nbsp;&nbsp;&nbsp;jiexi_ID
</UL>

<P><STRONG><a name="[b5]"></a>ID_10</STRONG> (Thumb, 596 bytes, Stack size 48 bytes, jiexi.o(.text))
<BR><BR>[Stack]<UL><LI>Max Depth = 320<LI>Call Chain = ID_10 &rArr; Waist &rArr; usart3Printf &rArr; __c89vsnprintf
</UL>
<BR>[Calls]<UL><LI><a href="#[a8]">&gt;&gt;</a>&nbsp;&nbsp;&nbsp;dengtiao
<LI><a href="#[a6]">&gt;&gt;</a>&nbsp;&nbsp;&nbsp;biaoqing
<LI><a href="#[a2]">&gt;&gt;</a>&nbsp;&nbsp;&nbsp;walking_motor
<LI><a href="#[a1]">&gt;&gt;</a>&nbsp;&nbsp;&nbsp;Waist
<LI><a href="#[a0]">&gt;&gt;</a>&nbsp;&nbsp;&nbsp;Chest
<LI><a href="#[9f]">&gt;&gt;</a>&nbsp;&nbsp;&nbsp;Motor_Arm_Right
<LI><a href="#[9e]">&gt;&gt;</a>&nbsp;&nbsp;&nbsp;Motor_Arm_Left
<LI><a href="#[9b]">&gt;&gt;</a>&nbsp;&nbsp;&nbsp;Motor_Head
<LI><a href="#[56]">&gt;&gt;</a>&nbsp;&nbsp;&nbsp;ASC_To_Valu
</UL>
<BR>[Called By]<UL><LI><a href="#[7c]">&gt;&gt;</a>&nbsp;&nbsp;&nbsp;jiexi_ID
</UL>

<P><STRONG><a name="[b6]"></a>ID_11</STRONG> (Thumb, 574 bytes, Stack size 48 bytes, jiexi.o(.text))
<BR><BR>[Stack]<UL><LI>Max Depth = 320<LI>Call Chain = ID_11 &rArr; Waist &rArr; usart3Printf &rArr; __c89vsnprintf
</UL>
<BR>[Calls]<UL><LI><a href="#[a8]">&gt;&gt;</a>&nbsp;&nbsp;&nbsp;dengtiao
<LI><a href="#[a6]">&gt;&gt;</a>&nbsp;&nbsp;&nbsp;biaoqing
<LI><a href="#[a2]">&gt;&gt;</a>&nbsp;&nbsp;&nbsp;walking_motor
<LI><a href="#[a1]">&gt;&gt;</a>&nbsp;&nbsp;&nbsp;Waist
<LI><a href="#[a0]">&gt;&gt;</a>&nbsp;&nbsp;&nbsp;Chest
<LI><a href="#[9f]">&gt;&gt;</a>&nbsp;&nbsp;&nbsp;Motor_Arm_Right
<LI><a href="#[9e]">&gt;&gt;</a>&nbsp;&nbsp;&nbsp;Motor_Arm_Left
<LI><a href="#[9b]">&gt;&gt;</a>&nbsp;&nbsp;&nbsp;Motor_Head
<LI><a href="#[56]">&gt;&gt;</a>&nbsp;&nbsp;&nbsp;ASC_To_Valu
</UL>
<BR>[Called By]<UL><LI><a href="#[7c]">&gt;&gt;</a>&nbsp;&nbsp;&nbsp;jiexi_ID
</UL>

<P><STRONG><a name="[b7]"></a>ID_12</STRONG> (Thumb, 596 bytes, Stack size 48 bytes, jiexi.o(.text))
<BR><BR>[Stack]<UL><LI>Max Depth = 320<LI>Call Chain = ID_12 &rArr; Waist &rArr; usart3Printf &rArr; __c89vsnprintf
</UL>
<BR>[Calls]<UL><LI><a href="#[a8]">&gt;&gt;</a>&nbsp;&nbsp;&nbsp;dengtiao
<LI><a href="#[a6]">&gt;&gt;</a>&nbsp;&nbsp;&nbsp;biaoqing
<LI><a href="#[a2]">&gt;&gt;</a>&nbsp;&nbsp;&nbsp;walking_motor
<LI><a href="#[a1]">&gt;&gt;</a>&nbsp;&nbsp;&nbsp;Waist
<LI><a href="#[a0]">&gt;&gt;</a>&nbsp;&nbsp;&nbsp;Chest
<LI><a href="#[9f]">&gt;&gt;</a>&nbsp;&nbsp;&nbsp;Motor_Arm_Right
<LI><a href="#[9e]">&gt;&gt;</a>&nbsp;&nbsp;&nbsp;Motor_Arm_Left
<LI><a href="#[9b]">&gt;&gt;</a>&nbsp;&nbsp;&nbsp;Motor_Head
<LI><a href="#[56]">&gt;&gt;</a>&nbsp;&nbsp;&nbsp;ASC_To_Valu
</UL>
<BR>[Called By]<UL><LI><a href="#[7c]">&gt;&gt;</a>&nbsp;&nbsp;&nbsp;jiexi_ID
</UL>

<P><STRONG><a name="[b8]"></a>ID_13</STRONG> (Thumb, 574 bytes, Stack size 48 bytes, jiexi.o(.text))
<BR><BR>[Stack]<UL><LI>Max Depth = 320<LI>Call Chain = ID_13 &rArr; Waist &rArr; usart3Printf &rArr; __c89vsnprintf
</UL>
<BR>[Calls]<UL><LI><a href="#[a8]">&gt;&gt;</a>&nbsp;&nbsp;&nbsp;dengtiao
<LI><a href="#[a6]">&gt;&gt;</a>&nbsp;&nbsp;&nbsp;biaoqing
<LI><a href="#[a2]">&gt;&gt;</a>&nbsp;&nbsp;&nbsp;walking_motor
<LI><a href="#[a1]">&gt;&gt;</a>&nbsp;&nbsp;&nbsp;Waist
<LI><a href="#[a0]">&gt;&gt;</a>&nbsp;&nbsp;&nbsp;Chest
<LI><a href="#[9f]">&gt;&gt;</a>&nbsp;&nbsp;&nbsp;Motor_Arm_Right
<LI><a href="#[9e]">&gt;&gt;</a>&nbsp;&nbsp;&nbsp;Motor_Arm_Left
<LI><a href="#[9b]">&gt;&gt;</a>&nbsp;&nbsp;&nbsp;Motor_Head
<LI><a href="#[56]">&gt;&gt;</a>&nbsp;&nbsp;&nbsp;ASC_To_Valu
</UL>
<BR>[Called By]<UL><LI><a href="#[7c]">&gt;&gt;</a>&nbsp;&nbsp;&nbsp;jiexi_ID
</UL>

<P><STRONG><a name="[b9]"></a>ID_14</STRONG> (Thumb, 596 bytes, Stack size 48 bytes, jiexi.o(.text))
<BR><BR>[Stack]<UL><LI>Max Depth = 320<LI>Call Chain = ID_14 &rArr; Waist &rArr; usart3Printf &rArr; __c89vsnprintf
</UL>
<BR>[Calls]<UL><LI><a href="#[a8]">&gt;&gt;</a>&nbsp;&nbsp;&nbsp;dengtiao
<LI><a href="#[a6]">&gt;&gt;</a>&nbsp;&nbsp;&nbsp;biaoqing
<LI><a href="#[a2]">&gt;&gt;</a>&nbsp;&nbsp;&nbsp;walking_motor
<LI><a href="#[a1]">&gt;&gt;</a>&nbsp;&nbsp;&nbsp;Waist
<LI><a href="#[a0]">&gt;&gt;</a>&nbsp;&nbsp;&nbsp;Chest
<LI><a href="#[9f]">&gt;&gt;</a>&nbsp;&nbsp;&nbsp;Motor_Arm_Right
<LI><a href="#[9e]">&gt;&gt;</a>&nbsp;&nbsp;&nbsp;Motor_Arm_Left
<LI><a href="#[9b]">&gt;&gt;</a>&nbsp;&nbsp;&nbsp;Motor_Head
<LI><a href="#[56]">&gt;&gt;</a>&nbsp;&nbsp;&nbsp;ASC_To_Valu
</UL>
<BR>[Called By]<UL><LI><a href="#[7c]">&gt;&gt;</a>&nbsp;&nbsp;&nbsp;jiexi_ID
</UL>

<P><STRONG><a name="[ba]"></a>ID_15</STRONG> (Thumb, 574 bytes, Stack size 48 bytes, jiexi.o(.text))
<BR><BR>[Stack]<UL><LI>Max Depth = 320<LI>Call Chain = ID_15 &rArr; Waist &rArr; usart3Printf &rArr; __c89vsnprintf
</UL>
<BR>[Calls]<UL><LI><a href="#[a8]">&gt;&gt;</a>&nbsp;&nbsp;&nbsp;dengtiao
<LI><a href="#[a6]">&gt;&gt;</a>&nbsp;&nbsp;&nbsp;biaoqing
<LI><a href="#[a2]">&gt;&gt;</a>&nbsp;&nbsp;&nbsp;walking_motor
<LI><a href="#[a1]">&gt;&gt;</a>&nbsp;&nbsp;&nbsp;Waist
<LI><a href="#[a0]">&gt;&gt;</a>&nbsp;&nbsp;&nbsp;Chest
<LI><a href="#[9f]">&gt;&gt;</a>&nbsp;&nbsp;&nbsp;Motor_Arm_Right
<LI><a href="#[9e]">&gt;&gt;</a>&nbsp;&nbsp;&nbsp;Motor_Arm_Left
<LI><a href="#[9b]">&gt;&gt;</a>&nbsp;&nbsp;&nbsp;Motor_Head
<LI><a href="#[56]">&gt;&gt;</a>&nbsp;&nbsp;&nbsp;ASC_To_Valu
</UL>
<BR>[Called By]<UL><LI><a href="#[7c]">&gt;&gt;</a>&nbsp;&nbsp;&nbsp;jiexi_ID
</UL>

<P><STRONG><a name="[bb]"></a>ID_16</STRONG> (Thumb, 596 bytes, Stack size 48 bytes, jiexi.o(.text))
<BR><BR>[Stack]<UL><LI>Max Depth = 320<LI>Call Chain = ID_16 &rArr; Waist &rArr; usart3Printf &rArr; __c89vsnprintf
</UL>
<BR>[Calls]<UL><LI><a href="#[a8]">&gt;&gt;</a>&nbsp;&nbsp;&nbsp;dengtiao
<LI><a href="#[a6]">&gt;&gt;</a>&nbsp;&nbsp;&nbsp;biaoqing
<LI><a href="#[a2]">&gt;&gt;</a>&nbsp;&nbsp;&nbsp;walking_motor
<LI><a href="#[a1]">&gt;&gt;</a>&nbsp;&nbsp;&nbsp;Waist
<LI><a href="#[a0]">&gt;&gt;</a>&nbsp;&nbsp;&nbsp;Chest
<LI><a href="#[9f]">&gt;&gt;</a>&nbsp;&nbsp;&nbsp;Motor_Arm_Right
<LI><a href="#[9e]">&gt;&gt;</a>&nbsp;&nbsp;&nbsp;Motor_Arm_Left
<LI><a href="#[9b]">&gt;&gt;</a>&nbsp;&nbsp;&nbsp;Motor_Head
<LI><a href="#[56]">&gt;&gt;</a>&nbsp;&nbsp;&nbsp;ASC_To_Valu
</UL>
<BR>[Called By]<UL><LI><a href="#[7c]">&gt;&gt;</a>&nbsp;&nbsp;&nbsp;jiexi_ID
</UL>

<P><STRONG><a name="[bc]"></a>ID_17</STRONG> (Thumb, 574 bytes, Stack size 48 bytes, jiexi.o(.text))
<BR><BR>[Stack]<UL><LI>Max Depth = 320<LI>Call Chain = ID_17 &rArr; Waist &rArr; usart3Printf &rArr; __c89vsnprintf
</UL>
<BR>[Calls]<UL><LI><a href="#[a8]">&gt;&gt;</a>&nbsp;&nbsp;&nbsp;dengtiao
<LI><a href="#[a6]">&gt;&gt;</a>&nbsp;&nbsp;&nbsp;biaoqing
<LI><a href="#[a2]">&gt;&gt;</a>&nbsp;&nbsp;&nbsp;walking_motor
<LI><a href="#[a1]">&gt;&gt;</a>&nbsp;&nbsp;&nbsp;Waist
<LI><a href="#[a0]">&gt;&gt;</a>&nbsp;&nbsp;&nbsp;Chest
<LI><a href="#[9f]">&gt;&gt;</a>&nbsp;&nbsp;&nbsp;Motor_Arm_Right
<LI><a href="#[9e]">&gt;&gt;</a>&nbsp;&nbsp;&nbsp;Motor_Arm_Left
<LI><a href="#[9b]">&gt;&gt;</a>&nbsp;&nbsp;&nbsp;Motor_Head
<LI><a href="#[56]">&gt;&gt;</a>&nbsp;&nbsp;&nbsp;ASC_To_Valu
</UL>
<BR>[Called By]<UL><LI><a href="#[7c]">&gt;&gt;</a>&nbsp;&nbsp;&nbsp;jiexi_ID
</UL>

<P><STRONG><a name="[bd]"></a>ID_18</STRONG> (Thumb, 596 bytes, Stack size 48 bytes, jiexi.o(.text))
<BR><BR>[Stack]<UL><LI>Max Depth = 320<LI>Call Chain = ID_18 &rArr; Waist &rArr; usart3Printf &rArr; __c89vsnprintf
</UL>
<BR>[Calls]<UL><LI><a href="#[a8]">&gt;&gt;</a>&nbsp;&nbsp;&nbsp;dengtiao
<LI><a href="#[a6]">&gt;&gt;</a>&nbsp;&nbsp;&nbsp;biaoqing
<LI><a href="#[a2]">&gt;&gt;</a>&nbsp;&nbsp;&nbsp;walking_motor
<LI><a href="#[a1]">&gt;&gt;</a>&nbsp;&nbsp;&nbsp;Waist
<LI><a href="#[a0]">&gt;&gt;</a>&nbsp;&nbsp;&nbsp;Chest
<LI><a href="#[9f]">&gt;&gt;</a>&nbsp;&nbsp;&nbsp;Motor_Arm_Right
<LI><a href="#[9e]">&gt;&gt;</a>&nbsp;&nbsp;&nbsp;Motor_Arm_Left
<LI><a href="#[9b]">&gt;&gt;</a>&nbsp;&nbsp;&nbsp;Motor_Head
<LI><a href="#[56]">&gt;&gt;</a>&nbsp;&nbsp;&nbsp;ASC_To_Valu
</UL>
<BR>[Called By]<UL><LI><a href="#[7c]">&gt;&gt;</a>&nbsp;&nbsp;&nbsp;jiexi_ID
</UL>

<P><STRONG><a name="[be]"></a>ID_19</STRONG> (Thumb, 574 bytes, Stack size 48 bytes, jiexi.o(.text))
<BR><BR>[Stack]<UL><LI>Max Depth = 320<LI>Call Chain = ID_19 &rArr; Waist &rArr; usart3Printf &rArr; __c89vsnprintf
</UL>
<BR>[Calls]<UL><LI><a href="#[a8]">&gt;&gt;</a>&nbsp;&nbsp;&nbsp;dengtiao
<LI><a href="#[a6]">&gt;&gt;</a>&nbsp;&nbsp;&nbsp;biaoqing
<LI><a href="#[a2]">&gt;&gt;</a>&nbsp;&nbsp;&nbsp;walking_motor
<LI><a href="#[a1]">&gt;&gt;</a>&nbsp;&nbsp;&nbsp;Waist
<LI><a href="#[a0]">&gt;&gt;</a>&nbsp;&nbsp;&nbsp;Chest
<LI><a href="#[9f]">&gt;&gt;</a>&nbsp;&nbsp;&nbsp;Motor_Arm_Right
<LI><a href="#[9e]">&gt;&gt;</a>&nbsp;&nbsp;&nbsp;Motor_Arm_Left
<LI><a href="#[9b]">&gt;&gt;</a>&nbsp;&nbsp;&nbsp;Motor_Head
<LI><a href="#[56]">&gt;&gt;</a>&nbsp;&nbsp;&nbsp;ASC_To_Valu
</UL>
<BR>[Called By]<UL><LI><a href="#[7c]">&gt;&gt;</a>&nbsp;&nbsp;&nbsp;jiexi_ID
</UL>

<P><STRONG><a name="[bf]"></a>ID_20</STRONG> (Thumb, 596 bytes, Stack size 48 bytes, jiexi.o(.text))
<BR><BR>[Stack]<UL><LI>Max Depth = 320<LI>Call Chain = ID_20 &rArr; Waist &rArr; usart3Printf &rArr; __c89vsnprintf
</UL>
<BR>[Calls]<UL><LI><a href="#[a8]">&gt;&gt;</a>&nbsp;&nbsp;&nbsp;dengtiao
<LI><a href="#[a6]">&gt;&gt;</a>&nbsp;&nbsp;&nbsp;biaoqing
<LI><a href="#[a2]">&gt;&gt;</a>&nbsp;&nbsp;&nbsp;walking_motor
<LI><a href="#[a1]">&gt;&gt;</a>&nbsp;&nbsp;&nbsp;Waist
<LI><a href="#[a0]">&gt;&gt;</a>&nbsp;&nbsp;&nbsp;Chest
<LI><a href="#[9f]">&gt;&gt;</a>&nbsp;&nbsp;&nbsp;Motor_Arm_Right
<LI><a href="#[9e]">&gt;&gt;</a>&nbsp;&nbsp;&nbsp;Motor_Arm_Left
<LI><a href="#[9b]">&gt;&gt;</a>&nbsp;&nbsp;&nbsp;Motor_Head
<LI><a href="#[56]">&gt;&gt;</a>&nbsp;&nbsp;&nbsp;ASC_To_Valu
</UL>
<BR>[Called By]<UL><LI><a href="#[7c]">&gt;&gt;</a>&nbsp;&nbsp;&nbsp;jiexi_ID
</UL>

<P><STRONG><a name="[7c]"></a>jiexi_ID</STRONG> (Thumb, 358 bytes, Stack size 8 bytes, jiexi.o(.text))
<BR><BR>[Stack]<UL><LI>Max Depth = 328<LI>Call Chain = jiexi_ID &rArr; ID_20 &rArr; Waist &rArr; usart3Printf &rArr; __c89vsnprintf
</UL>
<BR>[Calls]<UL><LI><a href="#[bf]">&gt;&gt;</a>&nbsp;&nbsp;&nbsp;ID_20
<LI><a href="#[be]">&gt;&gt;</a>&nbsp;&nbsp;&nbsp;ID_19
<LI><a href="#[bd]">&gt;&gt;</a>&nbsp;&nbsp;&nbsp;ID_18
<LI><a href="#[bc]">&gt;&gt;</a>&nbsp;&nbsp;&nbsp;ID_17
<LI><a href="#[bb]">&gt;&gt;</a>&nbsp;&nbsp;&nbsp;ID_16
<LI><a href="#[ba]">&gt;&gt;</a>&nbsp;&nbsp;&nbsp;ID_15
<LI><a href="#[b9]">&gt;&gt;</a>&nbsp;&nbsp;&nbsp;ID_14
<LI><a href="#[b8]">&gt;&gt;</a>&nbsp;&nbsp;&nbsp;ID_13
<LI><a href="#[b7]">&gt;&gt;</a>&nbsp;&nbsp;&nbsp;ID_12
<LI><a href="#[b6]">&gt;&gt;</a>&nbsp;&nbsp;&nbsp;ID_11
<LI><a href="#[b5]">&gt;&gt;</a>&nbsp;&nbsp;&nbsp;ID_10
<LI><a href="#[b4]">&gt;&gt;</a>&nbsp;&nbsp;&nbsp;ID_9
<LI><a href="#[b3]">&gt;&gt;</a>&nbsp;&nbsp;&nbsp;ID_8
<LI><a href="#[b2]">&gt;&gt;</a>&nbsp;&nbsp;&nbsp;ID_7
<LI><a href="#[b1]">&gt;&gt;</a>&nbsp;&nbsp;&nbsp;ID_6
<LI><a href="#[b0]">&gt;&gt;</a>&nbsp;&nbsp;&nbsp;ID_5
<LI><a href="#[af]">&gt;&gt;</a>&nbsp;&nbsp;&nbsp;ID_4
<LI><a href="#[ae]">&gt;&gt;</a>&nbsp;&nbsp;&nbsp;ID_3
<LI><a href="#[ad]">&gt;&gt;</a>&nbsp;&nbsp;&nbsp;ID_2
<LI><a href="#[ac]">&gt;&gt;</a>&nbsp;&nbsp;&nbsp;ID_1
</UL>
<BR>[Called By]<UL><LI><a href="#[46]">&gt;&gt;</a>&nbsp;&nbsp;&nbsp;main
</UL>

<P><STRONG><a name="[c0]"></a>SetSPeed</STRONG> (Thumb, 224 bytes, Stack size 16 bytes, pid.o(.text), UNUSED)
<BR><BR>[Calls]<UL><LI><a href="#[c1]">&gt;&gt;</a>&nbsp;&nbsp;&nbsp;TIM_SetCompare2
<LI><a href="#[c2]">&gt;&gt;</a>&nbsp;&nbsp;&nbsp;TIM_SetCompare1
</UL>
<BR>[Called By]<UL><LI><a href="#[ca]">&gt;&gt;</a>&nbsp;&nbsp;&nbsp;Speed_Right
<LI><a href="#[c9]">&gt;&gt;</a>&nbsp;&nbsp;&nbsp;Speed_Left
</UL>

<P><STRONG><a name="[c3]"></a>IncPIDCalc</STRONG> (Thumb, 170 bytes, Stack size 72 bytes, pid.o(.text), UNUSED)
<BR><BR>[Calls]<UL><LI><a href="#[c4]">&gt;&gt;</a>&nbsp;&nbsp;&nbsp;__aeabi_i2d
<LI><a href="#[c6]">&gt;&gt;</a>&nbsp;&nbsp;&nbsp;__aeabi_dsub
<LI><a href="#[c5]">&gt;&gt;</a>&nbsp;&nbsp;&nbsp;__aeabi_dmul
<LI><a href="#[c7]">&gt;&gt;</a>&nbsp;&nbsp;&nbsp;__aeabi_dadd
<LI><a href="#[c8]">&gt;&gt;</a>&nbsp;&nbsp;&nbsp;__aeabi_d2iz
</UL>
<BR>[Called By]<UL><LI><a href="#[ca]">&gt;&gt;</a>&nbsp;&nbsp;&nbsp;Speed_Right
<LI><a href="#[c9]">&gt;&gt;</a>&nbsp;&nbsp;&nbsp;Speed_Left
</UL>

<P><STRONG><a name="[c9]"></a>Speed_Left</STRONG> (Thumb, 68 bytes, Stack size 24 bytes, pid.o(.text), UNUSED)
<BR><BR>[Calls]<UL><LI><a href="#[c3]">&gt;&gt;</a>&nbsp;&nbsp;&nbsp;IncPIDCalc
<LI><a href="#[c0]">&gt;&gt;</a>&nbsp;&nbsp;&nbsp;SetSPeed
</UL>

<P><STRONG><a name="[ca]"></a>Speed_Right</STRONG> (Thumb, 62 bytes, Stack size 24 bytes, pid.o(.text), UNUSED)
<BR><BR>[Calls]<UL><LI><a href="#[c3]">&gt;&gt;</a>&nbsp;&nbsp;&nbsp;IncPIDCalc
<LI><a href="#[c0]">&gt;&gt;</a>&nbsp;&nbsp;&nbsp;SetSPeed
</UL>

<P><STRONG><a name="[1c3]"></a>IncPIDInit</STRONG> (Thumb, 50 bytes, Stack size 0 bytes, pid.o(.text), UNUSED)

<P><STRONG><a name="[1c4]"></a>SetSPeedRight</STRONG> (Thumb, 8 bytes, Stack size 0 bytes, pid.o(.text), UNUSED)

<P><STRONG><a name="[a4]"></a>PIDinit</STRONG> (Thumb, 26 bytes, Stack size 8 bytes, pid.o(.text))
<BR><BR>[Stack]<UL><LI>Max Depth = 8<LI>Call Chain = PIDinit
</UL>
<BR>[Calls]<UL><LI><a href="#[62]">&gt;&gt;</a>&nbsp;&nbsp;&nbsp;__aeabi_memclr4
</UL>
<BR>[Called By]<UL><LI><a href="#[a2]">&gt;&gt;</a>&nbsp;&nbsp;&nbsp;walking_motor
</UL>

<P><STRONG><a name="[1c5]"></a>PID_Setpoint</STRONG> (Thumb, 4 bytes, Stack size 0 bytes, pid.o(.text), UNUSED)

<P><STRONG><a name="[a5]"></a>PID_SetParameter</STRONG> (Thumb, 8 bytes, Stack size 0 bytes, pid.o(.text))
<BR><BR>[Called By]<UL><LI><a href="#[a2]">&gt;&gt;</a>&nbsp;&nbsp;&nbsp;walking_motor
</UL>

<P><STRONG><a name="[cb]"></a>incPIDcalc</STRONG> (Thumb, 258 bytes, Stack size 56 bytes, pid.o(.text), UNUSED)
<BR><BR>[Calls]<UL><LI><a href="#[cc]">&gt;&gt;</a>&nbsp;&nbsp;&nbsp;__aeabi_i2f
<LI><a href="#[cd]">&gt;&gt;</a>&nbsp;&nbsp;&nbsp;__aeabi_fmul
<LI><a href="#[ce]">&gt;&gt;</a>&nbsp;&nbsp;&nbsp;__aeabi_fadd
<LI><a href="#[cf]">&gt;&gt;</a>&nbsp;&nbsp;&nbsp;__aeabi_f2iz
</UL>
<BR>[Called By]<UL><LI><a href="#[d0]">&gt;&gt;</a>&nbsp;&nbsp;&nbsp;PIDCalc
</UL>

<P><STRONG><a name="[d0]"></a>PIDCalc</STRONG> (Thumb, 16 bytes, Stack size 16 bytes, pid.o(.text), UNUSED)
<BR><BR>[Calls]<UL><LI><a href="#[cb]">&gt;&gt;</a>&nbsp;&nbsp;&nbsp;incPIDcalc
</UL>

<P><STRONG><a name="[d1]"></a>speed_zhuanhuan</STRONG> (Thumb, 48 bytes, Stack size 32 bytes, tracking.o(.text), UNUSED)
<BR><BR>[Calls]<UL><LI><a href="#[d2]">&gt;&gt;</a>&nbsp;&nbsp;&nbsp;__aeabi_ui2d
<LI><a href="#[d3]">&gt;&gt;</a>&nbsp;&nbsp;&nbsp;__aeabi_ddiv
<LI><a href="#[d4]">&gt;&gt;</a>&nbsp;&nbsp;&nbsp;__aeabi_d2uiz
<LI><a href="#[c5]">&gt;&gt;</a>&nbsp;&nbsp;&nbsp;__aeabi_dmul
</UL>

<P><STRONG><a name="[54]"></a>Tracking</STRONG> (Thumb, 234 bytes, Stack size 20 bytes, tracking.o(.text), UNUSED)
<BR><BR>[Called By]<UL><LI><a href="#[5f]">&gt;&gt;</a>&nbsp;&nbsp;&nbsp;zidao
<LI><a href="#[52]">&gt;&gt;</a>&nbsp;&nbsp;&nbsp;Keep_Walking
</UL>

<P><STRONG><a name="[73]"></a>WTC7514_Init</STRONG> (Thumb, 12 bytes, Stack size 8 bytes, wtc7514.o(.text))
<BR><BR>[Stack]<UL><LI>Max Depth = 40<LI>Call Chain = WTC7514_Init &rArr; IIC_Init &rArr; GPIO_Init
</UL>
<BR>[Calls]<UL><LI><a href="#[d6]">&gt;&gt;</a>&nbsp;&nbsp;&nbsp;IIC_Stop
<LI><a href="#[d5]">&gt;&gt;</a>&nbsp;&nbsp;&nbsp;IIC_Init
</UL>
<BR>[Called By]<UL><LI><a href="#[46]">&gt;&gt;</a>&nbsp;&nbsp;&nbsp;main
</UL>

<P><STRONG><a name="[5c]"></a>WTC7514_ReadTwoByte</STRONG> (Thumb, 68 bytes, Stack size 24 bytes, wtc7514.o(.text), UNUSED)
<BR><BR>[Calls]<UL><LI><a href="#[d9]">&gt;&gt;</a>&nbsp;&nbsp;&nbsp;IIC_Wait_Ack
<LI><a href="#[d6]">&gt;&gt;</a>&nbsp;&nbsp;&nbsp;IIC_Stop
<LI><a href="#[d7]">&gt;&gt;</a>&nbsp;&nbsp;&nbsp;IIC_Start
<LI><a href="#[d8]">&gt;&gt;</a>&nbsp;&nbsp;&nbsp;IIC_Send_Byte
<LI><a href="#[da]">&gt;&gt;</a>&nbsp;&nbsp;&nbsp;IIC_Read_Byte
</UL>
<BR>[Called By]<UL><LI><a href="#[5b]">&gt;&gt;</a>&nbsp;&nbsp;&nbsp;TouchValUpdate
</UL>

<P><STRONG><a name="[74]"></a>WTC7514_SetLevel</STRONG> (Thumb, 36 bytes, Stack size 16 bytes, wtc7514.o(.text))
<BR><BR>[Stack]<UL><LI>Max Depth = 32<LI>Call Chain = WTC7514_SetLevel &rArr; IIC_Wait_Ack &rArr; IIC_Stop
</UL>
<BR>[Calls]<UL><LI><a href="#[d9]">&gt;&gt;</a>&nbsp;&nbsp;&nbsp;IIC_Wait_Ack
<LI><a href="#[d6]">&gt;&gt;</a>&nbsp;&nbsp;&nbsp;IIC_Stop
<LI><a href="#[d7]">&gt;&gt;</a>&nbsp;&nbsp;&nbsp;IIC_Start
<LI><a href="#[d8]">&gt;&gt;</a>&nbsp;&nbsp;&nbsp;IIC_Send_Byte
</UL>
<BR>[Called By]<UL><LI><a href="#[46]">&gt;&gt;</a>&nbsp;&nbsp;&nbsp;main
</UL>

<P><STRONG><a name="[db]"></a>WTC7514_SetLevel_head</STRONG> (Thumb, 34 bytes, Stack size 8 bytes, wtc7514.o(.text), UNUSED)
<BR><BR>[Calls]<UL><LI><a href="#[d9]">&gt;&gt;</a>&nbsp;&nbsp;&nbsp;IIC_Wait_Ack
<LI><a href="#[d6]">&gt;&gt;</a>&nbsp;&nbsp;&nbsp;IIC_Stop
<LI><a href="#[d7]">&gt;&gt;</a>&nbsp;&nbsp;&nbsp;IIC_Start
<LI><a href="#[d8]">&gt;&gt;</a>&nbsp;&nbsp;&nbsp;IIC_Send_Byte
</UL>

<P><STRONG><a name="[59]"></a>WTC7514_ReadTwoByte_head</STRONG> (Thumb, 58 bytes, Stack size 16 bytes, wtc7514.o(.text), UNUSED)
<BR><BR>[Calls]<UL><LI><a href="#[d9]">&gt;&gt;</a>&nbsp;&nbsp;&nbsp;IIC_Wait_Ack
<LI><a href="#[d6]">&gt;&gt;</a>&nbsp;&nbsp;&nbsp;IIC_Stop
<LI><a href="#[d7]">&gt;&gt;</a>&nbsp;&nbsp;&nbsp;IIC_Start
<LI><a href="#[d8]">&gt;&gt;</a>&nbsp;&nbsp;&nbsp;IIC_Send_Byte
<LI><a href="#[da]">&gt;&gt;</a>&nbsp;&nbsp;&nbsp;IIC_Read_Byte
</UL>
<BR>[Called By]<UL><LI><a href="#[58]">&gt;&gt;</a>&nbsp;&nbsp;&nbsp;TouchValUpdateHead
</UL>

<P><STRONG><a name="[d6]"></a>IIC_Stop</STRONG> (Thumb, 62 bytes, Stack size 8 bytes, myiic.o(.text))
<BR><BR>[Stack]<UL><LI>Max Depth = 8<LI>Call Chain = IIC_Stop
</UL>
<BR>[Calls]<UL><LI><a href="#[dc]">&gt;&gt;</a>&nbsp;&nbsp;&nbsp;delay_us
</UL>
<BR>[Called By]<UL><LI><a href="#[d9]">&gt;&gt;</a>&nbsp;&nbsp;&nbsp;IIC_Wait_Ack
<LI><a href="#[d5]">&gt;&gt;</a>&nbsp;&nbsp;&nbsp;IIC_Init
<LI><a href="#[db]">&gt;&gt;</a>&nbsp;&nbsp;&nbsp;WTC7514_SetLevel_head
<LI><a href="#[74]">&gt;&gt;</a>&nbsp;&nbsp;&nbsp;WTC7514_SetLevel
<LI><a href="#[59]">&gt;&gt;</a>&nbsp;&nbsp;&nbsp;WTC7514_ReadTwoByte_head
<LI><a href="#[5c]">&gt;&gt;</a>&nbsp;&nbsp;&nbsp;WTC7514_ReadTwoByte
<LI><a href="#[73]">&gt;&gt;</a>&nbsp;&nbsp;&nbsp;WTC7514_Init
</UL>

<P><STRONG><a name="[d5]"></a>IIC_Init</STRONG> (Thumb, 50 bytes, Stack size 8 bytes, myiic.o(.text))
<BR><BR>[Stack]<UL><LI>Max Depth = 32<LI>Call Chain = IIC_Init &rArr; GPIO_Init
</UL>
<BR>[Calls]<UL><LI><a href="#[d6]">&gt;&gt;</a>&nbsp;&nbsp;&nbsp;IIC_Stop
<LI><a href="#[95]">&gt;&gt;</a>&nbsp;&nbsp;&nbsp;GPIO_SetBits
<LI><a href="#[89]">&gt;&gt;</a>&nbsp;&nbsp;&nbsp;RCC_APB2PeriphClockCmd
<LI><a href="#[8a]">&gt;&gt;</a>&nbsp;&nbsp;&nbsp;GPIO_Init
</UL>
<BR>[Called By]<UL><LI><a href="#[73]">&gt;&gt;</a>&nbsp;&nbsp;&nbsp;WTC7514_Init
<LI><a href="#[10f]">&gt;&gt;</a>&nbsp;&nbsp;&nbsp;MPU_IIC_Init
</UL>

<P><STRONG><a name="[d7]"></a>IIC_Start</STRONG> (Thumb, 68 bytes, Stack size 8 bytes, myiic.o(.text))
<BR><BR>[Stack]<UL><LI>Max Depth = 8<LI>Call Chain = IIC_Start
</UL>
<BR>[Calls]<UL><LI><a href="#[dc]">&gt;&gt;</a>&nbsp;&nbsp;&nbsp;delay_us
</UL>
<BR>[Called By]<UL><LI><a href="#[db]">&gt;&gt;</a>&nbsp;&nbsp;&nbsp;WTC7514_SetLevel_head
<LI><a href="#[74]">&gt;&gt;</a>&nbsp;&nbsp;&nbsp;WTC7514_SetLevel
<LI><a href="#[59]">&gt;&gt;</a>&nbsp;&nbsp;&nbsp;WTC7514_ReadTwoByte_head
<LI><a href="#[5c]">&gt;&gt;</a>&nbsp;&nbsp;&nbsp;WTC7514_ReadTwoByte
</UL>

<P><STRONG><a name="[d9]"></a>IIC_Wait_Ack</STRONG> (Thumb, 86 bytes, Stack size 8 bytes, myiic.o(.text))
<BR><BR>[Stack]<UL><LI>Max Depth = 16<LI>Call Chain = IIC_Wait_Ack &rArr; IIC_Stop
</UL>
<BR>[Calls]<UL><LI><a href="#[dc]">&gt;&gt;</a>&nbsp;&nbsp;&nbsp;delay_us
<LI><a href="#[d6]">&gt;&gt;</a>&nbsp;&nbsp;&nbsp;IIC_Stop
</UL>
<BR>[Called By]<UL><LI><a href="#[db]">&gt;&gt;</a>&nbsp;&nbsp;&nbsp;WTC7514_SetLevel_head
<LI><a href="#[74]">&gt;&gt;</a>&nbsp;&nbsp;&nbsp;WTC7514_SetLevel
<LI><a href="#[59]">&gt;&gt;</a>&nbsp;&nbsp;&nbsp;WTC7514_ReadTwoByte_head
<LI><a href="#[5c]">&gt;&gt;</a>&nbsp;&nbsp;&nbsp;WTC7514_ReadTwoByte
</UL>

<P><STRONG><a name="[dd]"></a>IIC_Ack</STRONG> (Thumb, 66 bytes, Stack size 8 bytes, myiic.o(.text), UNUSED)
<BR><BR>[Calls]<UL><LI><a href="#[dc]">&gt;&gt;</a>&nbsp;&nbsp;&nbsp;delay_us
</UL>
<BR>[Called By]<UL><LI><a href="#[da]">&gt;&gt;</a>&nbsp;&nbsp;&nbsp;IIC_Read_Byte
</UL>

<P><STRONG><a name="[de]"></a>IIC_NAck</STRONG> (Thumb, 66 bytes, Stack size 8 bytes, myiic.o(.text), UNUSED)
<BR><BR>[Calls]<UL><LI><a href="#[dc]">&gt;&gt;</a>&nbsp;&nbsp;&nbsp;delay_us
</UL>
<BR>[Called By]<UL><LI><a href="#[da]">&gt;&gt;</a>&nbsp;&nbsp;&nbsp;IIC_Read_Byte
</UL>

<P><STRONG><a name="[d8]"></a>IIC_Send_Byte</STRONG> (Thumb, 90 bytes, Stack size 16 bytes, myiic.o(.text))
<BR><BR>[Stack]<UL><LI>Max Depth = 16<LI>Call Chain = IIC_Send_Byte
</UL>
<BR>[Calls]<UL><LI><a href="#[dc]">&gt;&gt;</a>&nbsp;&nbsp;&nbsp;delay_us
</UL>
<BR>[Called By]<UL><LI><a href="#[db]">&gt;&gt;</a>&nbsp;&nbsp;&nbsp;WTC7514_SetLevel_head
<LI><a href="#[74]">&gt;&gt;</a>&nbsp;&nbsp;&nbsp;WTC7514_SetLevel
<LI><a href="#[59]">&gt;&gt;</a>&nbsp;&nbsp;&nbsp;WTC7514_ReadTwoByte_head
<LI><a href="#[5c]">&gt;&gt;</a>&nbsp;&nbsp;&nbsp;WTC7514_ReadTwoByte
</UL>

<P><STRONG><a name="[da]"></a>IIC_Read_Byte</STRONG> (Thumb, 98 bytes, Stack size 16 bytes, myiic.o(.text), UNUSED)
<BR><BR>[Calls]<UL><LI><a href="#[dc]">&gt;&gt;</a>&nbsp;&nbsp;&nbsp;delay_us
<LI><a href="#[de]">&gt;&gt;</a>&nbsp;&nbsp;&nbsp;IIC_NAck
<LI><a href="#[dd]">&gt;&gt;</a>&nbsp;&nbsp;&nbsp;IIC_Ack
</UL>
<BR>[Called By]<UL><LI><a href="#[59]">&gt;&gt;</a>&nbsp;&nbsp;&nbsp;WTC7514_ReadTwoByte_head
<LI><a href="#[5c]">&gt;&gt;</a>&nbsp;&nbsp;&nbsp;WTC7514_ReadTwoByte
</UL>

<P><STRONG><a name="[df]"></a>AGV_GuideSensorInit</STRONG> (Thumb, 78 bytes, Stack size 8 bytes, agv_sensor.o(.text), UNUSED)
<BR><BR>[Calls]<UL><LI><a href="#[89]">&gt;&gt;</a>&nbsp;&nbsp;&nbsp;RCC_APB2PeriphClockCmd
<LI><a href="#[8a]">&gt;&gt;</a>&nbsp;&nbsp;&nbsp;GPIO_Init
</UL>

<P><STRONG><a name="[e0]"></a>AGV_GetGuideSensorVal</STRONG> (Thumb, 46 bytes, Stack size 16 bytes, agv_sensor.o(.text), UNUSED)
<BR><BR>[Calls]<UL><LI><a href="#[e1]">&gt;&gt;</a>&nbsp;&nbsp;&nbsp;GPIO_ReadInputData
</UL>

<P><STRONG><a name="[e3]"></a>sensor_guide_forward</STRONG> (Thumb, 46 bytes, Stack size 16 bytes, agv_sensor.o(.text), UNUSED)
<BR><BR>[Called By]<UL><LI><a href="#[e2]">&gt;&gt;</a>&nbsp;&nbsp;&nbsp;sensor_guide_dscrt
</UL>

<P><STRONG><a name="[e2]"></a>sensor_guide_dscrt</STRONG> (Thumb, 86 bytes, Stack size 36 bytes, agv_sensor.o(.text), UNUSED)
<BR><BR>[Calls]<UL><LI><a href="#[e3]">&gt;&gt;</a>&nbsp;&nbsp;&nbsp;sensor_guide_forward
</UL>

<P><STRONG><a name="[86]"></a>GuideWalking</STRONG> (Thumb, 572 bytes, Stack size 32 bytes, agv_sensor.o(.text))
<BR><BR>[Stack]<UL><LI>Max Depth = 40<LI>Call Chain = GuideWalking &rArr; AGV_Sensor
</UL>
<BR>[Calls]<UL><LI><a href="#[70]">&gt;&gt;</a>&nbsp;&nbsp;&nbsp;set_walkingmotor_speed
<LI><a href="#[50]">&gt;&gt;</a>&nbsp;&nbsp;&nbsp;AGV_Sensor
<LI><a href="#[e4]">&gt;&gt;</a>&nbsp;&nbsp;&nbsp;__aeabi_memset
</UL>
<BR>[Called By]<UL><LI><a href="#[26]">&gt;&gt;</a>&nbsp;&nbsp;&nbsp;TIM2_IRQHandler
</UL>

<P><STRONG><a name="[e5]"></a>GetIFlyTekAngel</STRONG> (Thumb, 164 bytes, Stack size 8 bytes, iflytek.o(.text))
<BR><BR>[Stack]<UL><LI>Max Depth = 8<LI>Call Chain = GetIFlyTekAngel
</UL>
<BR>[Calls]<UL><LI><a href="#[75]">&gt;&gt;</a>&nbsp;&nbsp;&nbsp;__aeabi_memclr
</UL>
<BR>[Called By]<UL><LI><a href="#[7a]">&gt;&gt;</a>&nbsp;&nbsp;&nbsp;TurnWithVoice
</UL>

<P><STRONG><a name="[e6]"></a>set_walkingmotor_rduty</STRONG> (Thumb, 158 bytes, Stack size 16 bytes, motor.o(.text))
<BR><BR>[Stack]<UL><LI>Max Depth = 64<LI>Call Chain = set_walkingmotor_rduty &rArr; pinMode &rArr; GPIO_Init
</UL>
<BR>[Calls]<UL><LI><a href="#[e8]">&gt;&gt;</a>&nbsp;&nbsp;&nbsp;pinMode
<LI><a href="#[e7]">&gt;&gt;</a>&nbsp;&nbsp;&nbsp;_release_walkingmotor_r
</UL>
<BR>[Called By]<UL><LI><a href="#[102]">&gt;&gt;</a>&nbsp;&nbsp;&nbsp;brake_walkingmotor
<LI><a href="#[eb]">&gt;&gt;</a>&nbsp;&nbsp;&nbsp;_set_walkingmotor_duty
</UL>

<P><STRONG><a name="[e9]"></a>set_walkingmotor_lduty</STRONG> (Thumb, 170 bytes, Stack size 16 bytes, motor.o(.text))
<BR><BR>[Stack]<UL><LI>Max Depth = 64<LI>Call Chain = set_walkingmotor_lduty &rArr; pinMode &rArr; GPIO_Init
</UL>
<BR>[Calls]<UL><LI><a href="#[e8]">&gt;&gt;</a>&nbsp;&nbsp;&nbsp;pinMode
<LI><a href="#[ea]">&gt;&gt;</a>&nbsp;&nbsp;&nbsp;_release_walkingmotor_l
</UL>
<BR>[Called By]<UL><LI><a href="#[102]">&gt;&gt;</a>&nbsp;&nbsp;&nbsp;brake_walkingmotor
<LI><a href="#[eb]">&gt;&gt;</a>&nbsp;&nbsp;&nbsp;_set_walkingmotor_duty
</UL>

<P><STRONG><a name="[6e]"></a>init_walkingmotor</STRONG> (Thumb, 222 bytes, Stack size 40 bytes, motor.o(.text))
<BR><BR>[Stack]<UL><LI>Max Depth = 64<LI>Call Chain = init_walkingmotor &rArr; GPIO_Init
</UL>
<BR>[Calls]<UL><LI><a href="#[7f]">&gt;&gt;</a>&nbsp;&nbsp;&nbsp;TIM_TimeBaseInit
<LI><a href="#[8e]">&gt;&gt;</a>&nbsp;&nbsp;&nbsp;TIM_OC2PreloadConfig
<LI><a href="#[8c]">&gt;&gt;</a>&nbsp;&nbsp;&nbsp;TIM_OC2Init
<LI><a href="#[8d]">&gt;&gt;</a>&nbsp;&nbsp;&nbsp;TIM_OC1PreloadConfig
<LI><a href="#[8b]">&gt;&gt;</a>&nbsp;&nbsp;&nbsp;TIM_OC1Init
<LI><a href="#[88]">&gt;&gt;</a>&nbsp;&nbsp;&nbsp;TIM_DeInit
<LI><a href="#[8f]">&gt;&gt;</a>&nbsp;&nbsp;&nbsp;TIM_CtrlPWMOutputs
<LI><a href="#[89]">&gt;&gt;</a>&nbsp;&nbsp;&nbsp;RCC_APB2PeriphClockCmd
<LI><a href="#[8a]">&gt;&gt;</a>&nbsp;&nbsp;&nbsp;GPIO_Init
<LI><a href="#[72]">&gt;&gt;</a>&nbsp;&nbsp;&nbsp;TIM_Cmd
<LI><a href="#[71]">&gt;&gt;</a>&nbsp;&nbsp;&nbsp;RCC_APB1PeriphClockCmd
</UL>
<BR>[Called By]<UL><LI><a href="#[46]">&gt;&gt;</a>&nbsp;&nbsp;&nbsp;main
</UL>

<P><STRONG><a name="[21]"></a>EXTI9_5_IRQHandler</STRONG> (Thumb, 72 bytes, Stack size 8 bytes, motor.o(.text))
<BR><BR>[Stack]<UL><LI>Max Depth = 8<LI>Call Chain = EXTI9_5_IRQHandler
</UL>
<BR>[Calls]<UL><LI><a href="#[ef]">&gt;&gt;</a>&nbsp;&nbsp;&nbsp;EXTI_GetITStatus
<LI><a href="#[f0]">&gt;&gt;</a>&nbsp;&nbsp;&nbsp;EXTI_ClearITPendingBit
</UL>
<BR>[Address Reference Count : 1]<UL><LI> startup_stm32f10x_hd.o(RESET)
</UL>
<P><STRONG><a name="[6f]"></a>init_walkingmotor_odometer</STRONG> (Thumb, 46 bytes, Stack size 8 bytes, motor.o(.text))
<BR><BR>[Stack]<UL><LI>Max Depth = 56<LI>Call Chain = init_walkingmotor_odometer &rArr; init_extix &rArr; GPIO_Init
</UL>
<BR>[Calls]<UL><LI><a href="#[ec]">&gt;&gt;</a>&nbsp;&nbsp;&nbsp;init_extix
</UL>
<BR>[Called By]<UL><LI><a href="#[46]">&gt;&gt;</a>&nbsp;&nbsp;&nbsp;main
</UL>

<P><STRONG><a name="[1c6]"></a>walkingmotor_cumulate_ldist_mm</STRONG> (Thumb, 6 bytes, Stack size 0 bytes, motor.o(.text), UNUSED)

<P><STRONG><a name="[1c7]"></a>walkingmotor_cumulate_rdist_mm</STRONG> (Thumb, 6 bytes, Stack size 0 bytes, motor.o(.text), UNUSED)

<P><STRONG><a name="[f9]"></a>walkingmotor_delta_ldist_mm_f</STRONG> (Thumb, 28 bytes, Stack size 16 bytes, motor.o(.text), UNUSED)
<BR><BR>[Calls]<UL><LI><a href="#[cd]">&gt;&gt;</a>&nbsp;&nbsp;&nbsp;__aeabi_fmul
<LI><a href="#[f4]">&gt;&gt;</a>&nbsp;&nbsp;&nbsp;__aeabi_ui2f
</UL>

<P><STRONG><a name="[fa]"></a>walkingmotor_delta_rdist_mm_f</STRONG> (Thumb, 28 bytes, Stack size 16 bytes, motor.o(.text), UNUSED)
<BR><BR>[Calls]<UL><LI><a href="#[cd]">&gt;&gt;</a>&nbsp;&nbsp;&nbsp;__aeabi_fmul
<LI><a href="#[f4]">&gt;&gt;</a>&nbsp;&nbsp;&nbsp;__aeabi_ui2f
</UL>

<P><STRONG><a name="[fb]"></a>get_walkingmotor_lspeed_mm_q16</STRONG> (Thumb, 32 bytes, Stack size 24 bytes, motor.o(.text), UNUSED)
<BR><BR>[Calls]<UL><LI><a href="#[d4]">&gt;&gt;</a>&nbsp;&nbsp;&nbsp;__aeabi_d2uiz
<LI><a href="#[c5]">&gt;&gt;</a>&nbsp;&nbsp;&nbsp;__aeabi_dmul
<LI><a href="#[f5]">&gt;&gt;</a>&nbsp;&nbsp;&nbsp;__aeabi_f2d
</UL>

<P><STRONG><a name="[fc]"></a>get_walkingmotor_rspeed_mm_q16</STRONG> (Thumb, 32 bytes, Stack size 24 bytes, motor.o(.text), UNUSED)
<BR><BR>[Calls]<UL><LI><a href="#[d4]">&gt;&gt;</a>&nbsp;&nbsp;&nbsp;__aeabi_d2uiz
<LI><a href="#[c5]">&gt;&gt;</a>&nbsp;&nbsp;&nbsp;__aeabi_dmul
<LI><a href="#[f5]">&gt;&gt;</a>&nbsp;&nbsp;&nbsp;__aeabi_f2d
</UL>

<P><STRONG><a name="[101]"></a>control_walkingmotor_speed</STRONG> (Thumb, 24 bytes, Stack size 8 bytes, motor.o(.text))
<BR><BR>[Stack]<UL><LI>Max Depth = 136<LI>Call Chain = control_walkingmotor_speed &rArr; _control_walkingmotor_speed_byid &rArr; _set_walkingmotor_duty &rArr; set_walkingmotor_lduty &rArr; pinMode &rArr; GPIO_Init
</UL>
<BR>[Calls]<UL><LI><a href="#[fd]">&gt;&gt;</a>&nbsp;&nbsp;&nbsp;_control_walkingmotor_speed_byid
</UL>
<BR>[Called By]<UL><LI><a href="#[83]">&gt;&gt;</a>&nbsp;&nbsp;&nbsp;speedctl_heartbeat
</UL>

<P><STRONG><a name="[70]"></a>set_walkingmotor_speed</STRONG> (Thumb, 8 bytes, Stack size 0 bytes, motor.o(.text))
<BR><BR>[Called By]<UL><LI><a href="#[a2]">&gt;&gt;</a>&nbsp;&nbsp;&nbsp;walking_motor
<LI><a href="#[86]">&gt;&gt;</a>&nbsp;&nbsp;&nbsp;GuideWalking
<LI><a href="#[46]">&gt;&gt;</a>&nbsp;&nbsp;&nbsp;main
</UL>

[...]
</UL>

<P><STRONG><a name="[19e]"></a>__0vsnprintf</STRONG> (Thumb, 32 bytes, Stack size 24 bytes, printfa.o(i.__0vsnprintf), UNUSED)
<BR><BR>[Calls]<UL><LI><a href="#[19f]">&gt;&gt;</a>&nbsp;&nbsp;&nbsp;_printf_core
</UL>

<P><STRONG><a name="[263]"></a>__1vsnprintf</STRONG> (Thumb, 0 bytes, Stack size 24 bytes, printfa.o(i.__0vsnprintf), UNUSED)

<P><STRONG><a name="[264]"></a>__2vsnprintf</STRONG> (Thumb, 0 bytes, Stack size 24 bytes, printfa.o(i.__0vsnprintf), UNUSED)

<P><STRONG><a name="[166]"></a>__c89vsnprintf</STRONG> (Thumb, 0 bytes, Stack size 24 bytes, printfa.o(i.__0vsnprintf))
<BR><BR>[Stack]<UL><LI>Max Depth = 24<LI>Call Chain = __c89vsnprintf
</UL>
<BR>[Called By]<UL><LI><a href="#[9c]">&gt;&gt;</a>&nbsp;&nbsp;&nbsp;usart3Printf
<LI><a href="#[a7]">&gt;&gt;</a>&nbsp;&nbsp;&nbsp;usart1Printf
<LI><a href="#[5a]">&gt;&gt;</a>&nbsp;&nbsp;&nbsp;usart4Printf
<LI><a href="#[169]">&gt;&gt;</a>&nbsp;&nbsp;&nbsp;usart2Printf
</UL>

<P><STRONG><a name="[265]"></a>vsnprintf</STRONG> (Thumb, 0 bytes, Stack size 24 bytes, printfa.o(i.__0vsnprintf), UNUSED)

<P><STRONG><a name="[1ae]"></a>__ARM_fpclassify</STRONG> (Thumb, 40 bytes, Stack size 0 bytes, fpclassify.o(i.__ARM_fpclassify))
<BR><BR>[Called By]<UL><LI><a href="#[14f]">&gt;&gt;</a>&nbsp;&nbsp;&nbsp;asin
<LI><a href="#[1b0]">&gt;&gt;</a>&nbsp;&nbsp;&nbsp;atan
</UL>

<P><STRONG><a name="[1a0]"></a>__kernel_poly</STRONG> (Thumb, 170 bytes, Stack size 24 bytes, poly.o(i.__kernel_poly))
<BR><BR>[Stack]<UL><LI>Max Depth = 112<LI>Call Chain = __kernel_poly &rArr; __aeabi_dmul &rArr; _double_epilogue &rArr; _double_round
</UL>
<BR>[Calls]<UL><LI><a href="#[c5]">&gt;&gt;</a>&nbsp;&nbsp;&nbsp;__aeabi_dmul
<LI><a href="#[c7]">&gt;&gt;</a>&nbsp;&nbsp;&nbsp;__aeabi_dadd
</UL>
<BR>[Called By]<UL><LI><a href="#[14f]">&gt;&gt;</a>&nbsp;&nbsp;&nbsp;asin
<LI><a href="#[1b0]">&gt;&gt;</a>&nbsp;&nbsp;&nbsp;atan
</UL>

<P><STRONG><a name="[1a1]"></a>__mathlib_dbl_infnan</STRONG> (Thumb, 6 bytes, Stack size 0 bytes, dunder.o(i.__mathlib_dbl_infnan))
<BR><BR>[Stack]<UL><LI>Max Depth = 16<LI>Call Chain = __mathlib_dbl_infnan &rArr; __ARM_scalbn
</UL>
<BR>[Calls]<UL><LI><a href="#[1a2]">&gt;&gt;</a>&nbsp;&nbsp;&nbsp;__ARM_scalbn
</UL>
<BR>[Called By]<UL><LI><a href="#[14f]">&gt;&gt;</a>&nbsp;&nbsp;&nbsp;asin
<LI><a href="#[1b0]">&gt;&gt;</a>&nbsp;&nbsp;&nbsp;atan
</UL>

<P><STRONG><a name="[1a3]"></a>__mathlib_dbl_infnan2</STRONG> (Thumb, 4 bytes, Stack size 0 bytes, dunder.o(i.__mathlib_dbl_infnan2))
<BR><BR>[Stack]<UL><LI>Max Depth = 88<LI>Call Chain = __mathlib_dbl_infnan2 &rArr; __aeabi_dadd &rArr; _double_epilogue &rArr; _double_round
</UL>
<BR>[Calls]<UL><LI><a href="#[c7]">&gt;&gt;</a>&nbsp;&nbsp;&nbsp;__aeabi_dadd
</UL>
<BR>[Called By]<UL><LI><a href="#[150]">&gt;&gt;</a>&nbsp;&nbsp;&nbsp;atan2
</UL>

<P><STRONG><a name="[1a4]"></a>__mathlib_dbl_invalid</STRONG> (Thumb, 12 bytes, Stack size 0 bytes, dunder.o(i.__mathlib_dbl_invalid))
<BR><BR>[Stack]<UL><LI>Max Depth = 40<LI>Call Chain = __mathlib_dbl_invalid &rArr; __aeabi_ddiv &rArr; _double_round
</UL>
<BR>[Calls]<UL><LI><a href="#[d3]">&gt;&gt;</a>&nbsp;&nbsp;&nbsp;__aeabi_ddiv
</UL>
<BR>[Called By]<UL><LI><a href="#[14f]">&gt;&gt;</a>&nbsp;&nbsp;&nbsp;asin
</UL>

<P><STRONG><a name="[1a5]"></a>__mathlib_dbl_underflow</STRONG> (Thumb, 10 bytes, Stack size 0 bytes, dunder.o(i.__mathlib_dbl_underflow))
<BR><BR>[Stack]<UL><LI>Max Depth = 16<LI>Call Chain = __mathlib_dbl_underflow &rArr; __ARM_scalbn
</UL>
<BR>[Calls]<UL><LI><a href="#[1a2]">&gt;&gt;</a>&nbsp;&nbsp;&nbsp;__ARM_scalbn
</UL>
<BR>[Called By]<UL><LI><a href="#[14f]">&gt;&gt;</a>&nbsp;&nbsp;&nbsp;asin
<LI><a href="#[1b0]">&gt;&gt;</a>&nbsp;&nbsp;&nbsp;atan
</UL>

<P><STRONG><a name="[266]"></a>__scatterload_copy</STRONG> (Thumb, 14 bytes, Stack size unknown bytes, handlers.o(i.__scatterload_copy), UNUSED)

<P><STRONG><a name="[267]"></a>__scatterload_null</STRONG> (Thumb, 2 bytes, Stack size unknown bytes, handlers.o(i.__scatterload_null), UNUSED)

<P><STRONG><a name="[268]"></a>__scatterload_zeroinit</STRONG> (Thumb, 14 bytes, Stack size unknown bytes, handlers.o(i.__scatterload_zeroinit), UNUSED)

<P><STRONG><a name="[1ad]"></a>__set_errno</STRONG> (Thumb, 6 bytes, Stack size 0 bytes, errno.o(i.__set_errno))
<BR><BR>[Called By]<UL><LI><a href="#[14f]">&gt;&gt;</a>&nbsp;&nbsp;&nbsp;asin
<LI><a href="#[1af]">&gt;&gt;</a>&nbsp;&nbsp;&nbsp;sqrt
</UL>

<P><STRONG><a name="[14f]"></a>asin</STRONG> (Thumb, 572 bytes, Stack size 56 bytes, asin.o(i.asin))
<BR><BR>[Stack]<UL><LI>Max Depth = 168<LI>Call Chain = asin &rArr; __kernel_poly &rArr; __aeabi_dmul &rArr; _double_epilogue &rArr; _double_round
</UL>
<BR>[Calls]<UL><LI><a href="#[d3]">&gt;&gt;</a>&nbsp;&nbsp;&nbsp;__aeabi_ddiv
<LI><a href="#[c6]">&gt;&gt;</a>&nbsp;&nbsp;&nbsp;__aeabi_dsub
<LI><a href="#[c5]">&gt;&gt;</a>&nbsp;&nbsp;&nbsp;__aeabi_dmul
<LI><a href="#[c7]">&gt;&gt;</a>&nbsp;&nbsp;&nbsp;__aeabi_dadd
<LI><a href="#[197]">&gt;&gt;</a>&nbsp;&nbsp;&nbsp;__aeabi_drsub
<LI><a href="#[1a2]">&gt;&gt;</a>&nbsp;&nbsp;&nbsp;__ARM_scalbn
<LI><a href="#[1ad]">&gt;&gt;</a>&nbsp;&nbsp;&nbsp;__set_errno
<LI><a href="#[1af]">&gt;&gt;</a>&nbsp;&nbsp;&nbsp;sqrt
<LI><a href="#[1a0]">&gt;&gt;</a>&nbsp;&nbsp;&nbsp;__kernel_poly
<LI><a href="#[1ae]">&gt;&gt;</a>&nbsp;&nbsp;&nbsp;__ARM_fpclassify
<LI><a href="#[1a5]">&gt;&gt;</a>&nbsp;&nbsp;&nbsp;__mathlib_dbl_underflow
<LI><a href="#[1a4]">&gt;&gt;</a>&nbsp;&nbsp;&nbsp;__mathlib_dbl_invalid
<LI><a href="#[1a1]">&gt;&gt;</a>&nbsp;&nbsp;&nbsp;__mathlib_dbl_infnan
</UL>
<BR>[Called By]<UL><LI><a href="#[14d]">&gt;&gt;</a>&nbsp;&nbsp;&nbsp;mpu_dmp_get_data
</UL>

<P><STRONG><a name="[1b0]"></a>atan</STRONG> (Thumb, 474 bytes, Stack size 40 bytes, atan.o(i.atan))
<BR><BR>[Stack]<UL><LI>Max Depth = 152<LI>Call Chain = atan &rArr; __kernel_poly &rArr; __aeabi_dmul &rArr; _double_epilogue &rArr; _double_round
</UL>
<BR>[Calls]<UL><LI><a href="#[d3]">&gt;&gt;</a>&nbsp;&nbsp;&nbsp;__aeabi_ddiv
<LI><a href="#[c6]">&gt;&gt;</a>&nbsp;&nbsp;&nbsp;__aeabi_dsub
<LI><a href="#[c5]">&gt;&gt;</a>&nbsp;&nbsp;&nbsp;__aeabi_dmul
<LI><a href="#[c7]">&gt;&gt;</a>&nbsp;&nbsp;&nbsp;__aeabi_dadd
<LI><a href="#[197]">&gt;&gt;</a>&nbsp;&nbsp;&nbsp;__aeabi_drsub
<LI><a href="#[1a2]">&gt;&gt;</a>&nbsp;&nbsp;&nbsp;__ARM_scalbn
<LI><a href="#[1a0]">&gt;&gt;</a>&nbsp;&nbsp;&nbsp;__kernel_poly
<LI><a href="#[1ae]">&gt;&gt;</a>&nbsp;&nbsp;&nbsp;__ARM_fpclassify
<LI><a href="#[1a5]">&gt;&gt;</a>&nbsp;&nbsp;&nbsp;__mathlib_dbl_underflow
<LI><a href="#[1a1]">&gt;&gt;</a>&nbsp;&nbsp;&nbsp;__mathlib_dbl_infnan
</UL>
<BR>[Called By]<UL><LI><a href="#[150]">&gt;&gt;</a>&nbsp;&nbsp;&nbsp;atan2
</UL>

<P><STRONG><a name="[150]"></a>atan2</STRONG> (Thumb, 346 bytes, Stack size 32 bytes, atan2.o(i.atan2))
<BR><BR>[Stack]<UL><LI>Max Depth = 184<LI>Call Chain = atan2 &rArr; atan &rArr; __kernel_poly &rArr; __aeabi_dmul &rArr; _double_epilogue &rArr; _double_round
</UL>
<BR>[Calls]<UL><LI><a href="#[d3]">&gt;&gt;</a>&nbsp;&nbsp;&nbsp;__aeabi_ddiv
<LI><a href="#[c6]">&gt;&gt;</a>&nbsp;&nbsp;&nbsp;__aeabi_dsub
<LI><a href="#[197]">&gt;&gt;</a>&nbsp;&nbsp;&nbsp;__aeabi_drsub
<LI><a href="#[1a3]">&gt;&gt;</a>&nbsp;&nbsp;&nbsp;__mathlib_dbl_infnan2
<LI><a href="#[1b0]">&gt;&gt;</a>&nbsp;&nbsp;&nbsp;atan
</UL>
<BR>[Called By]<UL><LI><a href="#[14d]">&gt;&gt;</a>&nbsp;&nbsp;&nbsp;mpu_dmp_get_data
</UL>

<P><STRONG><a name="[1af]"></a>sqrt</STRONG> (Thumb, 76 bytes, Stack size 24 bytes, sqrt.o(i.sqrt))
<BR><BR>[Stack]<UL><LI>Max Depth = 64<LI>Call Chain = sqrt &rArr; _dsqrt &rArr; _double_round
</UL>
<BR>[Calls]<UL><LI><a href="#[1ad]">&gt;&gt;</a>&nbsp;&nbsp;&nbsp;__set_errno
<LI><a href="#[19b]">&gt;&gt;</a>&nbsp;&nbsp;&nbsp;_dsqrt
</UL>
<BR>[Called By]<UL><LI><a href="#[14f]">&gt;&gt;</a>&nbsp;&nbsp;&nbsp;asin
</UL>
<P>
<H3>
Local Symbols
</H3>
<P><STRONG><a name="[7e]"></a>SetSysClockTo72</STRONG> (Thumb, 214 bytes, Stack size 12 bytes, system_stm32f10x.o(.text))
<BR><BR>[Stack]<UL><LI>Max Depth = 12<LI>Call Chain = SetSysClockTo72
</UL>
<BR>[Called By]<UL><LI><a href="#[7d]">&gt;&gt;</a>&nbsp;&nbsp;&nbsp;SetSysClock
</UL>

<P><STRONG><a name="[7d]"></a>SetSysClock</STRONG> (Thumb, 8 bytes, Stack size 8 bytes, system_stm32f10x.o(.text))
<BR><BR>[Stack]<UL><LI>Max Depth = 20<LI>Call Chain = SetSysClock &rArr; SetSysClockTo72
</UL>
<BR>[Calls]<UL><LI><a href="#[7e]">&gt;&gt;</a>&nbsp;&nbsp;&nbsp;SetSysClockTo72
</UL>
<BR>[Called By]<UL><LI><a href="#[47]">&gt;&gt;</a>&nbsp;&nbsp;&nbsp;SystemInit
</UL>

<P><STRONG><a name="[e7]"></a>_release_walkingmotor_r</STRONG> (Thumb, 8 bytes, Stack size 0 bytes, motor.o(.text))
<BR><BR>[Called By]<UL><LI><a href="#[e6]">&gt;&gt;</a>&nbsp;&nbsp;&nbsp;set_walkingmotor_rduty
</UL>

<P><STRONG><a name="[ea]"></a>_release_walkingmotor_l</STRONG> (Thumb, 10 bytes, Stack size 0 bytes, motor.o(.text))
<BR><BR>[Called By]<UL><LI><a href="#[e9]">&gt;&gt;</a>&nbsp;&nbsp;&nbsp;set_walkingmotor_lduty
</UL>

<P><STRONG><a name="[eb]"></a>_set_walkingmotor_duty</STRONG> (Thumb, 30 bytes, Stack size 16 bytes, motor.o(.text))
<BR><BR>[Stack]<UL><LI>Max Depth = 80<LI>Call Chain = _set_walkingmotor_duty &rArr; set_walkingmotor_lduty &rArr; pinMode &rArr; GPIO_Init
</UL>
<BR>[Calls]<UL><LI><a href="#[e9]">&gt;&gt;</a>&nbsp;&nbsp;&nbsp;set_walkingmotor_lduty
<LI><a href="#[e6]">&gt;&gt;</a>&nbsp;&nbsp;&nbsp;set_walkingmotor_rduty
</UL>
<BR>[Called By]<UL><LI><a href="#[fd]">&gt;&gt;</a>&nbsp;&nbsp;&nbsp;_control_walkingmotor_speed_byid
</UL>

<P><STRONG><a name="[ec]"></a>init_extix</STRONG> (Thumb, 148 bytes, Stack size 24 bytes, motor.o(.text))
<BR><BR>[Stack]<UL><LI>Max Depth = 48<LI>Call Chain = init_extix &rArr; GPIO_Init
</UL>
<BR>[Calls]<UL><LI><a href="#[89]">&gt;&gt;</a>&nbsp;&nbsp;&nbsp;RCC_APB2PeriphClockCmd
<LI><a href="#[80]">&gt;&gt;</a>&nbsp;&nbsp;&nbsp;NVIC_Init
<LI><a href="#[8a]">&gt;&gt;</a>&nbsp;&nbsp;&nbsp;GPIO_Init
<LI><a href="#[ed]">&gt;&gt;</a>&nbsp;&nbsp;&nbsp;GPIO_EXTILineConfig
<LI><a href="#[ee]">&gt;&gt;</a>&nbsp;&nbsp;&nbsp;EXTI_Init
</UL>
<BR>[Called By]<UL><LI><a href="#[6f]">&gt;&gt;</a>&nbsp;&nbsp;&nbsp;init_walkingmotor_odometer
</UL>

<P><STRONG><a name="[f1]"></a>_refresh_walkingmotor_odometer</STRONG> (Thumb, 336 bytes, Stack size 56 bytes, motor.o(.text))
<BR><BR>[Stack]<UL><LI>Max Depth = 144<LI>Call Chain = _refresh_walkingmotor_odometer &rArr; __aeabi_dmul &rArr; _double_epilogue &rArr; _double_round
</UL>
<BR>[Calls]<UL><LI><a href="#[d2]">&gt;&gt;</a>&nbsp;&nbsp;&nbsp;__aeabi_ui2d
<LI><a href="#[d3]">&gt;&gt;</a>&nbsp;&nbsp;&nbsp;__aeabi_ddiv
<LI><a href="#[ce]">&gt;&gt;</a>&nbsp;&nbsp;&nbsp;__aeabi_fadd
<LI><a href="#[c5]">&gt;&gt;</a>&nbsp;&nbsp;&nbsp;__aeabi_dmul
<LI><a href="#[f3]">&gt;&gt;</a>&nbsp;&nbsp;&nbsp;leave_critical_section
<LI><a href="#[f2]">&gt;&gt;</a>&nbsp;&nbsp;&nbsp;enter_critical_section
<LI><a href="#[f4]">&gt;&gt;</a>&nbsp;&nbsp;&nbsp;__aeabi_ui2f
<LI><a href="#[f8]">&gt;&gt;</a>&nbsp;&nbsp;&nbsp;__aeabi_frsub
<LI><a href="#[f7]">&gt;&gt;</a>&nbsp;&nbsp;&nbsp;__aeabi_f2uiz
<LI><a href="#[f5]">&gt;&gt;</a>&nbsp;&nbsp;&nbsp;__aeabi_f2d
<LI><a href="#[f6]">&gt;&gt;</a>&nbsp;&nbsp;&nbsp;__aeabi_d2f
</UL>
<BR>[Called By]<UL><LI><a href="#[83]">&gt;&gt;</a>&nbsp;&nbsp;&nbsp;speedctl_heartbeat
</UL>

<P><STRONG><a name="[fd]"></a>_control_walkingmotor_speed_byid</STRONG> (Thumb, 288 bytes, Stack size 48 bytes, motor.o(.text))
<BR><BR>[Stack]<UL><LI>Max Depth = 128<LI>Call Chain = _control_walkingmotor_speed_byid &rArr; _set_walkingmotor_duty &rArr; set_walkingmotor_lduty &rArr; pinMode &rArr; GPIO_Init
</UL>
<BR>[Calls]<UL><LI><a href="#[cc]">&gt;&gt;</a>&nbsp;&nbsp;&nbsp;__aeabi_i2f
<LI><a href="#[cd]">&gt;&gt;</a>&nbsp;&nbsp;&nbsp;__aeabi_fmul
<LI><a href="#[ce]">&gt;&gt;</a>&nbsp;&nbsp;&nbsp;__aeabi_fadd
<LI><a href="#[cf]">&gt;&gt;</a>&nbsp;&nbsp;&nbsp;__aeabi_f2iz
<LI><a href="#[ff]">&gt;&gt;</a>&nbsp;&nbsp;&nbsp;__aeabi_fsub
<LI><a href="#[fe]">&gt;&gt;</a>&nbsp;&nbsp;&nbsp;__aeabi_cfrcmple
<LI><a href="#[100]">&gt;&gt;</a>&nbsp;&nbsp;&nbsp;__aeabi_cfcmple
<LI><a href="#[eb]">&gt;&gt;</a>&nbsp;&nbsp;&nbsp;_set_walkingmotor_duty
</UL>
<BR>[Called By]<UL><LI><a href="#[101]">&gt;&gt;</a>&nbsp;&nbsp;&nbsp;control_walkingmotor_speed
</UL>

<P><STRONG><a name="[118]"></a>set_int_enable</STRONG> (Thumb, 138 bytes, Stack size 16 bytes, inv_mpu.o(.text))
<BR><BR>[Stack]<UL><LI>Max Depth = 64<LI>Call Chain = set_int_enable &rArr; MPU_Write_Len &rArr; MPU_IIC_Wait_Ack &rArr; MPU_IIC_Stop &rArr; MPU_IIC_Delay
</UL>
<BR>[Calls]<UL><LI><a href="#[114]">&gt;&gt;</a>&nbsp;&nbsp;&nbsp;MPU_Write_Len
</UL>
<BR>[Called By]<UL><LI><a href="#[141]">&gt;&gt;</a>&nbsp;&nbsp;&nbsp;mpu_lp_motion_interrupt
<LI><a href="#[136]">&gt;&gt;</a>&nbsp;&nbsp;&nbsp;mpu_set_dmp_state
<LI><a href="#[120]">&gt;&gt;</a>&nbsp;&nbsp;&nbsp;mpu_configure_fifo
</UL>

<P><STRONG><a name="[130]"></a>get_accel_prod_shift</STRONG> (Thumb, 168 bytes, Stack size 24 bytes, inv_mpu.o(.text))
<BR><BR>[Stack]<UL><LI>Max Depth = 80<LI>Call Chain = get_accel_prod_shift &rArr; MPU_Read_Len &rArr; MPU_IIC_Read_Byte &rArr; MPU_IIC_NAck &rArr; MPU_IIC_Delay
</UL>
<BR>[Calls]<UL><LI><a href="#[cd]">&gt;&gt;</a>&nbsp;&nbsp;&nbsp;__aeabi_fmul
<LI><a href="#[110]">&gt;&gt;</a>&nbsp;&nbsp;&nbsp;MPU_Read_Len
</UL>
<BR>[Called By]<UL><LI><a href="#[131]">&gt;&gt;</a>&nbsp;&nbsp;&nbsp;accel_self_test
</UL>

<P><STRONG><a name="[131]"></a>accel_self_test</STRONG> (Thumb, 164 bytes, Stack size 48 bytes, inv_mpu.o(.text))
<BR><BR>[Stack]<UL><LI>Max Depth = 128<LI>Call Chain = accel_self_test &rArr; get_accel_prod_shift &rArr; MPU_Read_Len &rArr; MPU_IIC_Read_Byte &rArr; MPU_IIC_NAck &rArr; MPU_IIC_Delay
</UL>
<BR>[Calls]<UL><LI><a href="#[cc]">&gt;&gt;</a>&nbsp;&nbsp;&nbsp;__aeabi_i2f
<LI><a href="#[12b]">&gt;&gt;</a>&nbsp;&nbsp;&nbsp;__aeabi_fdiv
<LI><a href="#[132]">&gt;&gt;</a>&nbsp;&nbsp;&nbsp;__aeabi_cfcmpeq
<LI><a href="#[130]">&gt;&gt;</a>&nbsp;&nbsp;&nbsp;get_accel_prod_shift
<LI><a href="#[ff]">&gt;&gt;</a>&nbsp;&nbsp;&nbsp;__aeabi_fsub
<LI><a href="#[fe]">&gt;&gt;</a>&nbsp;&nbsp;&nbsp;__aeabi_cfrcmple
<LI><a href="#[100]">&gt;&gt;</a>&nbsp;&nbsp;&nbsp;__aeabi_cfcmple
</UL>
<BR>[Called By]<UL><LI><a href="#[137]">&gt;&gt;</a>&nbsp;&nbsp;&nbsp;mpu_run_self_test
</UL>

<P><STRONG><a name="[133]"></a>gyro_self_test</STRONG> (Thumb, 280 bytes, Stack size 48 bytes, inv_mpu.o(.text))
<BR><BR>[Stack]<UL><LI>Max Depth = 104<LI>Call Chain = gyro_self_test &rArr; MPU_Read_Len &rArr; MPU_IIC_Read_Byte &rArr; MPU_IIC_NAck &rArr; MPU_IIC_Delay
</UL>
<BR>[Calls]<UL><LI><a href="#[cc]">&gt;&gt;</a>&nbsp;&nbsp;&nbsp;__aeabi_i2f
<LI><a href="#[cd]">&gt;&gt;</a>&nbsp;&nbsp;&nbsp;__aeabi_fmul
<LI><a href="#[12b]">&gt;&gt;</a>&nbsp;&nbsp;&nbsp;__aeabi_fdiv
<LI><a href="#[110]">&gt;&gt;</a>&nbsp;&nbsp;&nbsp;MPU_Read_Len
<LI><a href="#[f4]">&gt;&gt;</a>&nbsp;&nbsp;&nbsp;__aeabi_ui2f
<LI><a href="#[ff]">&gt;&gt;</a>&nbsp;&nbsp;&nbsp;__aeabi_fsub
<LI><a href="#[fe]">&gt;&gt;</a>&nbsp;&nbsp;&nbsp;__aeabi_cfrcmple
<LI><a href="#[100]">&gt;&gt;</a>&nbsp;&nbsp;&nbsp;__aeabi_cfcmple
</UL>
<BR>[Called By]<UL><LI><a href="#[137]">&gt;&gt;</a>&nbsp;&nbsp;&nbsp;mpu_run_self_test
</UL>

<P><STRONG><a name="[134]"></a>get_st_biases</STRONG> (Thumb, 1136 bytes, Stack size 64 bytes, inv_mpu.o(.text))
<BR><BR>[Stack]<UL><LI>Max Depth = 128<LI>Call Chain = get_st_biases &rArr; __aeabi_ldivmod &rArr; __aeabi_uldivmod
</UL>
<BR>[Calls]<UL><LI><a href="#[6b]">&gt;&gt;</a>&nbsp;&nbsp;&nbsp;delay_ms
<LI><a href="#[114]">&gt;&gt;</a>&nbsp;&nbsp;&nbsp;MPU_Write_Len
<LI><a href="#[110]">&gt;&gt;</a>&nbsp;&nbsp;&nbsp;MPU_Read_Len
<LI><a href="#[135]">&gt;&gt;</a>&nbsp;&nbsp;&nbsp;__aeabi_ldivmod
</UL>
<BR>[Called By]<UL><LI><a href="#[137]">&gt;&gt;</a>&nbsp;&nbsp;&nbsp;mpu_run_self_test
</UL>

<P><STRONG><a name="[161]"></a>decode_gesture</STRONG> (Thumb, 94 bytes, Stack size 24 bytes, inv_mpu_dmp_motion_driver.o(.text))
<BR><BR>[Stack]<UL><LI>Max Depth = 24<LI>Call Chain = decode_gesture
</UL>
<BR>[Called By]<UL><LI><a href="#[14e]">&gt;&gt;</a>&nbsp;&nbsp;&nbsp;dmp_read_fifo
</UL>

<P><STRONG><a name="[183]"></a>TI4_Config</STRONG> (Thumb, 130 bytes, Stack size 20 bytes, stm32f10x_tim.o(.text), UNUSED)
<BR><BR>[Called By]<UL><LI><a href="#[92]">&gt;&gt;</a>&nbsp;&nbsp;&nbsp;TIM_ICInit
</UL>

<P><STRONG><a name="[181]"></a>TI3_Config</STRONG> (Thumb, 122 bytes, Stack size 20 bytes, stm32f10x_tim.o(.text), UNUSED)
<BR><BR>[Called By]<UL><LI><a href="#[92]">&gt;&gt;</a>&nbsp;&nbsp;&nbsp;TIM_ICInit
</UL>

<P><STRONG><a name="[17f]"></a>TI2_Config</STRONG> (Thumb, 130 bytes, Stack size 20 bytes, stm32f10x_tim.o(.text), UNUSED)
<BR><BR>[Called By]<UL><LI><a href="#[92]">&gt;&gt;</a>&nbsp;&nbsp;&nbsp;TIM_ICInit
<LI><a href="#[188]">&gt;&gt;</a>&nbsp;&nbsp;&nbsp;TIM_TIxExternalClockConfig
<LI><a href="#[185]">&gt;&gt;</a>&nbsp;&nbsp;&nbsp;TIM_PWMIConfig
</UL>

<P><STRONG><a name="[17d]"></a>TI1_Config</STRONG> (Thumb, 108 bytes, Stack size 20 bytes, stm32f10x_tim.o(.text), UNUSED)
<BR><BR>[Called By]<UL><LI><a href="#[92]">&gt;&gt;</a>&nbsp;&nbsp;&nbsp;TIM_ICInit
<LI><a href="#[188]">&gt;&gt;</a>&nbsp;&nbsp;&nbsp;TIM_TIxExternalClockConfig
<LI><a href="#[185]">&gt;&gt;</a>&nbsp;&nbsp;&nbsp;TIM_PWMIConfig
</UL>

<P><STRONG><a name="[19d]"></a>_printf_core</STRONG> (Thumb, 996 bytes, Stack size 104 bytes, printf8.o(i._printf_core), UNUSED)
<BR><BR>[Calls]<UL><LI><a href="#[18f]">&gt;&gt;</a>&nbsp;&nbsp;&nbsp;__aeabi_uldivmod
<LI><a href="#[1a8]">&gt;&gt;</a>&nbsp;&nbsp;&nbsp;_printf_pre_padding
<LI><a href="#[1a9]">&gt;&gt;</a>&nbsp;&nbsp;&nbsp;_printf_post_padding
</UL>
<BR>[Called By]<UL><LI><a href="#[19c]">&gt;&gt;</a>&nbsp;&nbsp;&nbsp;__0printf$8
</UL>

<P><STRONG><a name="[1a9]"></a>_printf_post_padding</STRONG> (Thumb, 36 bytes, Stack size 24 bytes, printf8.o(i._printf_post_padding), UNUSED)
<BR><BR>[Called By]<UL><LI><a href="#[19d]">&gt;&gt;</a>&nbsp;&nbsp;&nbsp;_printf_core
</UL>

<P><STRONG><a name="[1a8]"></a>_printf_pre_padding</STRONG> (Thumb, 46 bytes, Stack size 24 bytes, printf8.o(i._printf_pre_padding), UNUSED)
<BR><BR>[Called By]<UL><LI><a href="#[19d]">&gt;&gt;</a>&nbsp;&nbsp;&nbsp;_printf_core
</UL>

<P><STRONG><a name="[1a6]"></a>_fp_digits</STRONG> (Thumb, 334 bytes, Stack size 56 bytes, printfa.o(i._fp_digits), UNUSED)
<BR><BR>[Calls]<UL><LI><a href="#[d3]">&gt;&gt;</a>&nbsp;&nbsp;&nbsp;__aeabi_ddiv
<LI><a href="#[c5]">&gt;&gt;</a>&nbsp;&nbsp;&nbsp;__aeabi_dmul
<LI><a href="#[c7]">&gt;&gt;</a>&nbsp;&nbsp;&nbsp;__aeabi_dadd
<LI><a href="#[18f]">&gt;&gt;</a>&nbsp;&nbsp;&nbsp;__aeabi_uldivmod
<LI><a href="#[199]">&gt;&gt;</a>&nbsp;&nbsp;&nbsp;__aeabi_d2ulz
<LI><a href="#[1a7]">&gt;&gt;</a>&nbsp;&nbsp;&nbsp;__aeabi_cdrcmple
</UL>
<BR>[Called By]<UL><LI><a href="#[19f]">&gt;&gt;</a>&nbsp;&nbsp;&nbsp;_printf_core
</UL>

<P><STRONG><a name="[19f]"></a>_printf_core</STRONG> (Thumb, 1744 bytes, Stack size 136 bytes, printfa.o(i._printf_core), UNUSED)
<BR><BR>[Calls]<UL><LI><a href="#[18f]">&gt;&gt;</a>&nbsp;&nbsp;&nbsp;__aeabi_uldivmod
<LI><a href="#[1ac]">&gt;&gt;</a>&nbsp;&nbsp;&nbsp;__aeabi_uidivmod
<LI><a href="#[1aa]">&gt;&gt;</a>&nbsp;&nbsp;&nbsp;_printf_pre_padding
<LI><a href="#[1ab]">&gt;&gt;</a>&nbsp;&nbsp;&nbsp;_printf_post_padding
<LI><a href="#[1a6]">&gt;&gt;</a>&nbsp;&nbsp;&nbsp;_fp_digits
</UL>
<BR>[Called By]<UL><LI><a href="#[19e]">&gt;&gt;</a>&nbsp;&nbsp;&nbsp;__0vsnprintf
</UL>

<P><STRONG><a name="[1ab]"></a>_printf_post_padding</STRONG> (Thumb, 36 bytes, Stack size 24 bytes, printfa.o(i._printf_post_padding), UNUSED)
<BR><BR>[Called By]<UL><LI><a href="#[19f]">&gt;&gt;</a>&nbsp;&nbsp;&nbsp;_printf_core
</UL>

<P><STRONG><a name="[1aa]"></a>_printf_pre_padding</STRONG> (Thumb, 46 bytes, Stack size 24 bytes, printfa.o(i._printf_pre_padding), UNUSED)
<BR><BR>[Called By]<UL><LI><a href="#[19f]">&gt;&gt;</a>&nbsp;&nbsp;&nbsp;_printf_core
</UL>

<P><STRONG><a name="[4a]"></a>_snputc</STRONG> (Thumb, 22 bytes, Stack size 0 bytes, printfa.o(i._snputc))
<BR>[Address Reference Count : 1]<UL><LI> printfa.o(i.__0vsnprintf)
</UL><P>
<H3>
Undefined Global Symbols
</H3><HR></body></html>
