<html>
<body>
<pre>
<h1>µVision Build Log</h1>
<h2>Tool Versions:</h2>
IDE-Version: ¦ÌVision V5.14.0.0
Copyright (C) 2015 ARM Ltd and ARM Germany GmbH. All rights reserved.
License Information: 1 1, 1, LIC=UJWSB-247Q7-SB9EJ-U4SKL-MF38X-QYIUK
 
Tool Versions:
Toolchain:       MDK-ARM Standard  Version: 5.14.0.0
Toolchain Path:  d:\Keil_v5\ARM\ARMCC\Bin
C Compiler:      Armcc.exe V5.05 update 1 (build 106)
Assembler:       Armasm.exe V5.05 update 1 (build 106)
Linker/Locator:  ArmLink.exe V5.05 update 1 (build 106)
Library Manager: ArmAr.exe V5.05 update 1 (build 106)
Hex Converter:   FromElf.exe V5.05 update 1 (build 106)
CPU DLL:         SARMCM3.DLL V5.14.0.0
Dialog DLL:      DARMSTM.DLL V1.65.0.0
Target DLL:      Segger\JL2CM3.dll V2.99.13.0
Dialog DLL:      TARMSTM.DLL V1.64.0.0
 
<h2>Project:</h2>
F:\GitHub\MainBoard\USER\REMOTE.uvprojx
Project File Date:  03/03/2017

<h2>Output:</h2>
Build target 'REMOTE'
compiling main.c...
..\Funs\rpstm32.h(102): warning:  #47-D: incompatible redefinition of macro "MIN" (declared at line 40 of "..\SYSTEM\usart\ring_buffer.h")
  #define MIN(a,b) ( ((a) > (b))?(b):(a))
..\Funs\rpstm32.h(103): warning:  #47-D: incompatible redefinition of macro "MAX" (declared at line 37 of "..\SYSTEM\usart\ring_buffer.h")
  #define MAX(a,b) ( ((a) < (b))?(b):(a))
..\HARDWARE\RFID\rfid.h(18): warning:  #1-D: last line of file ends without a newline
  #endif
main.c(601): warning:  #177-D: variable "cmd" was declared but never referenced
        uint8_t cmd[5] = {0};
main.c: 4 warnings, 0 errors
compiling pwm.c...
..\Funs\rpstm32.h(102): warning:  #47-D: incompatible redefinition of macro "MIN" (declared at line 40 of "..\SYSTEM\usart\ring_buffer.h")
  #define MIN(a,b) ( ((a) > (b))?(b):(a))
..\Funs\rpstm32.h(103): warning:  #47-D: incompatible redefinition of macro "MAX" (declared at line 37 of "..\SYSTEM\usart\ring_buffer.h")
  #define MAX(a,b) ( ((a) < (b))?(b):(a))
..\HARDWARE\PWM\pwm.c(102): warning:  #177-D: variable "tmp" was declared but never referenced
        uint8_t tmp = 0;
..\HARDWARE\PWM\pwm.c: 3 warnings, 0 errors
compiling jiexi.c...
..\Funs\rpstm32.h(102): warning:  #47-D: incompatible redefinition of macro "MIN" (declared at line 40 of "..\SYSTEM\usart\ring_buffer.h")
  #define MIN(a,b) ( ((a) > (b))?(b):(a))
..\Funs\rpstm32.h(103): warning:  #47-D: incompatible redefinition of macro "MAX" (declared at line 37 of "..\SYSTEM\usart\ring_buffer.h")
  #define MAX(a,b) ( ((a) < (b))?(b):(a))
..\HARDWARE\TONGXINJIEXI\jiexi.c: 2 warnings, 0 errors
compiling AGV_Sensor.c...
..\HARDWARE\AGVSensor\AGV_Sensor.c(190): warning:  #177-D: variable "left_cnt" was declared but never referenced
        uint8_t left_cnt;
..\HARDWARE\AGVSensor\AGV_Sensor.c(191): warning:  #177-D: variable "right_cnt" was declared but never referenced
        uint8_t right_cnt;
..\HARDWARE\AGVSensor\AGV_Sensor.c(192): warning:  #177-D: variable "gap_pos" was declared but never referenced
        uint8_t gap_pos = 0;
..\HARDWARE\AGVSensor\AGV_Sensor.c(255): warning:  #167-D: argument of type "volatile char *" is incompatible with parameter of type "void *"
        memset(key ,1 ,16);
..\HARDWARE\AGVSensor\AGV_Sensor.c: 4 warnings, 0 errors
compiling motor.c...
..\HARDWARE\motor\motor.c(590): warning:  #177-D: variable "speedctl_frequency" was declared but never referenced
  static _u32 speedctl_frequency = 0;
..\HARDWARE\motor\motor.c: 1 warning, 0 errors
compiling MsgWithPAD.c...
linking...
Program Size: Code=42500 RO-data=348 RW-data=652 ZI-data=44708  
FromELF: creating hex file...
"..\OBJ\REMOTE.axf" - 0 Error(s), 14 Warning(s).

<h2>Collection of Component include folders:</h2>
  F:\GitHub\MainBoard\USER\RTE
  d:\Keil_v5\ARM\PACK\Keil\STM32F1xx_DFP\2.0.0

<h2>Collection of Component Files used:</h2>
</pre>
</body>
</html>
