Component: ARM Compiler 5.05 update 1 (build 106) Tool: armlink [4d0efa]

==============================================================================

Section Cross References

    main.o(.text) refers to stm32f10x_usart.o(.text) for USART_ReceiveData
    main.o(.text) refers to wifiap.o(.text) for atk_8266_send_cmd
    main.o(.text) refers to stm32f10x_gpio.o(.text) for GPIO_ReadInputDataBit
    main.o(.text) refers to jiexi.o(.text) for Forward
    main.o(.text) refers to tracking.o(.text) for Tracking
    main.o(.text) refers to main.o(.bss) for key
    main.o(.text) refers to main.o(.data) for left1
    main.o(.text) refers to wtc7514.o(.text) for WTC7514_ReadTwoByte_head
    main.o(.text) refers to usart.o(.text) for usart4Printf
    main.o(.text) refers to memseta.o(.text) for __aeabi_memclr4
    main.o(.text) refers to delay.o(.text) for delay_init
    main.o(.text) refers to misc.o(.text) for NVIC_PriorityGroupConfig
    main.o(.text) refers to pwm.o(.data) for SPEEDR
    main.o(.text) refers to tracking.o(.data) for zuo_chu
    main.o(.text) refers to gpio.o(.text) for RobotGpioInit
    main.o(.text) refers to inv_mpu.o(.text) for mpu_dmp_init
    main.o(.text) refers to pwm.o(.text) for TIM2_Init
    main.o(.text) refers to motor.o(.text) for init_walkingmotor
    main.o(.text) refers to stm32f10x_rcc.o(.text) for RCC_APB1PeriphClockCmd
    main.o(.text) refers to stm32f10x_tim.o(.text) for TIM_Cmd
    main.o(.text) refers to ring_buffer.o(.text) for RingBuffer_GetCount
    main.o(.text) refers to posewithvoice_fun.o(.text) for RobotGetPos
    main.o(.text) refers to posewithvoice_fun.o(.bss) for g_tVoiceCtl
    main.o(.text) refers to usart.o(.bss) for g_tUSART3TxRingBuf
    main.o(.text) refers to usart.o(.data) for flag_RecFul
    system_stm32f10x.o(.text) refers to system_stm32f10x.o(.data) for SystemCoreClock
    pwm.o(.text) refers to stm32f10x_rcc.o(.text) for RCC_APB1PeriphClockCmd
    pwm.o(.text) refers to stm32f10x_tim.o(.text) for TIM_TimeBaseInit
    pwm.o(.text) refers to misc.o(.text) for NVIC_Init
    pwm.o(.text) refers to motor.o(.text) for speedctl_heartbeat
    pwm.o(.text) refers to agv_sensor.o(.text) for GuideWalking
    pwm.o(.text) refers to stm32f10x_gpio.o(.text) for GPIO_Init
    pwm.o(.text) refers to main.o(.data) for time
    pwm.o(.text) refers to pwm.o(.data) for g_u16TouchTimer
    pwm.o(.text) refers to pwm.o(.bss) for TIM4_ICInitStructure
    gpio.o(.text) refers to stm32f10x_rcc.o(.text) for RCC_APB2PeriphClockCmd
    gpio.o(.text) refers to stm32f10x_gpio.o(.text) for GPIO_Init
    jiexi.o(.text) refers to usart.o(.text) for usart3Printf
    jiexi.o(.text) refers to cmdprase.o(.text) for SetARAct
    jiexi.o(.text) refers to motor.o(.text) for set_walkingmotor_speed
    jiexi.o(.text) refers to pid.o(.text) for PIDinit
    jiexi.o(.text) refers to main.o(.data) for IDY_flag
    jiexi.o(.text) refers to jiexi.o(.data) for ii
    jiexi.o(.text) refers to usart.o(.data) for Preset_Pwm
    jiexi.o(.text) refers to pwm.o(.data) for g_S8SpeedLTarget
    jiexi.o(.text) refers to agv_sensor.o(.data) for g_u8OutTrackFlg
    jiexi.o(.text) refers to pid.o(.bss) for g_tFootMotorPID
    jiexi.o(.text) refers to motor.o(.constdata) for Kd
    jiexi.o(.text) refers to pid.o(.data) for Right_pwm
    jiexi.o(.text) refers to main.o(.text) for ASC_To_Valu
    jiexi.o(.text) refers to main.o(.bss) for IDYdata
    stmflash.o(.text) refers to stm32f10x_flash.o(.text) for FLASH_ProgramHalfWord
    stmflash.o(.text) refers to stmflash.o(.bss) for STMFLASH_BUF
    pid.o(.text) refers to stm32f10x_tim.o(.text) for TIM_SetCompare2
    pid.o(.text) refers to dflti.o(.text) for __aeabi_i2d
    pid.o(.text) refers to dmul.o(.text) for __aeabi_dmul
    pid.o(.text) refers to dadd.o(.text) for __aeabi_dsub
    pid.o(.text) refers to dfixi.o(.text) for __aeabi_d2iz
    pid.o(.text) refers to memseta.o(.text) for __aeabi_memclr4
    pid.o(.text) refers to fflti.o(.text) for __aeabi_i2f
    pid.o(.text) refers to fmul.o(.text) for __aeabi_fmul
    pid.o(.text) refers to fadd.o(.text) for __aeabi_fadd
    pid.o(.text) refers to ffixi.o(.text) for __aeabi_f2iz
    pid.o(.text) refers to pid.o(.data) for sptr
    pid.o(.text) refers to pwm.o(.data) for g_u32CaptureNumberL
    pid.o(.data) refers to pid.o(.bss) for sPID
    tracking.o(.text) refers to dfltui.o(.text) for __aeabi_ui2d
    tracking.o(.text) refers to ddiv.o(.text) for __aeabi_ddiv
    tracking.o(.text) refers to dmul.o(.text) for __aeabi_dmul
    tracking.o(.text) refers to dfixui.o(.text) for __aeabi_d2uiz
    tracking.o(.text) refers to main.o(.bss) for key
    tracking.o(.text) refers to main.o(.data) for left1
    tracking.o(.text) refers to agv_sensor.o(.data) for PositionOffsetHW
    tracking.o(.text) refers to tracking.o(.data) for g_u16Sum
    tracking.o(.text) refers to pwm.o(.data) for SPEEDL
    wtc7514.o(.text) refers to myiic.o(.text) for IIC_Init
    myiic.o(.text) refers to delay.o(.text) for delay_us
[...]
    WTC7514_SetLevel                         0x08005719   Thumb Code    36  wtc7514.o(.text)
    WTC7514_SetLevel_head                    0x0800573d   Thumb Code    34  wtc7514.o(.text)
    WTC7514_ReadTwoByte_head                 0x0800575f   Thumb Code    58  wtc7514.o(.text)
    IIC_Stop                                 0x08005799   Thumb Code    62  myiic.o(.text)
    IIC_Init                                 0x080057d7   Thumb Code    50  myiic.o(.text)
    IIC_Start                                0x08005809   Thumb Code    68  myiic.o(.text)
    IIC_Wait_Ack                             0x0800584d   Thumb Code    86  myiic.o(.text)
    IIC_Ack                                  0x080058a3   Thumb Code    66  myiic.o(.text)
    IIC_NAck                                 0x080058e5   Thumb Code    66  myiic.o(.text)
    IIC_Send_Byte                            0x08005927   Thumb Code    90  myiic.o(.text)
    IIC_Read_Byte                            0x08005981   Thumb Code    98  myiic.o(.text)
    AGV_GuideSensorInit                      0x080059f1   Thumb Code    78  agv_sensor.o(.text)
    AGV_GetGuideSensorVal                    0x08005a3f   Thumb Code    46  agv_sensor.o(.text)
    sensor_guide_forward                     0x08005a6d   Thumb Code    46  agv_sensor.o(.text)
    sensor_guide_dscrt                       0x08005a9b   Thumb Code    86  agv_sensor.o(.text)
    GuideWalking                             0x08005af1   Thumb Code   572  agv_sensor.o(.text)
    GetIFlyTekAngel                          0x08005d89   Thumb Code   164  iflytek.o(.text)
    set_walkingmotor_rduty                   0x08005e49   Thumb Code   158  motor.o(.text)
    set_walkingmotor_lduty                   0x08005ef1   Thumb Code   170  motor.o(.text)
    init_walkingmotor                        0x08005fb9   Thumb Code   222  motor.o(.text)
    EXTI9_5_IRQHandler                       0x0800612b   Thumb Code    72  motor.o(.text)
    init_walkingmotor_odometer               0x08006173   Thumb Code    46  motor.o(.text)
    walkingmotor_cumulate_ldist_mm           0x080062f1   Thumb Code     6  motor.o(.text)
    walkingmotor_cumulate_rdist_mm           0x080062f7   Thumb Code     6  motor.o(.text)
    walkingmotor_delta_ldist_mm_f            0x080062fd   Thumb Code    28  motor.o(.text)
    walkingmotor_delta_rdist_mm_f            0x08006319   Thumb Code    28  motor.o(.text)
    get_walkingmotor_lspeed_mm_q16           0x08006335   Thumb Code    32  motor.o(.text)
    get_walkingmotor_rspeed_mm_q16           0x08006355   Thumb Code    32  motor.o(.text)
    control_walkingmotor_speed               0x08006495   Thumb Code    24  motor.o(.text)
    set_walkingmotor_speed                   0x080064ad   Thumb Code     8  motor.o(.text)
    get_walkingmotor_lspeed_set              0x080064b5   Thumb Code     6  motor.o(.text)
    get_walkingmotor_rspeed_set              0x080064bb   Thumb Code     6  motor.o(.text)
    brake_walkingmotor                       0x080064c1   Thumb Code    20  motor.o(.text)
    speedctl_heartbeat                       0x080064d5   Thumb Code    16  motor.o(.text)
    MPU_Write_Byte                           0x0800651d   Thumb Code    68  mpu6050.o(.text)
    MPU_Set_LPF                              0x08006561   Thumb Code    58  mpu6050.o(.text)
    MPU_Set_Rate                             0x0800659b   Thumb Code    58  mpu6050.o(.text)
    MPU_Read_Byte                            0x080065d5   Thumb Code    58  mpu6050.o(.text)
    MPU_Set_Accel_Fsr                        0x0800660f   Thumb Code    16  mpu6050.o(.text)
    MPU_Set_Gyro_Fsr                         0x0800661f   Thumb Code    16  mpu6050.o(.text)
    MPU_Init                                 0x0800662f   Thumb Code   122  mpu6050.o(.text)
    MPU_Read_Len                             0x080066a9   Thumb Code   116  mpu6050.o(.text)
    MPU_Get_Temperature                      0x0800671d   Thumb Code    86  mpu6050.o(.text)
    MPU_Get_Gyroscope                        0x08006773   Thumb Code    80  mpu6050.o(.text)
    MPU_Get_Accelerometer                    0x080067c3   Thumb Code    80  mpu6050.o(.text)
    MPU_Write_Len                            0x08006813   Thumb Code    96  mpu6050.o(.text)
    MPU_IIC_Delay                            0x08006885   Thumb Code    10  mpuiic.o(.text)
    MPU_IIC_Init                             0x0800688f   Thumb Code     8  mpuiic.o(.text)
    MPU_IIC_Start                            0x08006897   Thumb Code    60  mpuiic.o(.text)
    MPU_IIC_Stop                             0x080068d3   Thumb Code    62  mpuiic.o(.text)
    MPU_IIC_Wait_Ack                         0x08006911   Thumb Code    86  mpuiic.o(.text)
    MPU_IIC_Ack                              0x08006967   Thumb Code    66  mpuiic.o(.text)
    MPU_IIC_NAck                             0x080069a9   Thumb Code    66  mpuiic.o(.text)
    MPU_IIC_Send_Byte                        0x080069eb   Thumb Code    82  mpuiic.o(.text)
    MPU_IIC_Read_Byte                        0x08006a3d   Thumb Code    96  mpuiic.o(.text)
    mpu_reg_dump                             0x08006b33   Thumb Code    84  inv_mpu.o(.text)
    mpu_read_reg                             0x08006b87   Thumb Code    66  inv_mpu.o(.text)
    mpu_set_int_latched                      0x08006bc9   Thumb Code   102  inv_mpu.o(.text)
    mpu_set_sensors                          0x08006c2f   Thumb Code   202  inv_mpu.o(.text)
    mpu_set_bypass                           0x08006cf9   Thumb Code   328  inv_mpu.o(.text)
    mpu_reset_fifo                           0x08006e41   Thumb Code   472  inv_mpu.o(.text)
    mpu_configure_fifo                       0x08007019   Thumb Code   106  inv_mpu.o(.text)
    mpu_set_lpf                              0x08007083   Thumb Code   126  inv_mpu.o(.text)
    mpu_lp_accel_mode                        0x08007101   Thumb Code   218  inv_mpu.o(.text)
    mpu_set_sample_rate                      0x080071db   Thumb Code   152  inv_mpu.o(.text)
    mpu_set_accel_fsr                        0x08007273   Thumb Code   132  inv_mpu.o(.text)
    mpu_set_gyro_fsr                         0x080072f7   Thumb Code   132  inv_mpu.o(.text)
    mpu_init                                 0x0800737b   Thumb Code   416  inv_mpu.o(.text)
    mget_ms                                  0x0800751b   Thumb Code     2  inv_mpu.o(.text)
    mpu_get_gyro_reg                         0x0800751d   Thumb Code   110  inv_mpu.o(.text)
    mpu_get_accel_reg                        0x0800758b   Thumb Code   110  inv_mpu.o(.text)
    mpu_get_temperature                      0x080075f9   Thumb Code   150  inv_mpu.o(.text)
    mpu_set_accel_bias                       0x0800768f   Thumb Code   468  inv_mpu.o(.text)
    mpu_get_gyro_fsr                         0x08007863   Thumb Code    64  inv_mpu.o(.text)
    mpu_get_accel_fsr                        0x080078a3   Thumb Code    72  inv_mpu.o(.text)
    mpu_get_lpf                              0x080078eb   Thumb Code    74  inv_mpu.o(.text)
    mpu_get_sample_rate                      0x08007935   Thumb Code    26  inv_mpu.o(.text)
    mpu_get_compass_sample_rate              0x0800794f   Thumb Code    10  inv_mpu.o(.text)
    mpu_set_compass_sample_rate              0x08007959   Thumb Code     8  inv_mpu.o(.text)
    mpu_get_gyro_sens                        0x08007961   Thumb Code    58  inv_mpu.o(.text)
    mpu_get_accel_sens                       0x0800799b   Thumb Code    78  inv_mpu.o(.text)
    mpu_get_fifo_config                      0x080079e9   Thumb Code    12  inv_mpu.o(.text)
    mpu_get_power_state                      0x080079f5   Thumb Code    22  inv_mpu.o(.text)
    mpu_get_int_status                       0x08007a0b   Thumb Code    64  inv_mpu.o(.text)
    mpu_read_fifo                            0x08007a4b   Thumb Code   520  inv_mpu.o(.text)
    mpu_read_fifo_stream                     0x08007c53   Thumb Code   186  inv_mpu.o(.text)
    mpu_set_int_level                        0x08007d0d   Thumb Code    12  inv_mpu.o(.text)
    mpu_set_dmp_state                        0x080083ed   Thumb Code   138  inv_mpu.o(.text)
    mpu_run_self_test                        0x08008477   Thumb Code   278  inv_mpu.o(.text)
    mpu_write_mem                            0x0800858d   Thumb Code   122  inv_mpu.o(.text)
    mpu_read_mem                             0x08008607   Thumb Code   122  inv_mpu.o(.text)
    mpu_load_firmware                        0x08008681   Thumb Code   190  inv_mpu.o(.text)
    mpu_get_dmp_state                        0x0800873f   Thumb Code    14  inv_mpu.o(.text)
    setup_compass                            0x0800874d   Thumb Code     6  inv_mpu.o(.text)
    mpu_get_compass_reg                      0x08008753   Thumb Code     8  inv_mpu.o(.text)
    mpu_get_compass_fsr                      0x0800875b   Thumb Code     8  inv_mpu.o(.text)
    mpu_lp_motion_interrupt                  0x08008763   Thumb Code   512  inv_mpu.o(.text)
    run_self_test                            0x08008963   Thumb Code   148  inv_mpu.o(.text)
    inv_row_2_scale                          0x080089f7   Thumb Code    78  inv_mpu.o(.text)
    inv_orientation_matrix_to_scalar         0x08008a45   Thumb Code    40  inv_mpu.o(.text)
    mpu_dmp_init                             0x08008a6d   Thumb Code   154  inv_mpu.o(.text)
    mpu_dmp_get_data                         0x08008b07   Thumb Code   554  inv_mpu.o(.text)
    dmp_load_motion_driver_firmware          0x08008d35   Thumb Code    20  inv_mpu_dmp_motion_driver.o(.text)
    dmp_set_orientation                      0x08008d49   Thumb Code   290  inv_mpu_dmp_motion_driver.o(.text)
    dmp_set_gyro_bias                        0x08008e6b   Thumb Code   294  inv_mpu_dmp_motion_driver.o(.text)
    dmp_set_accel_bias                       0x08008f91   Thumb Code   300  inv_mpu_dmp_motion_driver.o(.text)
    dmp_set_fifo_rate                        0x080090bd   Thumb Code   136  inv_mpu_dmp_motion_driver.o(.text)
    dmp_get_fifo_rate                        0x08009145   Thumb Code    12  inv_mpu_dmp_motion_driver.o(.text)
    dmp_set_tap_thresh                       0x08009151   Thumb Code   396  inv_mpu_dmp_motion_driver.o(.text)
    dmp_set_tap_axes                         0x080092dd   Thumb Code    70  inv_mpu_dmp_motion_driver.o(.text)
    dmp_set_tap_count                        0x08009323   Thumb Code    38  inv_mpu_dmp_motion_driver.o(.text)
    dmp_set_tap_time                         0x08009349   Thumb Code    38  inv_mpu_dmp_motion_driver.o(.text)
    dmp_set_tap_time_multi                   0x0800936f   Thumb Code    38  inv_mpu_dmp_motion_driver.o(.text)
    dmp_set_shake_reject_thresh              0x08009395   Thumb Code    56  inv_mpu_dmp_motion_driver.o(.text)
    dmp_set_shake_reject_time                0x080093cd   Thumb Code    38  inv_mpu_dmp_motion_driver.o(.text)
    dmp_set_shake_reject_timeout             0x080093f3   Thumb Code    38  inv_mpu_dmp_motion_driver.o(.text)
    dmp_get_pedometer_step_count             0x08009419   Thumb Code    66  inv_mpu_dmp_motion_driver.o(.text)
    dmp_set_pedometer_step_count             0x0800945b   Thumb Code    42  inv_mpu_dmp_motion_driver.o(.text)
    dmp_get_pedometer_walk_time              0x08009485   Thumb Code    72  inv_mpu_dmp_motion_driver.o(.text)
    dmp_set_pedometer_walk_time              0x080094cd   Thumb Code    48  inv_mpu_dmp_motion_driver.o(.text)
    dmp_enable_6x_lp_quat                    0x080094fd   Thumb Code    84  inv_mpu_dmp_motion_driver.o(.text)
    dmp_enable_lp_quat                       0x08009551   Thumb Code    60  inv_mpu_dmp_motion_driver.o(.text)
    dmp_enable_gyro_cal                      0x0800958d   Thumb Code    62  inv_mpu_dmp_motion_driver.o(.text)
    dmp_enable_feature                       0x080095cb   Thumb Code   530  inv_mpu_dmp_motion_driver.o(.text)
    dmp_get_enabled_features                 0x080097dd   Thumb Code    12  inv_mpu_dmp_motion_driver.o(.text)
    dmp_set_interrupt_mode                   0x08009847   Thumb Code    66  inv_mpu_dmp_motion_driver.o(.text)
    dmp_read_fifo                            0x08009889   Thumb Code   514  inv_mpu_dmp_motion_driver.o(.text)
    dmp_register_tap_cb                      0x08009a8b   Thumb Code    10  inv_mpu_dmp_motion_driver.o(.text)
    dmp_register_android_orient_cb           0x08009a95   Thumb Code    10  inv_mpu_dmp_motion_driver.o(.text)
    atk_8266_check_cmd                       0x08009aa5   Thumb Code    44  wifiap.o(.text)
    atk_8266_send_cmd                        0x08009ad1   Thumb Code    76  wifiap.o(.text)
    atk_8266_send_data                       0x08009b1d   Thumb Code    76  wifiap.o(.text)
    delay_init                               0x08009b71   Thumb Code    50  delay.o(.text)
    delay_us                                 0x08009ba3   Thumb Code    72  delay.o(.text)
    delay_ms                                 0x08009beb   Thumb Code    72  delay.o(.text)
    _sys_exit                                0x08009c45   Thumb Code     6  usart.o(.text)
    fputc                                    0x08009c4b   Thumb Code    24  usart.o(.text)
    usart1Printf                             0x08009c63   Thumb Code    82  usart.o(.text)
    usart2Printf                             0x08009cb5   Thumb Code    82  usart.o(.text)
    usart3Printf                             0x08009d07   Thumb Code    82  usart.o(.text)
    usart4Printf                             0x08009d59   Thumb Code    82  usart.o(.text)
    uart_init                                0x08009dab   Thumb Code   154  usart.o(.text)
    USART1_IRQHandler                        0x08009e45   Thumb Code   122  usart.o(.text)
    uart2_init                               0x08009ebf   Thumb Code   164  usart.o(.text)
    USART2_IRQHandler                        0x08009f63   Thumb Code   160  usart.o(.text)
    uart3_init                               0x0800a003   Thumb Code   242  usart.o(.text)
    USART3_IRQHandler                        0x0800a0f5   Thumb Code   146  usart.o(.text)
    USART3_SendStrings                       0x0800a187   Thumb Code    44  usart.o(.text)
    uart4_init                               0x0800a1b3   Thumb Code   160  usart.o(.text)
    UART4_IRQHandler                         0x0800a253   Thumb Code   116  usart.o(.text)
    UART5_Configuration                      0x0800a2c7   Thumb Code   152  usart.o(.text)
    UART5_IRQHandler                         0x0800a35f   Thumb Code   278  usart.o(.text)
    GetCheckSum                              0x0800a4e1   Thumb Code    34  cmdprase.o(.text)
    SetARAct                                 0x0800a503   Thumb Code   130  cmdprase.o(.text)
    SetObst                                  0x0800a585   Thumb Code   130  cmdprase.o(.text)
    SetExpress                               0x0800a607   Thumb Code   120  cmdprase.o(.text)
    SetLimit                                 0x0800a67f   Thumb Code   114  cmdprase.o(.text)
    RingBuffer_Flush                         0x0800a6f5   Thumb Code     8  ring_buffer.o(.text)
    RingBuffer_GetSize                       0x0800a6fd   Thumb Code     6  ring_buffer.o(.text)
    RingBuffer_GetCount                      0x0800a703   Thumb Code    10  ring_buffer.o(.text)
    RingBuffer_GetFree                       0x0800a70d   Thumb Code    16  ring_buffer.o(.text)
    RingBuffer_IsFull                        0x0800a71d   Thumb Code    24  ring_buffer.o(.text)
    RingBuffer_IsEmpty                       0x0800a735   Thumb Code    18  ring_buffer.o(.text)
    RingBuffer_Init                          0x0800a747   Thumb Code    20  ring_buffer.o(.text)
    RingBuffer_Insert                        0x0800a75b   Thumb Code    54  ring_buffer.o(.text)
    RingBuffer_InsertMult                    0x0800a791   Thumb Code   176  ring_buffer.o(.text)
    RingBuffer_Pop                           0x0800a841   Thumb Code    54  ring_buffer.o(.text)
    RingBuffer_PopMult                       0x0800a877   Thumb Code   176  ring_buffer.o(.text)
    Reset_Handler                            0x0800a929   Thumb Code     8  startup_stm32f10x_hd.o(.text)
    ADC1_2_IRQHandler                        0x0800a943   Thumb Code     0  startup_stm32f10x_hd.o(.text)
    ADC3_IRQHandler                          0x0800a943   Thumb Code     0  startup_stm32f10x_hd.o(.text)
    CAN1_RX1_IRQHandler                      0x0800a943   Thumb Code     0  startup_stm32f10x_hd.o(.text)
    CAN1_SCE_IRQHandler                      0x0800a943   Thumb Code     0  startup_stm32f10x_hd.o(.text)
    DMA1_Channel1_IRQHandler                 0x0800a943   Thumb Code     0  startup_stm32f10x_hd.o(.text)
    DMA1_Channel2_IRQHandler                 0x0800a943   Thumb Code     0  startup_stm32f10x_hd.o(.text)
    DMA1_Channel3_IRQHandler                 0x0800a943   Thumb Code     0  startup_stm32f10x_hd.o(.text)
    DMA1_Channel4_IRQHandler                 0x0800a943   Thumb Code     0  startup_stm32f10x_hd.o(.text)
    DMA1_Channel5_IRQHandler                 0x0800a943   Thumb Code     0  startup_stm32f10x_hd.o(.text)
    DMA1_Channel6_IRQHandler                 0x0800a943   Thumb Code     0  startup_stm32f10x_hd.o(.text)
    DMA1_Channel7_IRQHandler                 0x0800a943   Thumb Code     0  startup_stm32f10x_hd.o(.text)
    DMA2_Channel1_IRQHandler                 0x0800a943   Thumb Code     0  startup_stm32f10x_hd.o(.text)
    DMA2_Channel2_IRQHandler                 0x0800a943   Thumb Code     0  startup_stm32f10x_hd.o(.text)
    DMA2_Channel3_IRQHandler                 0x0800a943   Thumb Code     0  startup_stm32f10x_hd.o(.text)
    DMA2_Channel4_5_IRQHandler               0x0800a943   Thumb Code     0  startup_stm32f10x_hd.o(.text)
    EXTI0_IRQHandler                         0x0800a943   Thumb Code     0  startup_stm32f10x_hd.o(.text)
    EXTI15_10_IRQHandler                     0x0800a943   Thumb Code     0  startup_stm32f10x_hd.o(.text)
    EXTI1_IRQHandler                         0x0800a943   Thumb Code     0  startup_stm32f10x_hd.o(.text)
    EXTI2_IRQHandler                         0x0800a943   Thumb Code     0  startup_stm32f10x_hd.o(.text)
    EXTI3_IRQHandler                         0x0800a943   Thumb Code     0  startup_stm32f10x_hd.o(.text)
    EXTI4_IRQHandler                         0x0800a943   Thumb Code     0  startup_stm32f10x_hd.o(.text)
    FLASH_IRQHandler                         0x0800a943   Thumb Code     0  startup_stm32f10x_hd.o(.text)
    FSMC_IRQHandler                          0x0800a943   Thumb Code     0  startup_stm32f10x_hd.o(.text)
    I2C1_ER_IRQHandler                       0x0800a943   Thumb Code     0  startup_stm32f10x_hd.o(.text)
    I2C1_EV_IRQHandler                       0x0800a943   Thumb Code     0  startup_stm32f10x_hd.o(.text)
    I2C2_ER_IRQHandler                       0x0800a943   Thumb Code     0  startup_stm32f10x_hd.o(.text)
    I2C2_EV_IRQHandler                       0x0800a943   Thumb Code     0  startup_stm32f10x_hd.o(.text)
    PVD_IRQHandler                           0x0800a943   Thumb Code     0  startup_stm32f10x_hd.o(.text)
    RCC_IRQHandler                           0x0800a943   Thumb Code     0  startup_stm32f10x_hd.o(.text)
    RTCAlarm_IRQHandler                      0x0800a943   Thumb Code     0  startup_stm32f10x_hd.o(.text)
    RTC_IRQHandler                           0x0800a943   Thumb Code     0  startup_stm32f10x_hd.o(.text)
    SDIO_IRQHandler                          0x0800a943   Thumb Code     0  startup_stm32f10x_hd.o(.text)
    SPI1_IRQHandler                          0x0800a943   Thumb Code     0  startup_stm32f10x_hd.o(.text)
    SPI2_IRQHandler                          0x0800a943   Thumb Code     0  startup_stm32f10x_hd.o(.text)
    SPI3_IRQHandler                          0x0800a943   Thumb Code     0  startup_stm32f10x_hd.o(.text)
    TAMPER_IRQHandler                        0x0800a943   Thumb Code     0  startup_stm32f10x_hd.o(.text)
    TIM1_BRK_IRQHandler                      0x0800a943   Thumb Code     0  startup_stm32f10x_hd.o(.text)
    TIM1_CC_IRQHandler                       0x0800a943   Thumb Code     0  startup_stm32f10x_hd.o(.text)
    TIM1_TRG_COM_IRQHandler                  0x0800a943   Thumb Code     0  startup_stm32f10x_hd.o(.text)
    TIM1_UP_IRQHandler                       0x0800a943   Thumb Code     0  startup_stm32f10x_hd.o(.text)
    TIM3_IRQHandler                          0x0800a943   Thumb Code     0  startup_stm32f10x_hd.o(.text)
    TIM5_IRQHandler                          0x0800a943   Thumb Code     0  startup_stm32f10x_hd.o(.text)
    TIM6_IRQHandler                          0x0800a943   Thumb Code     0  startup_stm32f10x_hd.o(.text)
    TIM7_IRQHandler                          0x0800a943   Thumb Code     0  startup_stm32f10x_hd.o(.text)
    TIM8_BRK_IRQHandler                      0x0800a943   Thumb Code     0  startup_stm32f10x_hd.o(.text)
    TIM8_CC_IRQHandler                       0x0800a943   Thumb Code     0  startup_stm32f10x_hd.o(.text)
    TIM8_TRG_COM_IRQHandler                  0x0800a943   Thumb Code     0  startup_stm32f10x_hd.o(.text)
    TIM8_UP_IRQHandler                       0x0800a943   Thumb Code     0  startup_stm32f10x_hd.o(.text)
    USBWakeUp_IRQHandler                     0x0800a943   Thumb Code     0  startup_stm32f10x_hd.o(.text)
    USB_HP_CAN1_TX_IRQHandler                0x0800a943   Thumb Code     0  startup_stm32f10x_hd.o(.text)
    USB_LP_CAN1_RX0_IRQHandler               0x0800a943   Thumb Code     0  startup_stm32f10x_hd.o(.text)
    WWDG_IRQHandler                          0x0800a943   Thumb Code     0  startup_stm32f10x_hd.o(.text)
    NVIC_PriorityGroupConfig                 0x0800a94d   Thumb Code    10  misc.o(.text)
    NVIC_Init                                0x0800a957   Thumb Code   100  misc.o(.text)
    NVIC_SetVectorTable                      0x0800a9bb   Thumb Code    14  misc.o(.text)
    NVIC_SystemLPConfig                      0x0800a9c9   Thumb Code    34  misc.o(.text)
    SysTick_CLKSourceConfig                  0x0800a9eb   Thumb Code    40  misc.o(.text)
    GPIO_DeInit                              0x0800aa29   Thumb Code   172  stm32f10x_gpio.o(.text)
    GPIO_AFIODeInit                          0x0800aad5   Thumb Code    20  stm32f10x_gpio.o(.text)
    GPIO_Init                                0x0800aae9   Thumb Code   278  stm32f10x_gpio.o(.text)
    GPIO_StructInit                          0x0800abff   Thumb Code    16  stm32f10x_gpio.o(.text)
    GPIO_ReadInputDataBit                    0x0800ac0f   Thumb Code    18  stm32f10x_gpio.o(.text)
    GPIO_ReadInputData                       0x0800ac21   Thumb Code     8  stm32f10x_gpio.o(.text)
    GPIO_ReadOutputDataBit                   0x0800ac29   Thumb Code    18  stm32f10x_gpio.o(.text)
    GPIO_ReadOutputData                      0x0800ac3b   Thumb Code     8  stm32f10x_gpio.o(.text)
    GPIO_SetBits                             0x0800ac43   Thumb Code     4  stm32f10x_gpio.o(.text)
    GPIO_ResetBits                           0x0800ac47   Thumb Code     4  stm32f10x_gpio.o(.text)
    GPIO_WriteBit                            0x0800ac4b   Thumb Code    10  stm32f10x_gpio.o(.text)
    GPIO_Write                               0x0800ac55   Thumb Code     4  stm32f10x_gpio.o(.text)
    GPIO_PinLockConfig                       0x0800ac59   Thumb Code    18  stm32f10x_gpio.o(.text)
    GPIO_EventOutputConfig                   0x0800ac6b   Thumb Code    26  stm32f10x_gpio.o(.text)
    GPIO_EventOutputCmd                      0x0800ac85   Thumb Code     6  stm32f10x_gpio.o(.text)
    GPIO_PinRemapConfig                      0x0800ac8b   Thumb Code   138  stm32f10x_gpio.o(.text)
    GPIO_EXTILineConfig                      0x0800ad15   Thumb Code    66  stm32f10x_gpio.o(.text)
    GPIO_ETH_MediaInterfaceConfig            0x0800ad57   Thumb Code     8  stm32f10x_gpio.o(.text)
    RCC_DeInit                               0x0800ad85   Thumb Code    64  stm32f10x_rcc.o(.text)
    RCC_HSEConfig                            0x0800adc5   Thumb Code    70  stm32f10x_rcc.o(.text)
    RCC_GetFlagStatus                        0x0800ae0b   Thumb Code    56  stm32f10x_rcc.o(.text)
    RCC_WaitForHSEStartUp                    0x0800ae43   Thumb Code    56  stm32f10x_rcc.o(.text)
    RCC_AdjustHSICalibrationValue            0x0800ae7b   Thumb Code    20  stm32f10x_rcc.o(.text)
    RCC_HSICmd                               0x0800ae8f   Thumb Code     6  stm32f10x_rcc.o(.text)
    RCC_PLLConfig                            0x0800ae95   Thumb Code    24  stm32f10x_rcc.o(.text)
    RCC_PLLCmd                               0x0800aead   Thumb Code     6  stm32f10x_rcc.o(.text)
    RCC_SYSCLKConfig                         0x0800aeb3   Thumb Code    18  stm32f10x_rcc.o(.text)
    RCC_GetSYSCLKSource                      0x0800aec5   Thumb Code    10  stm32f10x_rcc.o(.text)
    RCC_HCLKConfig                           0x0800aecf   Thumb Code    18  stm32f10x_rcc.o(.text)
    RCC_PCLK1Config                          0x0800aee1   Thumb Code    18  stm32f10x_rcc.o(.text)
    RCC_PCLK2Config                          0x0800aef3   Thumb Code    20  stm32f10x_rcc.o(.text)
    RCC_ITConfig                             0x0800af07   Thumb Code    26  stm32f10x_rcc.o(.text)
    RCC_USBCLKConfig                         0x0800af21   Thumb Code     8  stm32f10x_rcc.o(.text)
    RCC_ADCCLKConfig                         0x0800af29   Thumb Code    18  stm32f10x_rcc.o(.text)
    RCC_LSEConfig                            0x0800af3b   Thumb Code    50  stm32f10x_rcc.o(.text)
    RCC_LSICmd                               0x0800af6d   Thumb Code     6  stm32f10x_rcc.o(.text)
    RCC_RTCCLKConfig                         0x0800af73   Thumb Code    12  stm32f10x_rcc.o(.text)
    RCC_RTCCLKCmd                            0x0800af7f   Thumb Code     8  stm32f10x_rcc.o(.text)
    RCC_GetClocksFreq                        0x0800af87   Thumb Code   192  stm32f10x_rcc.o(.text)
    RCC_AHBPeriphClockCmd                    0x0800b047   Thumb Code    26  stm32f10x_rcc.o(.text)
    RCC_APB2PeriphClockCmd                   0x0800b061   Thumb Code    26  stm32f10x_rcc.o(.text)
    RCC_APB1PeriphClockCmd                   0x0800b07b   Thumb Code    26  stm32f10x_rcc.o(.text)
    RCC_APB2PeriphResetCmd                   0x0800b095   Thumb Code    26  stm32f10x_rcc.o(.text)
    RCC_APB1PeriphResetCmd                   0x0800b0af   Thumb Code    26  stm32f10x_rcc.o(.text)
    RCC_BackupResetCmd                       0x0800b0c9   Thumb Code     8  stm32f10x_rcc.o(.text)
    RCC_ClockSecuritySystemCmd               0x0800b0d1   Thumb Code     6  stm32f10x_rcc.o(.text)
    RCC_MCOConfig                            0x0800b0d7   Thumb Code     6  stm32f10x_rcc.o(.text)
    RCC_ClearFlag                            0x0800b0dd   Thumb Code    14  stm32f10x_rcc.o(.text)
    RCC_GetITStatus                          0x0800b0eb   Thumb Code    20  stm32f10x_rcc.o(.text)
    RCC_ClearITPendingBit                    0x0800b0ff   Thumb Code     6  stm32f10x_rcc.o(.text)
    TIM_DeInit                               0x0800b129   Thumb Code   424  stm32f10x_tim.o(.text)
    TIM_TimeBaseInit                         0x0800b2d1   Thumb Code   122  stm32f10x_tim.o(.text)
    TIM_OC1Init                              0x0800b34b   Thumb Code   132  stm32f10x_tim.o(.text)
    TIM_OC2Init                              0x0800b3cf   Thumb Code   154  stm32f10x_tim.o(.text)
    TIM_OC3Init                              0x0800b469   Thumb Code   150  stm32f10x_tim.o(.text)
    TIM_OC4Init                              0x0800b4ff   Thumb Code   182  stm32f10x_tim.o(.text)
    TIM_SetIC4Prescaler                      0x0800b5b5   Thumb Code    26  stm32f10x_tim.o(.text)
    TIM_SetIC3Prescaler                      0x0800b651   Thumb Code    18  stm32f10x_tim.o(.text)
    TIM_SetIC2Prescaler                      0x0800b6dd   Thumb Code    26  stm32f10x_tim.o(.text)
    TIM_SetIC1Prescaler                      0x0800b779   Thumb Code    18  stm32f10x_tim.o(.text)
    TIM_ICInit                               0x0800b7f7   Thumb Code   150  stm32f10x_tim.o(.text)
    TIM_PWMIConfig                           0x0800b88d   Thumb Code   124  stm32f10x_tim.o(.text)
    TIM_BDTRConfig                           0x0800b909   Thumb Code    32  stm32f10x_tim.o(.text)
    TIM_TimeBaseStructInit                   0x0800b929   Thumb Code    18  stm32f10x_tim.o(.text)
    TIM_OCStructInit                         0x0800b93b   Thumb Code    20  stm32f10x_tim.o(.text)
    TIM_ICStructInit                         0x0800b94f   Thumb Code    18  stm32f10x_tim.o(.text)
    TIM_BDTRStructInit                       0x0800b961   Thumb Code    40  stm32f10x_tim.o(.text)
    TIM_Cmd                                  0x0800b989   Thumb Code    24  stm32f10x_tim.o(.text)
    TIM_CtrlPWMOutputs                       0x0800b9a1   Thumb Code    30  stm32f10x_tim.o(.text)
    TIM_ITConfig                             0x0800b9bf   Thumb Code    18  stm32f10x_tim.o(.text)
    TIM_GenerateEvent                        0x0800b9d1   Thumb Code     4  stm32f10x_tim.o(.text)
    TIM_DMAConfig                            0x0800b9d5   Thumb Code    10  stm32f10x_tim.o(.text)
    TIM_DMACmd                               0x0800b9df   Thumb Code    18  stm32f10x_tim.o(.text)
    TIM_InternalClockConfig                  0x0800b9f1   Thumb Code    12  stm32f10x_tim.o(.text)
    TIM_SelectInputTrigger                   0x0800b9fd   Thumb Code    18  stm32f10x_tim.o(.text)
    TIM_ITRxExternalClockConfig              0x0800ba0f   Thumb Code    24  stm32f10x_tim.o(.text)
    TIM_TIxExternalClockConfig               0x0800ba27   Thumb Code    62  stm32f10x_tim.o(.text)
    TIM_ETRConfig                            0x0800ba65   Thumb Code    28  stm32f10x_tim.o(.text)
    TIM_ETRClockMode1Config                  0x0800ba81   Thumb Code    54  stm32f10x_tim.o(.text)
    TIM_ETRClockMode2Config                  0x0800bab7   Thumb Code    32  stm32f10x_tim.o(.text)
    TIM_PrescalerConfig                      0x0800bad7   Thumb Code     6  stm32f10x_tim.o(.text)
    TIM_CounterModeConfig                    0x0800badd   Thumb Code    18  stm32f10x_tim.o(.text)
    TIM_EncoderInterfaceConfig               0x0800baef   Thumb Code    66  stm32f10x_tim.o(.text)
    TIM_ForcedOC1Config                      0x0800bb31   Thumb Code    18  stm32f10x_tim.o(.text)
    TIM_ForcedOC2Config                      0x0800bb43   Thumb Code    26  stm32f10x_tim.o(.text)
    TIM_ForcedOC3Config                      0x0800bb5d   Thumb Code    18  stm32f10x_tim.o(.text)
    TIM_ForcedOC4Config                      0x0800bb6f   Thumb Code    26  stm32f10x_tim.o(.text)
    TIM_ARRPreloadConfig                     0x0800bb89   Thumb Code    24  stm32f10x_tim.o(.text)
    TIM_SelectCOM                            0x0800bba1   Thumb Code    24  stm32f10x_tim.o(.text)
    TIM_SelectCCDMA                          0x0800bbb9   Thumb Code    24  stm32f10x_tim.o(.text)
    TIM_CCPreloadControl                     0x0800bbd1   Thumb Code    24  stm32f10x_tim.o(.text)
    TIM_OC1PreloadConfig                     0x0800bbe9   Thumb Code    18  stm32f10x_tim.o(.text)
    TIM_OC2PreloadConfig                     0x0800bbfb   Thumb Code    26  stm32f10x_tim.o(.text)
    TIM_OC3PreloadConfig                     0x0800bc15   Thumb Code    18  stm32f10x_tim.o(.text)
    TIM_OC4PreloadConfig                     0x0800bc27   Thumb Code    26  stm32f10x_tim.o(.text)
    TIM_OC1FastConfig                        0x0800bc41   Thumb Code    18  stm32f10x_tim.o(.text)
    TIM_OC2FastConfig                        0x0800bc53   Thumb Code    26  stm32f10x_tim.o(.text)
    TIM_OC3FastConfig                        0x0800bc6d   Thumb Code    18  stm32f10x_tim.o(.text)
    TIM_OC4FastConfig                        0x0800bc7f   Thumb Code    26  stm32f10x_tim.o(.text)
    TIM_ClearOC1Ref                          0x0800bc99   Thumb Code    18  stm32f10x_tim.o(.text)
    TIM_ClearOC2Ref                          0x0800bcab   Thumb Code    24  stm32f10x_tim.o(.text)
    TIM_ClearOC3Ref                          0x0800bcc3   Thumb Code    18  stm32f10x_tim.o(.text)
    TIM_ClearOC4Ref                          0x0800bcd5   Thumb Code    24  stm32f10x_tim.o(.text)
    TIM_OC1PolarityConfig                    0x0800bced   Thumb Code    18  stm32f10x_tim.o(.text)
    TIM_OC1NPolarityConfig                   0x0800bcff   Thumb Code    18  stm32f10x_tim.o(.text)
    TIM_OC2PolarityConfig                    0x0800bd11   Thumb Code    26  stm32f10x_tim.o(.text)
    TIM_OC2NPolarityConfig                   0x0800bd2b   Thumb Code    26  stm32f10x_tim.o(.text)
    TIM_OC3PolarityConfig                    0x0800bd45   Thumb Code    26  stm32f10x_tim.o(.text)
    TIM_OC3NPolarityConfig                   0x0800bd5f   Thumb Code    26  stm32f10x_tim.o(.text)
    TIM_OC4PolarityConfig                    0x0800bd79   Thumb Code    26  stm32f10x_tim.o(.text)
    TIM_CCxCmd                               0x0800bd93   Thumb Code    30  stm32f10x_tim.o(.text)
    TIM_CCxNCmd                              0x0800bdb1   Thumb Code    30  stm32f10x_tim.o(.text)
    TIM_SelectOCxM                           0x0800bdcf   Thumb Code    82  stm32f10x_tim.o(.text)
    TIM_UpdateDisableConfig                  0x0800be21   Thumb Code    24  stm32f10x_tim.o(.text)
    TIM_UpdateRequestConfig                  0x0800be39   Thumb Code    24  stm32f10x_tim.o(.text)
    TIM_SelectHallSensor                     0x0800be51   Thumb Code    24  stm32f10x_tim.o(.text)
    TIM_SelectOnePulseMode                   0x0800be69   Thumb Code    18  stm32f10x_tim.o(.text)
    TIM_SelectOutputTrigger                  0x0800be7b   Thumb Code    18  stm32f10x_tim.o(.text)
    TIM_SelectSlaveMode                      0x0800be8d   Thumb Code    18  stm32f10x_tim.o(.text)
    TIM_SelectMasterSlaveMode                0x0800be9f   Thumb Code    18  stm32f10x_tim.o(.text)
    TIM_SetCounter                           0x0800beb1   Thumb Code     4  stm32f10x_tim.o(.text)
    TIM_SetAutoreload                        0x0800beb5   Thumb Code     4  stm32f10x_tim.o(.text)
    TIM_SetCompare1                          0x0800beb9   Thumb Code     4  stm32f10x_tim.o(.text)
    TIM_SetCompare2                          0x0800bebd   Thumb Code     4  stm32f10x_tim.o(.text)
    TIM_SetCompare3                          0x0800bec1   Thumb Code     4  stm32f10x_tim.o(.text)
    TIM_SetCompare4                          0x0800bec5   Thumb Code     6  stm32f10x_tim.o(.text)
    TIM_SetClockDivision                     0x0800becb   Thumb Code    18  stm32f10x_tim.o(.text)
    TIM_GetCapture1                          0x0800bedd   Thumb Code     6  stm32f10x_tim.o(.text)
    TIM_GetCapture2                          0x0800bee3   Thumb Code     6  stm32f10x_tim.o(.text)
    TIM_GetCapture3                          0x0800bee9   Thumb Code     6  stm32f10x_tim.o(.text)
    TIM_GetCapture4                          0x0800beef   Thumb Code     8  stm32f10x_tim.o(.text)
    TIM_GetCounter                           0x0800bef7   Thumb Code     6  stm32f10x_tim.o(.text)
    TIM_GetPrescaler                         0x0800befd   Thumb Code     6  stm32f10x_tim.o(.text)
    TIM_GetFlagStatus                        0x0800bf03   Thumb Code    18  stm32f10x_tim.o(.text)
    TIM_ClearFlag                            0x0800bf15   Thumb Code     6  stm32f10x_tim.o(.text)
    TIM_GetITStatus                          0x0800bf1b   Thumb Code    34  stm32f10x_tim.o(.text)
    TIM_ClearITPendingBit                    0x0800bf3d   Thumb Code     6  stm32f10x_tim.o(.text)
    USART_DeInit                             0x0800bf45   Thumb Code   134  stm32f10x_usart.o(.text)
    USART_Init                               0x0800bfcb   Thumb Code   210  stm32f10x_usart.o(.text)
    USART_StructInit                         0x0800c09d   Thumb Code    24  stm32f10x_usart.o(.text)
    USART_ClockInit                          0x0800c0b5   Thumb Code    34  stm32f10x_usart.o(.text)
    USART_ClockStructInit                    0x0800c0d7   Thumb Code    12  stm32f10x_usart.o(.text)
    USART_Cmd                                0x0800c0e3   Thumb Code    24  stm32f10x_usart.o(.text)
    USART_ITConfig                           0x0800c0fb   Thumb Code    74  stm32f10x_usart.o(.text)
    USART_DMACmd                             0x0800c145   Thumb Code    18  stm32f10x_usart.o(.text)
    USART_SetAddress                         0x0800c157   Thumb Code    18  stm32f10x_usart.o(.text)
    USART_WakeUpConfig                       0x0800c169   Thumb Code    18  stm32f10x_usart.o(.text)
    USART_ReceiverWakeUpCmd                  0x0800c17b   Thumb Code    24  stm32f10x_usart.o(.text)
    USART_LINBreakDetectLengthConfig         0x0800c193   Thumb Code    18  stm32f10x_usart.o(.text)
    USART_LINCmd                             0x0800c1a5   Thumb Code    24  stm32f10x_usart.o(.text)
    USART_SendData                           0x0800c1bd   Thumb Code     8  stm32f10x_usart.o(.text)
    USART_ReceiveData                        0x0800c1c5   Thumb Code    10  stm32f10x_usart.o(.text)
    USART_SendBreak                          0x0800c1cf   Thumb Code    10  stm32f10x_usart.o(.text)
    USART_SetGuardTime                       0x0800c1d9   Thumb Code    16  stm32f10x_usart.o(.text)
    USART_SetPrescaler                       0x0800c1e9   Thumb Code    16  stm32f10x_usart.o(.text)
    USART_SmartCardCmd                       0x0800c1f9   Thumb Code    24  stm32f10x_usart.o(.text)
    USART_SmartCardNACKCmd                   0x0800c211   Thumb Code    24  stm32f10x_usart.o(.text)
    USART_HalfDuplexCmd                      0x0800c229   Thumb Code    24  stm32f10x_usart.o(.text)
    USART_OverSampling8Cmd                   0x0800c241   Thumb Code    22  stm32f10x_usart.o(.text)
    USART_OneBitMethodCmd                    0x0800c257   Thumb Code    24  stm32f10x_usart.o(.text)
    USART_IrDAConfig                         0x0800c26f   Thumb Code    18  stm32f10x_usart.o(.text)
    USART_IrDACmd                            0x0800c281   Thumb Code    24  stm32f10x_usart.o(.text)
    USART_GetFlagStatus                      0x0800c299   Thumb Code    26  stm32f10x_usart.o(.text)
    USART_ClearFlag                          0x0800c2b3   Thumb Code    18  stm32f10x_usart.o(.text)
    USART_GetITStatus                        0x0800c2c5   Thumb Code    84  stm32f10x_usart.o(.text)
    USART_ClearITPendingBit                  0x0800c319   Thumb Code    52  stm32f10x_usart.o(.text)
    EXTI_DeInit                              0x0800c34d   Thumb Code    28  stm32f10x_exti.o(.text)
    EXTI_Init                                0x0800c369   Thumb Code   142  stm32f10x_exti.o(.text)
    EXTI_StructInit                          0x0800c3f7   Thumb Code    16  stm32f10x_exti.o(.text)
    EXTI_GenerateSWInterrupt                 0x0800c407   Thumb Code    16  stm32f10x_exti.o(.text)
    EXTI_GetFlagStatus                       0x0800c417   Thumb Code    22  stm32f10x_exti.o(.text)
    EXTI_ClearFlag                           0x0800c42d   Thumb Code     8  stm32f10x_exti.o(.text)
    EXTI_GetITStatus                         0x0800c435   Thumb Code    34  stm32f10x_exti.o(.text)
    EXTI_ClearITPendingBit                   0x0800c457   Thumb Code     8  stm32f10x_exti.o(.text)
    RobotGetPos                              0x0800c469   Thumb Code   124  posewithvoice_fun.o(.text)
    TurnWithVoice                            0x0800c4e5   Thumb Code   286  posewithvoice_fun.o(.text)
    IsInRange                                0x0800c625   Thumb Code    22  common.o(.text)
    pinMode                                  0x0800c63b   Thumb Code    32  common.o(.text)
    enter_critical_section                   0x0800c65b   Thumb Code    12  common.o(.text)
    leave_critical_section                   0x0800c667   Thumb Code    10  common.o(.text)
    abs                                      0x0800c671   Thumb Code    14  common.o(.text)
    __aeabi_ldivmod                          0x0800c67f   Thumb Code    98  ldiv.o(.text)
    __aeabi_memcpy                           0x0800c6e1   Thumb Code    36  memcpya.o(.text)
    __aeabi_memcpy4                          0x0800c6e1   Thumb Code     0  memcpya.o(.text)
    __aeabi_memcpy8                          0x0800c6e1   Thumb Code     0  memcpya.o(.text)
    __aeabi_memset                           0x0800c705   Thumb Code    14  memseta.o(.text)
    __aeabi_memset4                          0x0800c705   Thumb Code     0  memseta.o(.text)
    __aeabi_memset8                          0x0800c705   Thumb Code     0  memseta.o(.text)
    __aeabi_memclr                           0x0800c713   Thumb Code     4  memseta.o(.text)
    __aeabi_memclr4                          0x0800c713   Thumb Code     0  memseta.o(.text)
    __aeabi_memclr8                          0x0800c713   Thumb Code     0  memseta.o(.text)
    _memset$wrapper                          0x0800c717   Thumb Code    18  memseta.o(.text)
    strstr                                   0x0800c729   Thumb Code    36  strstr.o(.text)
    memcmp                                   0x0800c74d   Thumb Code    26  memcmp.o(.text)
    __aeabi_fadd                             0x0800c767   Thumb Code   164  fadd.o(.text)
    __aeabi_fsub                             0x0800c80b   Thumb Code     6  fadd.o(.text)
    __aeabi_frsub                            0x0800c811   Thumb Code     6  fadd.o(.text)
    __aeabi_fmul                             0x0800c817   Thumb Code   100  fmul.o(.text)
    __aeabi_fdiv                             0x0800c87b   Thumb Code   124  fdiv.o(.text)
    __aeabi_dadd                             0x0800c8f7   Thumb Code   322  dadd.o(.text)
    __aeabi_dsub                             0x0800ca39   Thumb Code     6  dadd.o(.text)
    __aeabi_drsub                            0x0800ca3f   Thumb Code     6  dadd.o(.text)
    __aeabi_dmul                             0x0800ca45   Thumb Code   228  dmul.o(.text)
    __aeabi_ddiv                             0x0800cb29   Thumb Code   222  ddiv.o(.text)
    __aeabi_i2f                              0x0800cc07   Thumb Code    18  fflti.o(.text)
    __aeabi_ui2f                             0x0800cc19   Thumb Code    10  ffltui.o(.text)
    __aeabi_i2d                              0x0800cc23   Thumb Code    34  dflti.o(.text)
    __aeabi_ui2d                             0x0800cc45   Thumb Code    26  dfltui.o(.text)
    __aeabi_f2iz                             0x0800cc5f   Thumb Code    50  ffixi.o(.text)
    __aeabi_f2uiz                            0x0800cc91   Thumb Code    40  ffixui.o(.text)
    __aeabi_d2iz                             0x0800ccb9   Thumb Code    62  dfixi.o(.text)
    __aeabi_d2uiz                            0x0800ccf7   Thumb Code    50  dfixui.o(.text)
    __aeabi_f2d                              0x0800cd29   Thumb Code    38  f2d.o(.text)
    __aeabi_d2f                              0x0800cd4f   Thumb Code    56  d2f.o(.text)
    __aeabi_cfcmpeq                          0x0800cd89   Thumb Code     0  cfcmple.o(.text)
    __aeabi_cfcmple                          0x0800cd89   Thumb Code    20  cfcmple.o(.text)
    __aeabi_cfrcmple                         0x0800cd9d   Thumb Code    20  cfrcmple.o(.text)
    __aeabi_uidiv                            0x0800cdb1   Thumb Code     0  uidiv.o(.text)
    __aeabi_uidivmod                         0x0800cdb1   Thumb Code    44  uidiv.o(.text)
    __aeabi_uldivmod                         0x0800cddd   Thumb Code    98  uldiv.o(.text)
    __aeabi_llsl                             0x0800ce3f   Thumb Code    30  llshl.o(.text)
    _ll_shift_l                              0x0800ce3f   Thumb Code     0  llshl.o(.text)
    __aeabi_llsr                             0x0800ce5d   Thumb Code    32  llushr.o(.text)
    _ll_ushift_r                             0x0800ce5d   Thumb Code     0  llushr.o(.text)
    __aeabi_lasr                             0x0800ce7d   Thumb Code    36  llsshr.o(.text)
    _ll_sshift_r                             0x0800ce7d   Thumb Code     0  llsshr.o(.text)
    __I$use$fp                               0x0800cea1   Thumb Code     0  iusefp.o(.text)
    _float_round                             0x0800cea1   Thumb Code    18  fepilogue.o(.text)
    _float_epilogue                          0x0800ceb3   Thumb Code    92  fepilogue.o(.text)
    _double_round                            0x0800cf0f   Thumb Code    30  depilogue.o(.text)
    _double_epilogue                         0x0800cf2d   Thumb Code   156  depilogue.o(.text)
    __ARM_scalbn                             0x0800cfc9   Thumb Code    46  dscalb.o(.text)
    scalbn                                   0x0800cfc9   Thumb Code     0  dscalb.o(.text)
    __aeabi_d2ulz                            0x0800cff7   Thumb Code    48  dfixul.o(.text)
    __aeabi_cdrcmple                         0x0800d029   Thumb Code    48  cdrcmple.o(.text)
    __scatterload                            0x0800d059   Thumb Code    28  init.o(.text)
    __scatterload_rt2                        0x0800d059   Thumb Code     0  init.o(.text)
    _dsqrt                                   0x0800d07d   Thumb Code   162  dsqrt.o(.text)
    __decompress                             0x0800d11f   Thumb Code     0  __dczerorl2.o(.text)
    __decompress1                            0x0800d11f   Thumb Code    86  __dczerorl2.o(.text)
    __0printf$8                              0x0800d175   Thumb Code    22  printf8.o(i.__0printf$8)
    __1printf$8                              0x0800d175   Thumb Code     0  printf8.o(i.__0printf$8)
    __2printf                                0x0800d175   Thumb Code     0  printf8.o(i.__0printf$8)
    __0vsnprintf                             0x0800d195   Thumb Code    32  printfa.o(i.__0vsnprintf)
    __1vsnprintf                             0x0800d195   Thumb Code     0  printfa.o(i.__0vsnprintf)
    __2vsnprintf                             0x0800d195   Thumb Code     0  printfa.o(i.__0vsnprintf)
    __c89vsnprintf                           0x0800d195   Thumb Code     0  printfa.o(i.__0vsnprintf)
    vsnprintf                                0x0800d195   Thumb Code     0  printfa.o(i.__0vsnprintf)
    __ARM_fpclassify                         0x0800d1b9   Thumb Code    40  fpclassify.o(i.__ARM_fpclassify)
    __kernel_poly                            0x0800d1e1   Thumb Code   170  poly.o(i.__kernel_poly)
    __mathlib_dbl_infnan                     0x0800d28b   Thumb Code     6  dunder.o(i.__mathlib_dbl_infnan)
    __mathlib_dbl_infnan2                    0x0800d291   Thumb Code     4  dunder.o(i.__mathlib_dbl_infnan2)
    __mathlib_dbl_invalid                    0x0800d295   Thumb Code    12  dunder.o(i.__mathlib_dbl_invalid)
    __mathlib_dbl_underflow                  0x0800d2a1   Thumb Code    10  dunder.o(i.__mathlib_dbl_underflow)
    __scatterload_copy                       0x0800d2b1   Thumb Code    14  handlers.o(i.__scatterload_copy)
    __scatterload_null                       0x0800d2bf   Thumb Code     2  handlers.o(i.__scatterload_null)
    __scatterload_zeroinit                   0x0800d2c1   Thumb Code    14  handlers.o(i.__scatterload_zeroinit)
    __set_errno                              0x0800d2d1   Thumb Code     6  errno.o(i.__set_errno)
    asin                                     0x0800dfe9   Thumb Code   572  asin.o(i.asin)
    atan                                     0x0800e259   Thumb Code   474  atan.o(i.atan)
    atan2                                    0x0800e479   Thumb Code   346  atan2.o(i.atan2)
    sqrt                                     0x0800e5f9   Thumb Code    76  sqrt.o(i.sqrt)
    Kp                                       0x0800e644   Data           4  motor.o(.constdata)
    Ki                                       0x0800e648   Data           4  motor.o(.constdata)
    Kd                                       0x0800e64c   Data           4  motor.o(.constdata)
    reg                                      0x0800e650   Data          27  inv_mpu.o(.constdata)
    hw                                       0x0800e66c   Data          12  inv_mpu.o(.constdata)
    test                                     0x0800e678   Data          40  inv_mpu.o(.constdata)
    __mathlib_zero                           0x0800f380   Data           8  qnan.o(.constdata)
    Region$$Table$$Base                      0x0800f3d8   Number         0  anon$$obj.o(Region$$Table)
    Region$$Table$$Limit                     0x0800f3f8   Number         0  anon$$obj.o(Region$$Table)
    ID0_start                                0x20000000   Data           2  main.o(.data)
    ID0_length                               0x20000002   Data           2  main.o(.data)
    IDN_length                               0x20000004   Data           2  main.o(.data)
    ID1_start                                0x20000006   Data           2  main.o(.data)
    ID1_length                               0x20000008   Data           2  main.o(.data)
    ID2_start                                0x2000000a   Data           2  main.o(.data)
    ID2_length                               0x2000000c   Data           2  main.o(.data)
    ID3_start                                0x2000000e   Data           2  main.o(.data)
    ID3_length                               0x20000010   Data           2  main.o(.data)
    ID4_start                                0x20000012   Data           2  main.o(.data)
    ID4_length                               0x20000014   Data           2  main.o(.data)
    ID5_start                                0x20000016   Data           2  main.o(.data)
    ID5_length                               0x20000018   Data           2  main.o(.data)
    ID6_start                                0x2000001a   Data           2  main.o(.data)
    ID6_length                               0x2000001c   Data           2  main.o(.data)
    ID7_start                                0x2000001e   Data           2  main.o(.data)
    ID7_length                               0x20000020   Data           2  main.o(.data)
    ID8_start                                0x20000022   Data           2  main.o(.data)
    ID8_length                               0x20000024   Data           2  main.o(.data)
    ID9_start                                0x20000026   Data           2  main.o(.data)
    ID9_length                               0x20000028   Data           2  main.o(.data)
    ID10_start                               0x2000002a   Data           2  main.o(.data)
    ID10_length                              0x2000002c   Data           2  main.o(.data)
    ID11_start                               0x2000002e   Data           2  main.o(.data)
    ID11_length                              0x20000030   Data           2  main.o(.data)
    ID12_start                               0x20000032   Data           2  main.o(.data)
    ID12_length                              0x20000034   Data           2  main.o(.data)
    ID13_start                               0x20000036   Data           2  main.o(.data)
    ID13_length                              0x20000038   Data           2  main.o(.data)
    ID14_start                               0x2000003a   Data           2  main.o(.data)
    ID14_length                              0x2000003c   Data           2  main.o(.data)
    ID15_start                               0x2000003e   Data           2  main.o(.data)
    ID15_length                              0x20000040   Data           2  main.o(.data)
    ID16_start                               0x20000042   Data           2  main.o(.data)
    ID16_length                              0x20000044   Data           2  main.o(.data)
    ID17_start                               0x20000046   Data           2  main.o(.data)
    ID17_length                              0x20000048   Data           2  main.o(.data)
    ID18_start                               0x2000004a   Data           2  main.o(.data)
    ID18_length                              0x2000004c   Data           2  main.o(.data)
    ID19_start                               0x2000004e   Data           2  main.o(.data)
    ID19_length                              0x20000050   Data           2  main.o(.data)
    ID20_start                               0x20000052   Data           2  main.o(.data)
    ID20_length                              0x20000054   Data           2  main.o(.data)
    IDY_length                               0x20000056   Data           2  main.o(.data)
    flag                                     0x20000058   Data           4  main.o(.data)
    flag_new                                 0x2000005c   Data           1  main.o(.data)
    Room                                     0x2000005d   Data           1  main.o(.data)
    starting                                 0x2000005e   Data           1  main.o(.data)
    waiting                                  0x2000005f   Data           1  main.o(.data)
    Table_Number                             0x20000060   Data           1  main.o(.data)
    Card                                     0x20000061   Data           1  main.o(.data)
    take_out                                 0x20000062   Data           1  main.o(.data)
    agv                                      0x20000063   Data           1  main.o(.data)
    Obstacte                                 0x20000064   Data           1  main.o(.data)
    g_u16RunSpeed                            0x20000066   Data           2  main.o(.data)
    t                                        0x20000068   Data           2  main.o(.data)
    len                                      0x2000006a   Data           2  main.o(.data)
    times                                    0x2000006c   Data           2  main.o(.data)
    left1                                    0x2000006e   Data           1  main.o(.data)
    right1                                   0x2000006f   Data           1  main.o(.data)
    flag_wifi                                0x20000070   Data           1  main.o(.data)
    wifi                                     0x20000071   Data           1  main.o(.data)
    time                                     0x20000074   Data           4  main.o(.data)
    time_alive                               0x20000078   Data           4  main.o(.data)
    stop                                     0x2000007c   Data           4  main.o(.data)
    stop_flag                                0x20000080   Data           4  main.o(.data)
    pianyi                                   0x20000084   Data           1  main.o(.data)
    ID_finished                              0x20000085   Data           1  main.o(.data)
    agv_time                                 0x20000086   Data           2  main.o(.data)
    wifi_time                                0x20000088   Data           2  main.o(.data)
    zhanhui_time                             0x2000008a   Data           2  main.o(.data)
    id0_flag                                 0x2000008c   Data           1  main.o(.data)
    agv_flag                                 0x2000008d   Data           1  main.o(.data)
    wifi_ok                                  0x2000008e   Data           1  main.o(.data)
    diaot_flag                               0x2000008f   Data           1  main.o(.data)
    diaotou_flag                             0x20000090   Data           1  main.o(.data)
    wifi_flag                                0x20000091   Data           1  main.o(.data)
    work_flag                                0x20000092   Data           1  main.o(.data)
    IDfinish_flag                            0x20000093   Data           1  main.o(.data)
    IDY_flag                                 0x20000094   Data           1  main.o(.data)
    mshi                                     0x20000095   Data           1  main.o(.data)
    moshi                                    0x20000096   Data           1  main.o(.data)
    turn_flag                                0x20000097   Data           1  main.o(.data)
    zidao_flag                               0x20000098   Data           1  main.o(.data)
    walking_flag                             0x20000099   Data           1  main.o(.data)
    idka_falg                                0x2000009a   Data           1  main.o(.data)
    yihangmoshi                              0x2000009b   Data           1  main.o(.data)
    pre_walking_flag                         0x2000009c   Data           1  main.o(.data)
    NVIC_InitStructure                       0x2000009d   Data           4  main.o(.data)
    agv_update                               0x200000a1   Data           1  main.o(.data)
    ID_update                                0x200000a2   Data           1  main.o(.data)
    obstacle_update                          0x200000a3   Data           1  main.o(.data)
    pre_card                                 0x200000a4   Data           1  main.o(.data)
    pre_agv                                  0x200000a5   Data           1  main.o(.data)
    pre_Obstacte                             0x200000a6   Data           1  main.o(.data)
    changjing                                0x200000a7   Data           1  main.o(.data)
    curr_speed_left                          0x200000a8   Data           4  main.o(.data)
    curr_speed_right                         0x200000ac   Data           4  main.o(.data)
    speed_l                                  0x200000b0   Data           2  main.o(.data)
    speed_r                                  0x200000b2   Data           2  main.o(.data)
    EXTI_InitStructure                       0x200000b4   Data           8  main.o(.data)
    KA                                       0x200000bc   Data           1  main.o(.data)
    GetVal                                   0x200000be   Data           2  main.o(.data)
    pre_GetVal                               0x200000c0   Data           2  main.o(.data)
    GetValhead                               0x200000c2   Data           2  main.o(.data)
    pre_GetValhead                           0x200000c4   Data           2  main.o(.data)
    touch1                                   0x200000c6   Data           1  main.o(.data)
    pre_touch1                               0x200000c7   Data           1  main.o(.data)
    touch2                                   0x200000c8   Data           1  main.o(.data)
    touch3                                   0x200000c9   Data           1  main.o(.data)
    pre_touch2                               0x200000ca   Data           1  main.o(.data)
    pre_touch3                               0x200000cb   Data           1  main.o(.data)
    g_u8CardH                                0x200000cc   Data           1  main.o(.data)
    g_u8CardL                                0x200000cd   Data           1  main.o(.data)
    agv_cnt                                  0x200000ce   Data           1  main.o(.data)
    g_u8AutoRunFlg                           0x200000cf   Data           1  main.o(.data)
    g_u8StopFlg                              0x200000d0   Data           1  main.o(.data)
    g_u16TouchVal                            0x200000d2   Data           2  main.o(.data)
    g_u16ObstCnt                             0x200000d4   Data           4  main.o(.data)
    g_u8speed                                0x200000d8   Data           1  main.o(.data)
    g_u8ObstFlg                              0x200000d9   Data           1  main.o(.data)
    Angel                                    0x200000da   Data           2  main.o(.data)
    AngelDir                                 0x200000dc   Data           2  main.o(.data)
    SystemCoreClock                          0x200000e4   Data           4  system_stm32f10x.o(.data)
    AHBPrescTable                            0x200000e8   Data          16  system_stm32f10x.o(.data)
    SPEEDL                                   0x200000f8   Data           2  pwm.o(.data)
    SPEEDR                                   0x200000fa   Data           2  pwm.o(.data)
    dp                                       0x20000100   Data           8  pwm.o(.data)
    delay_time                               0x20000108   Data           4  pwm.o(.data)
    position_time                            0x2000010c   Data           4  pwm.o(.data)
    TIM4CH1_CAPTURE_STA                      0x20000110   Data           1  pwm.o(.data)
    TIM4CH1_CAPTURE_UPVAL                    0x20000112   Data           2  pwm.o(.data)
    TIM4CH1_CAPTURE_DOWNVAL                  0x20000114   Data           2  pwm.o(.data)
    TIM4CH2_CAPTURE_STA                      0x20000116   Data           1  pwm.o(.data)
    TIM4CH2_CAPTURE_UPVAL                    0x20000118   Data           2  pwm.o(.data)
    TIM4CH2_CAPTURE_DOWNVAL                  0x2000011a   Data           2  pwm.o(.data)
    L                                        0x2000011c   Data           1  pwm.o(.data)
    R                                        0x2000011d   Data           1  pwm.o(.data)
    g_u32CaptureNumberL                      0x20000120   Data           4  pwm.o(.data)
    g_u32CaptureNumberR                      0x20000124   Data           4  pwm.o(.data)
    g_u8SpeedDelta                           0x20000128   Data           1  pwm.o(.data)
    curr_cycle_left                          0x2000012c   Data           4  pwm.o(.data)
    curr_cycle_right                         0x20000130   Data           4  pwm.o(.data)
    pre_cycle_left                           0x20000134   Data           4  pwm.o(.data)
    pre_cycle_right                          0x20000138   Data           4  pwm.o(.data)
    tim4_T1                                  0x2000013c   Data           4  pwm.o(.data)
    tim4_T2                                  0x20000140   Data           4  pwm.o(.data)
    pwmout1                                  0x20000144   Data           4  pwm.o(.data)
    pwmout2                                  0x20000148   Data           4  pwm.o(.data)
    g_u16TouchTimer                          0x2000014c   Data           2  pwm.o(.data)
    g_u16ObstTimeCount                       0x2000014e   Data           2  pwm.o(.data)
    g_u8ObstCount                            0x20000150   Data           1  pwm.o(.data)
    g_u16SpeedChangeFlg                      0x20000152   Data           2  pwm.o(.data)
    g_S8SpeedLTarget                         0x20000154   Data           2  pwm.o(.data)
    g_S8SpeedRTarget                         0x20000156   Data           2  pwm.o(.data)
    g_S8SpeedAutoTarget                      0x20000158   Data           2  pwm.o(.data)
    g_S8SpeedLCurr                           0x2000015a   Data           2  pwm.o(.data)
    g_S8SpeedRCurr                           0x2000015c   Data           2  pwm.o(.data)
    g_S8SpeedAutoCurr                        0x2000015e   Data           2  pwm.o(.data)
    g_u8SpeedChangeTime                      0x20000160   Data           1  pwm.o(.data)
    g_u16ObstVoice                           0x20000162   Data           2  pwm.o(.data)
    g_u8MotorFeresh                          0x20000164   Data           1  pwm.o(.data)
    ii                                       0x20000166   Data           1  jiexi.o(.data)
    pos_flag                                 0x20000167   Data           1  jiexi.o(.data)
    walk_time                                0x20000168   Data           2  jiexi.o(.data)
    walking1_time                            0x2000016a   Data           2  jiexi.o(.data)
    walking2_time                            0x2000016c   Data           2  jiexi.o(.data)
    shoubi_flag                              0x2000016e   Data           1  jiexi.o(.data)
    error                                    0x20000184   Data           2  pid.o(.data)
    last_error                               0x20000186   Data           2  pid.o(.data)
    pre_error                                0x20000188   Data           2  pid.o(.data)
    error_p                                  0x20000190   Data           4  pid.o(.data)
    last_error_p                             0x20000194   Data           4  pid.o(.data)
    pre_error_P                              0x20000198   Data           4  pid.o(.data)
    Left_pwm                                 0x2000019c   Data           4  pid.o(.data)
    Right_pwm                                0x200001a0   Data           4  pid.o(.data)
    X                                        0x200001a4   Data           1  tracking.o(.data)
    Y                                        0x200001a5   Data           1  tracking.o(.data)
    zuo_chu                                  0x200001a6   Data           1  tracking.o(.data)
    you_chu                                  0x200001a7   Data           1  tracking.o(.data)
    zuo1                                     0x200001a8   Data           1  tracking.o(.data)
    zhong1                                   0x200001a9   Data           1  tracking.o(.data)
    you1                                     0x200001aa   Data           1  tracking.o(.data)
    zuo_chu1                                 0x200001ab   Data           1  tracking.o(.data)
    you_chu1                                 0x200001ac   Data           1  tracking.o(.data)
    g_u16Sum                                 0x200001ae   Data           2  tracking.o(.data)
    DEG_SPEEDR                               0x200001b0   Data           2  agv_sensor.o(.data)
    DEG_SPEEDL                               0x200001b2   Data           2  agv_sensor.o(.data)
    PositionOffsetHW                         0x200001b4   Data          16  agv_sensor.o(.data)
    Debug_SensorVal                          0x200001c4   Data           2  agv_sensor.o(.data)
    g_s8GuideVal                             0x200001c6   Data           1  agv_sensor.o(.data)
    g_u8ForkPos                              0x200001c7   Data           2  agv_sensor.o(.data)
    g_u8ForkCnt                              0x200001c9   Data           1  agv_sensor.o(.data)
    g_u16GuideSensorValLast                  0x200001ca   Data           2  agv_sensor.o(.data)
    flg                                      0x200001cc   Data           2  agv_sensor.o(.data)
    val                                      0x200001ce   Data           2  agv_sensor.o(.data)
    g_s16PosSumPre                           0x200001d0   Data           2  agv_sensor.o(.data)
    s8PosSum                                 0x200001d2   Data           2  agv_sensor.o(.data)
    poscnt                                   0x200001d4   Data           1  agv_sensor.o(.data)
    g_u8OutTrackFlg                          0x200001d5   Data           1  agv_sensor.o(.data)
    g_u8OutTrackCnt                          0x200001d6   Data           1  agv_sensor.o(.data)
    _motorDeltaTicks                         0x200001d8   Data           8  motor.o(.data)
    _motorDistAccumulated                    0x200001e0   Data           8  motor.o(.data)
    _motorDistTailing                        0x200001e8   Data           8  motor.o(.data)
    _encoderTicksDelta                       0x200001f0   Data           8  motor.o(.data)
    _lastEncoderTicksDelta                   0x200001f8   Data           8  motor.o(.data)
    _lastOdometerSpeedAbs                    0x20000200   Data           8  motor.o(.data)
    _motorCtrlStates                         0x20000208   Data           2  motor.o(.data)
    _motorSpeedMm                            0x2000020c   Data           8  motor.o(.data)
    Ldelta                                   0x20000224   Data           4  motor.o(.data)
    Rdelta                                   0x20000228   Data           4  motor.o(.data)
    dis                                      0x2000022c   Data           4  motor.o(.data)
    flag_RecFul                              0x20000270   Data           1  usart.o(.data)
    flag_alive                               0x20000271   Data           1  usart.o(.data)
    flag_ID                                  0x20000272   Data           1  usart.o(.data)
    flag_ten                                 0x20000274   Data           2  usart.o(.data)
    precard                                  0x20000276   Data           1  usart.o(.data)
    ka                                       0x20000277   Data           1  usart.o(.data)
    ka1                                      0x20000278   Data           1  usart.o(.data)
    ka2                                      0x20000279   Data           1  usart.o(.data)
    i                                        0x2000027c   Data           4  usart.o(.data)
    Actual                                   0x20000280   Data           2  usart.o(.data)
    Actual_Pwm                               0x20000282   Data           2  usart.o(.data)
    Actual_Pwm1                              0x20000284   Data           2  usart.o(.data)
    Actual_Pwm2                              0x20000286   Data           2  usart.o(.data)
    Preset_Pwm                               0x20000288   Data           2  usart.o(.data)
    biaozhi                                  0x2000028a   Data           1  usart.o(.data)
    __stdout                                 0x2000028c   Data           4  usart.o(.data)
    USART_RX_STA                             0x20000290   Data           2  usart.o(.data)
    USART1_RX_STA                            0x20000292   Data           2  usart.o(.data)
    USART2_RX_STA                            0x20000294   Data           2  usart.o(.data)
    g_u8Usart2RecLen                         0x20000296   Data           1  usart.o(.data)
    g_u8Usart2RecFlg                         0x20000297   Data           1  usart.o(.data)
    USART3_RX_STA                            0x20000298   Data           2  usart.o(.data)
    USART4_RX_STA                            0x2000029a   Data           2  usart.o(.data)
    g_u8USART1RxCnt                          0x2000029c   Data           1  usart.o(.data)
    USART5_RX_STA                            0x2000029e   Data           2  usart.o(.data)
    yaw_sum                                  0x200002bc   Data           4  posewithvoice_fun.o(.data)
    key                                      0x200002c4   Data          16  main.o(.bss)
    redata                                   0x200002d4   Data       20000  main.o(.bss)
    IDNdata                                  0x200050f4   Data       10000  main.o(.bss)
    IDYdata                                  0x20007804   Data       10000  main.o(.bss)
    curr_left                                0x20009f14   Data          40  pwm.o(.bss)
    curr_right                               0x20009f3c   Data          40  pwm.o(.bss)
    TIM4_ICInitStructure                     0x20009f64   Data          10  pwm.o(.bss)
    g_tFootMotorPID                          0x20009f70   Data          56  pid.o(.bss)
    sumpos                                   0x20009fd0   Data          16  agv_sensor.o(.bss)
    TxBuffer5                                0x20009ff0   Data         100  usart.o(.bss)
    USART_RX_BUF                             0x2000a054   Data         200  usart.o(.bss)
    USART1_RX_BUF                            0x2000a11c   Data          64  usart.o(.bss)
    USART2_RX_BUF                            0x2000a15c   Data          32  usart.o(.bss)
    g_tUSART2RxRingBuf                       0x2000a17c   Data          20  usart.o(.bss)
    USART3_RX_BUF                            0x2000a190   Data         200  usart.o(.bss)
    g_cUSART3RxBuffer                        0x2000a258   Data         256  usart.o(.bss)
    g_cUSART3TxBuffer                        0x2000a358   Data         256  usart.o(.bss)
    g_tUSART3RxRingBuf                       0x2000a458   Data          20  usart.o(.bss)
    g_tUSART3TxRingBuf                       0x2000a46c   Data          20  usart.o(.bss)
    USART4_RX_BUF                            0x2000a480   Data         200  usart.o(.bss)
    USART5_RX_BUF                            0x2000a548   Data         200  usart.o(.bss)
    g_tVoiceCtl                              0x2000a610   Data          14  posewithvoice_fun.o(.bss)
    __initial_sp                             0x2000aa20   Data           0  startup_stm32f10x_hd.o(STACK)



==============================================================================

Memory Map of the image

  Image Entry point : 0x08000131

  Load Region LR_IROM1 (Base: 0x08000000, Size: 0x0000f6bc, Max: 0x00080000, ABSOLUTE, COMPRESSED[0x0000f470])

    Execution Region ER_IROM1 (Base: 0x08000000, Size: 0x0000f3f8, Max: 0x00080000, ABSOLUTE)

    Base Addr    Size         Type   Attr      Idx    E Section Name        Object

    0x08000000   0x00000130   Data   RO          690    RESET               startup_stm32f10x_hd.o
    0x08000130   0x00000000   Code   RO          834  * .ARM.Collect$$$$00000000  mc_w.l(entry.o)
    0x08000130   0x00000004   Code   RO         1183    .ARM.Collect$$$$00000001  mc_w.l(entry2.o)
    0x08000134   0x00000004   Code   RO         1186    .ARM.Collect$$$$00000004  mc_w.l(entry5.o)
    0x08000138   0x00000000   Code   RO         1188    .ARM.Collect$$$$00000008  mc_w.l(entry7b.o)
    0x08000138   0x00000000   Code   RO         1190    .ARM.Collect$$$$0000000A  mc_w.l(entry8b.o)
    0x08000138   0x00000008   Code   RO         1191    .ARM.Collect$$$$0000000B  mc_w.l(entry9a.o)
    0x08000140   0x00000000   Code   RO         1193    .ARM.Collect$$$$0000000D  mc_w.l(entry10a.o)
    0x08000140   0x00000000   Code   RO         1195    .ARM.Collect$$$$0000000F  mc_w.l(entry11a.o)
    0x08000140   0x00000004   Code   RO         1184    .ARM.Collect$$$$00002712  mc_w.l(entry2.o)
    0x08000144   0x00001074   Code   RO            1    .text               main.o
    0x080011b8   0x0000001a   Code   RO          190    .text               stm32f10x_it.o
    0x080011d2   0x00000002   PAD
    0x080011d4   0x000001e0   Code   RO          231    .text               system_stm32f10x.o
    0x080013b4   0x000003d8   Code   RO          261    .text               pwm.o
    0x0800178c   0x00000190   Code   RO          305    .text               gpio.o
    0x0800191c   0x00003898   Code   RO          317    .text               jiexi.o
    0x080051b4   0x000003c0   Code   RO          356    .text               pid.o
    0x08005574   0x00000154   Code   RO          387    .text               tracking.o
    0x080056c8   0x000000d0   Code   RO          406    .text               wtc7514.o
    0x08005798   0x00000258   Code   RO          418    .text               myiic.o
    0x080059f0   0x00000398   Code   RO          430    .text               agv_sensor.o
    0x08005d88   0x000000b8   Code   RO          453    .text               iflytek.o
    0x08005e40   0x000006dc   Code   RO          465    .text               motor.o
    0x0800651c   0x00000368   Code   RO          487    .text               mpu6050.o
    0x08006884   0x00000224   Code   RO          505    .text               mpuiic.o
    0x08006aa8   0x0000228c   Code   RO          517    .text               inv_mpu.o
    0x08008d34   0x00000d70   Code   RO          544    .text               inv_mpu_dmp_motion_driver.o
    0x08009aa4   0x000000cc   Code   RO          569    .text               wifiap.o
    0x08009b70   0x000000d4   Code   RO          589    .text               delay.o
    0x08009c44   0x0000089c   Code   RO          620    .text               usart.o
    0x0800a4e0   0x00000214   Code   RO          648    .text               cmdprase.o
    0x0800a6f4   0x00000232   Code   RO          666    .text               ring_buffer.o
    0x0800a926   0x00000002   PAD
    0x0800a928   0x00000024   Code   RO          691    .text               startup_stm32f10x_hd.o
    0x0800a94c   0x000000dc   Code   RO          695    .text               misc.o
    0x0800aa28   0x0000035c   Code   RO          719    .text               stm32f10x_gpio.o
    0x0800ad84   0x000003a4   Code   RO          731    .text               stm32f10x_rcc.o
    0x0800b128   0x00000e1a   Code   RO          745    .text               stm32f10x_tim.o
    0x0800bf42   0x00000002   PAD
    0x0800bf44   0x00000408   Code   RO          757    .text               stm32f10x_usart.o
    0x0800c34c   0x0000011c   Code   RO          769    .text               stm32f10x_exti.o
    0x0800c468   0x000001bc   Code   RO          781    .text               posewithvoice_fun.o
    0x0800c624   0x0000005a   Code   RO          800    .text               common.o
    0x0800c67e   0x00000062   Code   RO          837    .text               mc_w.l(ldiv.o)
    0x0800c6e0   0x00000024   Code   RO          839    .text               mc_w.l(memcpya.o)
    0x0800c704   0x00000024   Code   RO          841    .text               mc_w.l(memseta.o)
    0x0800c728   0x00000024   Code   RO          843    .text               mc_w.l(strstr.o)
    0x0800c74c   0x0000001a   Code   RO          845    .text               mc_w.l(memcmp.o)
    0x0800c766   0x000000b0   Code   RO         1110    .text               mf_w.l(fadd.o)
    0x0800c816   0x00000064   Code   RO         1112    .text               mf_w.l(fmul.o)
    0x0800c87a   0x0000007c   Code   RO         1114    .text               mf_w.l(fdiv.o)
    0x0800c8f6   0x0000014e   Code   RO         1116    .text               mf_w.l(dadd.o)
    0x0800ca44   0x000000e4   Code   RO         1118    .text               mf_w.l(dmul.o)
    0x0800cb28   0x000000de   Code   RO         1120    .text               mf_w.l(ddiv.o)
    0x0800cc06   0x00000012   Code   RO         1122    .text               mf_w.l(fflti.o)
    0x0800cc18   0x0000000a   Code   RO         1124    .text               mf_w.l(ffltui.o)
    0x0800cc22   0x00000022   Code   RO         1126    .text               mf_w.l(dflti.o)
    0x0800cc44   0x0000001a   Code   RO         1128    .text               mf_w.l(dfltui.o)
    0x0800cc5e   0x00000032   Code   RO         1130    .text               mf_w.l(ffixi.o)
    0x0800cc90   0x00000028   Code   RO         1132    .text               mf_w.l(ffixui.o)
    0x0800ccb8   0x0000003e   Code   RO         1134    .text               mf_w.l(dfixi.o)
    0x0800ccf6   0x00000032   Code   RO         1136    .text               mf_w.l(dfixui.o)
    0x0800cd28   0x00000026   Code   RO         1138    .text               mf_w.l(f2d.o)
    0x0800cd4e   0x00000038   Code   RO         1140    .text               mf_w.l(d2f.o)
    0x0800cd86   0x00000002   PAD
    0x0800cd88   0x00000014   Code   RO         1142    .text               mf_w.l(cfcmple.o)
    0x0800cd9c   0x00000014   Code   RO         1144    .text               mf_w.l(cfrcmple.o)
    0x0800cdb0   0x0000002c   Code   RO         1197    .text               mc_w.l(uidiv.o)
    0x0800cddc   0x00000062   Code   RO         1199    .text               mc_w.l(uldiv.o)
    0x0800ce3e   0x0000001e   Code   RO         1201    .text               mc_w.l(llshl.o)
    0x0800ce5c   0x00000020   Code   RO         1203    .text               mc_w.l(llushr.o)
    0x0800ce7c   0x00000024   Code   RO         1205    .text               mc_w.l(llsshr.o)
    0x0800cea0   0x00000000   Code   RO         1214    .text               mc_w.l(iusefp.o)
    0x0800cea0   0x0000006e   Code   RO         1215    .text               mf_w.l(fepilogue.o)
    0x0800cf0e   0x000000ba   Code   RO         1217    .text               mf_w.l(depilogue.o)
    0x0800cfc8   0x0000002e   Code   RO         1219    .text               mf_w.l(dscalb.o)
    0x0800cff6   0x00000030   Code   RO         1221    .text               mf_w.l(dfixul.o)
    0x0800d026   0x00000002   PAD
    0x0800d028   0x00000030   Code   RO         1223    .text               mf_w.l(cdrcmple.o)
    0x0800d058   0x00000024   Code   RO         1225    .text               mc_w.l(init.o)
    0x0800d07c   0x000000a2   Code   RO         1227    .text               mf_w.l(dsqrt.o)
    0x0800d11e   0x00000056   Code   RO         1239    .text               mc_w.l(__dczerorl2.o)
    0x0800d174   0x00000020   Code   RO         1056    i.__0printf$8       mc_w.l(printf8.o)
    0x0800d194   0x00000024   Code   RO         1087    i.__0vsnprintf      mc_w.l(printfa.o)
    0x0800d1b8   0x00000028   Code   RO         1170    i.__ARM_fpclassify  m_ws.l(fpclassify.o)
    0x0800d1e0   0x000000aa   Code   RO         1172    i.__kernel_poly     m_ws.l(poly.o)
    0x0800d28a   0x00000006   Code   RO         1157    i.__mathlib_dbl_infnan  m_ws.l(dunder.o)
    0x0800d290   0x00000004   Code   RO         1158    i.__mathlib_dbl_infnan2  m_ws.l(dunder.o)
    0x0800d294   0x0000000c   Code   RO         1159    i.__mathlib_dbl_invalid  m_ws.l(dunder.o)
    0x0800d2a0   0x00000010   Code   RO         1162    i.__mathlib_dbl_underflow  m_ws.l(dunder.o)
    0x0800d2b0   0x0000000e   Code   RO         1233    i.__scatterload_copy  mc_w.l(handlers.o)
    0x0800d2be   0x00000002   Code   RO         1234    i.__scatterload_null  mc_w.l(handlers.o)
    0x0800d2c0   0x0000000e   Code   RO         1235    i.__scatterload_zeroinit  mc_w.l(handlers.o)
    0x0800d2ce   0x00000002   PAD
    0x0800d2d0   0x0000000c   Code   RO         1209    i.__set_errno       mc_w.l(errno.o)
    0x0800d2dc   0x00000164   Code   RO         1089    i._fp_digits        mc_w.l(printfa.o)
    0x0800d440   0x00000410   Code   RO         1063    i._printf_core      mc_w.l(printf8.o)
    0x0800d850   0x000006dc   Code   RO         1090    i._printf_core      mc_w.l(printfa.o)
    0x0800df2c   0x00000024   Code   RO         1064    i._printf_post_padding  mc_w.l(printf8.o)
    0x0800df50   0x00000024   Code   RO         1091    i._printf_post_padding  mc_w.l(printfa.o)
    0x0800df74   0x0000002e   Code   RO         1065    i._printf_pre_padding  mc_w.l(printf8.o)
    0x0800dfa2   0x0000002e   Code   RO         1092    i._printf_pre_padding  mc_w.l(printfa.o)
    0x0800dfd0   0x00000016   Code   RO         1093    i._snputc           mc_w.l(printfa.o)
    0x0800dfe6   0x00000002   PAD
    0x0800dfe8   0x00000270   Code   RO          817    i.asin              m_ws.l(asin.o)
    0x0800e258   0x00000220   Code   RO         1147    i.atan              m_ws.l(atan.o)
    0x0800e478   0x00000180   Code   RO          827    i.atan2             m_ws.l(atan2.o)
    0x0800e5f8   0x0000004c   Code   RO         1176    i.sqrt              m_ws.l(sqrt.o)
    0x0800e644   0x0000000c   Data   RO          466    .constdata          motor.o
    0x0800e650   0x00000050   Data   RO          518    .constdata          inv_mpu.o
    0x0800e6a0   0x00000bf6   Data   RO          546    .constdata          inv_mpu_dmp_motion_driver.o
    0x0800f296   0x00000002   PAD
    0x0800f298   0x00000050   Data   RO          818    .constdata          m_ws.l(asin.o)
    0x0800f2e8   0x00000098   Data   RO         1148    .constdata          m_ws.l(atan.o)
    0x0800f380   0x00000008   Data   RO         1174    .constdata          m_ws.l(qnan.o)
    0x0800f388   0x0000004d   Data   RO          519    .conststring        inv_mpu.o
    0x0800f3d5   0x00000003   PAD
    0x0800f3d8   0x00000020   Data   RO         1231    Region$$Table       anon$$obj.o


    Execution Region RW_IRAM1 (Base: 0x20000000, Size: 0x0000aa20, Max: 0x00010000, ABSOLUTE, COMPRESSED[0x00000078])

    Base Addr    Size         Type   Attr      Idx    E Section Name        Object

    0x20000000   0x000000e1   Data   RW            3    .data               main.o
    0x200000e1   0x00000003   PAD
    0x200000e4   0x00000014   Data   RW          232    .data               system_stm32f10x.o
    0x200000f8   0x0000006d   Data   RW          263    .data               pwm.o
    0x20000165   0x00000001   PAD
    0x20000166   0x0000001e   Data   RW          318    .data               jiexi.o
    0x20000184   0x00000020   Data   RW          358    .data               pid.o
    0x200001a4   0x0000000c   Data   RW          388    .data               tracking.o
    0x200001b0   0x00000027   Data   RW          432    .data               agv_sensor.o
    0x200001d7   0x00000001   PAD
    0x200001d8   0x0000005c   Data   RW          467    .data               motor.o
    0x20000234   0x00000035   Data   RW          520    .data               inv_mpu.o
    0x20000269   0x00000001   PAD
    0x2000026a   0x00000004   Data   RW          590    .data               delay.o
    0x2000026e   0x00000002   PAD
    0x20000270   0x00000032   Data   RW          622    .data               usart.o
    0x200002a2   0x00000014   Data   RW          732    .data               stm32f10x_rcc.o
    0x200002b6   0x00000002   PAD
    0x200002b8   0x00000008   Data   RW          783    .data               posewithvoice_fun.o
    0x200002c0   0x00000004   Data   RW         1210    .data               mc_w.l(errno.o)
    0x200002c4   0x00009c50   Zero   RW            2    .bss                main.o
    0x20009f14   0x0000005a   Zero   RW          262    .bss                pwm.o
    0x20009f6e   0x00000002   PAD
    0x20009f70   0x00000060   Zero   RW          357    .bss                pid.o
    0x20009fd0   0x00000010   Zero   RW          431    .bss                agv_sensor.o
    0x20009fe0   0x00000010   Zero   RW          545    .bss                inv_mpu_dmp_motion_driver.o
    0x20009ff0   0x00000620   Zero   RW          621    .bss                usart.o
    0x2000a610   0x0000000e   Zero   RW          782    .bss                posewithvoice_fun.o
    0x2000a61e   0x00000002   PAD
    0x2000a620   0x00000400   Zero   RW          688    STACK               startup_stm32f10x_hd.o


==============================================================================

Image component sizes


      Code (inc. data)   RO Data    RW Data    ZI Data      Debug   Object Name

       920         92          0         39         16       3994   agv_sensor.o
       532          4          0          0          0       4255   cmdprase.o
        90          0          0          0          0      17061   common.o
       212         18          0          4          0       1063   delay.o
       400         24          0          0          0       1569   gpio.o
       184         20          0          0          0        602   iflytek.o
      8844        196        157         53          0      23305   inv_mpu.o
      3440        126       3062          0         16      15147   inv_mpu_dmp_motion_driver.o
     14488       1290          0         30          0      14891   jiexi.o
      4212        722          0        225      40016     270205   main.o
       220         22          0          0          0       1841   misc.o
      1756        146         12         92          0       7337   motor.o
       872         18          0          0          0       4199   mpu6050.o
       548         12          0          0          0       2010   mpuiic.o
       600         14          0          0          0       1880   myiic.o
       960         66          0         32         96       5191   pid.o
       444         34          0          8         14       1958   posewithvoice_fun.o
       984         80          0        109         90       5469   pwm.o
       562          0          0          0          0       3948   ring_buffer.o
        36          8        304          0       1024        800   startup_stm32f10x_hd.o
       284         10          0          0          0       2275   stm32f10x_exti.o
       860         38          0          0          0       5689   stm32f10x_gpio.o
        26          0          0          0          0       1202   stm32f10x_it.o
       932         36          0         20          0       8884   stm32f10x_rcc.o
      3610         88          0          0          0      22172   stm32f10x_tim.o
      1032         22          0          0          0       8412   stm32f10x_usart.o
         0          0          0          0          0         32   sys.o
       480         38          0         20          0       1803   system_stm32f10x.o
       340         58          0         12          0       1573   tracking.o
      2204        152          0         50       1568       9676   usart.o
       204          8          0          0          0       1738   wifiap.o
       208          0          0          0          0       1431   wtc7514.o

    ----------------------------------------------------------------------
     50490       3342       3572        704      42844     451612   Object Totals
         0          0         32          0          0          0   (incl. Generated)
         6          0          5         10          4          0   (incl. Padding)

    ----------------------------------------------------------------------

      Code (inc. data)   RO Data    RW Data    ZI Data      Debug   Library Member Name

       624         52         80          0          0        168   asin.o
       544         70        152          0          0        124   atan.o
       384         38          0          0          0        144   atan2.o
        38          6          0          0          0        272   dunder.o
        40          0          0          0          0         68   fpclassify.o
       170          0          0          0          0         96   poly.o
         0          0          8          0          0          0   qnan.o
        76          0          0          0          0         84   sqrt.o
        86          0          0          0          0          0   __dczerorl2.o
         0          0          0          0          0          0   entry.o
         0          0          0          0          0          0   entry10a.o
         0          0          0          0          0          0   entry11a.o
         8          4          0          0          0          0   entry2.o
         4          0          0          0          0          0   entry5.o
         0          0          0          0          0          0   entry7b.o
         0          0          0          0          0          0   entry8b.o
         8          4          0          0          0          0   entry9a.o
        12          6          0          4          0         68   errno.o
        30          0          0          0          0          0   handlers.o
        36          8          0          0          0         68   init.o
         0          0          0          0          0          0   iusefp.o
        98          0          0          0          0         84   ldiv.o
        30          0          0          0          0         68   llshl.o
        36          0          0          0          0         68   llsshr.o
        32          0          0          0          0         68   llushr.o
        26          0          0          0          0         80   memcmp.o
        36          0          0          0          0         68   memcpya.o
        36          0          0          0          0        108   memseta.o
      1154         54          0          0          0        352   printf8.o
      2252         84          0          0          0        508   printfa.o
        36          0          0          0          0         80   strstr.o
        44          0          0          0          0         80   uidiv.o
        98          0          0          0          0         92   uldiv.o
        48          0          0          0          0         68   cdrcmple.o
        20          0          0          0          0         68   cfcmple.o
        20          0          0          0          0         68   cfrcmple.o
        56          0          0          0          0         88   d2f.o
       334          0          0          0          0        148   dadd.o
       222          0          0          0          0        100   ddiv.o
       186          0          0          0          0        176   depilogue.o
        62          0          0          0          0         80   dfixi.o
        50          0          0          0          0         76   dfixui.o
        48          0          0          0          0         68   dfixul.o
        34          0          0          0          0         76   dflti.o
        26          0          0          0          0         76   dfltui.o
       228          0          0          0          0         96   dmul.o
        46          0          0          0          0         80   dscalb.o
       162          0          0          0          0        100   dsqrt.o
        38          0          0          0          0         68   f2d.o
       176          0          0          0          0        140   fadd.o
       124          0          0          0          0         88   fdiv.o
       110          0          0          0          0        168   fepilogue.o
        50          0          0          0          0         68   ffixi.o
        40          0          0          0          0         68   ffixui.o
        18          0          0          0          0         68   fflti.o
        10          0          0          0          0         68   ffltui.o
       100          0          0          0          0         76   fmul.o

    ----------------------------------------------------------------------
      8154        326        240          4          0       4928   Library Totals
         8          0          0          0          0          0   (incl. Padding)

    ----------------------------------------------------------------------

      Code (inc. data)   RO Data    RW Data    ZI Data      Debug   Library Name

      1876        166        240          0          0        956   m_ws.l
      4062        160          0          4          0       1792   mc_w.l
      2208          0          0          0          0       2180   mf_w.l

    ----------------------------------------------------------------------
      8154        326        240          4          0       4928   Library Totals

    ----------------------------------------------------------------------

==============================================================================


      Code (inc. data)   RO Data    RW Data    ZI Data      Debug   

     58644       3668       3812        708      42844     451052   Grand Totals
     58644       3668       3812        120      42844     451052   ELF Image Totals (compressed)
     58644       3668       3812        120          0          0   ROM Totals

==============================================================================

    Total RO  Size (Code + RO Data)                62456 (  60.99kB)
    Total RW  Size (RW Data + ZI Data)             43552 (  42.53kB)
    Total ROM Size (Code + RO Data + RW Data)      62576 (  61.11kB)

==============================================================================

